2025-08-07 13:10:05,732 - INFO - ============================================================
2025-08-07 13:10:05,732 - INFO - INTEGRATE-3-6-04 完全抽出プロセス開始
2025-08-07 13:10:05,733 - INFO - 開始時刻: 2025-08-07 13:10:05.732542
2025-08-07 13:10:05,733 - INFO - ============================================================
2025-08-07 13:10:05,733 - INFO - 🚀 INTEGRATE-3-6-04 完全抽出開始
2025-08-07 13:10:05,741 - INFO - 📊 処理状況:
2025-08-07 13:10:05,741 - INFO -   対象画像: 24枚
2025-08-07 13:10:05,741 - INFO -   処理済み: 24枚
2025-08-07 13:10:05,741 - INFO -   未処理: 0枚
2025-08-07 13:10:06,679 - INFO - 実行コマンド: python3 tools/core/sam_yolo_character_segment.py --mode reproduce-auto --input_dir /mnt/c/AItools/lora/train/yado/org/kana08/ --output_dir /mnt/c/AItools/lora/train/yado/tracker-workspace/INTEGRATE-3-6-04/extraction --score_threshold 0.07
2025-08-07 13:12:03,929 - INFO - [抽出] 進捗: 1/26 - kana08_0000_cover.jpg
2025-08-07 13:12:03,936 - INFO - [抽出] 進捗: 2/26 - kana08_0001.jpg
2025-08-07 13:12:03,936 - INFO - [抽出] ✅ 保存完了: kana08_0001.jpg (品質: 0.762)
2025-08-07 13:12:03,937 - INFO - [抽出] 進捗: 3/26 - kana08_0002.jpg
2025-08-07 13:12:59,386 - INFO - [抽出] ✅ 保存完了: kana08_0002.jpg (品質: 0.636)
2025-08-07 13:12:59,388 - INFO - [抽出] 進捗: 4/26 - kana08_0003.jpg
2025-08-07 13:12:59,388 - INFO - [抽出] ✅ 保存完了: kana08_0003.jpg (品質: 0.684)
2025-08-07 13:12:59,388 - INFO - [抽出] 進捗: 5/26 - kana08_0004.jpg
2025-08-07 13:12:59,388 - INFO - [抽出] ✅ 保存完了: kana08_0004.jpg (品質: 0.822)
2025-08-07 13:12:59,389 - INFO - [抽出] 進捗: 6/26 - kana08_0005.jpg
2025-08-07 13:14:18,933 - INFO - [抽出] ✅ 保存完了: kana08_0005.jpg (品質: 0.763)
2025-08-07 13:14:18,933 - INFO - [抽出] 進捗: 7/26 - kana08_0006.jpg
2025-08-07 13:14:18,933 - INFO - [抽出] ✅ 保存完了: kana08_0006.jpg (品質: 0.561)
2025-08-07 13:14:18,934 - INFO - [抽出] 進捗: 8/26 - kana08_0007.jpg
2025-08-07 13:15:03,875 - INFO - [抽出] ✅ 保存完了: kana08_0007.jpg (品質: 0.657)
2025-08-07 13:15:03,876 - INFO - [抽出] 進捗: 9/26 - kana08_0008.jpg
2025-08-07 13:15:03,876 - INFO - [抽出] ✅ 保存完了: kana08_0008.jpg (品質: 0.803)
2025-08-07 13:15:03,876 - INFO - [抽出] 進捗: 10/26 - kana08_0009.jpg
2025-08-07 13:16:01,860 - INFO - [抽出] ✅ 保存完了: kana08_0009.jpg (品質: 0.261)
2025-08-07 13:16:01,861 - INFO - [抽出] 進捗: 11/26 - kana08_0010.jpg
2025-08-07 13:16:01,861 - INFO - [抽出] ✅ 保存完了: kana08_0010.jpg (品質: 0.408)
2025-08-07 13:16:01,861 - INFO - [抽出] 進捗: 12/26 - kana08_0011.jpg
2025-08-07 13:16:50,622 - INFO - [抽出] ✅ 保存完了: kana08_0011.jpg (品質: 0.651)
2025-08-07 13:16:50,623 - INFO - [抽出] 進捗: 13/26 - kana08_0012.jpg
2025-08-07 13:16:50,623 - INFO - [抽出] ✅ 保存完了: kana08_0012.jpg (品質: 0.613)
2025-08-07 13:16:50,623 - INFO - [抽出] 進捗: 14/26 - kana08_0013.jpg
2025-08-07 13:17:40,037 - INFO - [抽出] ✅ 保存完了: kana08_0013.jpg (品質: 0.488)
2025-08-07 13:17:40,037 - INFO - [抽出] 進捗: 15/26 - kana08_0014.jpg
2025-08-07 13:17:40,038 - INFO - [抽出] ✅ 保存完了: kana08_0014.jpg (品質: 0.631)
2025-08-07 13:17:40,038 - INFO - [抽出] 進捗: 16/26 - kana08_0015.jpg
2025-08-07 13:17:40,038 - INFO - [抽出] ✅ 保存完了: kana08_0015.jpg (品質: 0.566)
2025-08-07 13:17:40,038 - INFO - [抽出] 進捗: 17/26 - kana08_0016.jpg
2025-08-07 13:18:46,870 - INFO - [抽出] ✅ 保存完了: kana08_0016.jpg (品質: 0.748)
2025-08-07 13:18:46,870 - INFO - [抽出] 進捗: 18/26 - kana08_0017.jpg
2025-08-07 13:18:46,870 - INFO - [抽出] ✅ 保存完了: kana08_0017.jpg (品質: 0.743)
2025-08-07 13:18:46,871 - INFO - [抽出] 進捗: 19/26 - kana08_0018.jpg
2025-08-07 13:19:24,427 - INFO - [抽出] ✅ 保存完了: kana08_0018.jpg (品質: 0.405)
2025-08-07 13:19:24,427 - INFO - [抽出] 進捗: 20/26 - kana08_0019.jpg
2025-08-07 13:19:24,427 - INFO - [抽出] ✅ 保存完了: kana08_0019.jpg (品質: 0.460)
2025-08-07 13:19:24,427 - INFO - [抽出] 進捗: 21/26 - kana08_0020.jpg
2025-08-07 13:20:10,264 - INFO - [抽出] ✅ 保存完了: kana08_0020.jpg (品質: 0.620)
2025-08-07 13:20:10,265 - INFO - [抽出] 進捗: 22/26 - kana08_0021.jpg
2025-08-07 13:20:10,265 - INFO - [抽出] ✅ 保存完了: kana08_0021.jpg (品質: 0.679)
2025-08-07 13:20:10,265 - INFO - [抽出] 進捗: 23/26 - kana08_0022.jpg
2025-08-07 13:21:14,329 - INFO - [抽出] ✅ 保存完了: kana08_0022.jpg (品質: 0.311)
2025-08-07 13:21:14,330 - INFO - [抽出] 進捗: 24/26 - kana08_0023.jpg
2025-08-07 13:21:14,330 - INFO - [抽出] ✅ 保存完了: kana08_0023.jpg (品質: 0.437)
2025-08-07 13:21:14,330 - INFO - [抽出] 進捗: 25/26 - kana08_0024.jpg
2025-08-07 13:21:14,694 - INFO - [抽出] ✅ 保存完了: kana08_0024.jpg (品質: 0.483)
2025-08-07 13:21:14,695 - INFO - [抽出] 進捗: 26/26 - kana08_0025_cover.jpg
2025-08-07 13:21:15,644 - INFO - ✅ 抽出処理正常完了
2025-08-07 13:21:15,704 - INFO - 📊 最終結果分析:
2025-08-07 13:21:15,704 - INFO -   総ファイル数: 24枚
2025-08-07 13:21:15,705 - INFO -   総容量: 2.15MB
2025-08-07 13:21:15,705 - INFO -   平均サイズ: 91.8KB
2025-08-07 13:21:15,705 - INFO -   最大: kana08_0014.jpg (790.7KB)
2025-08-07 13:21:15,705 - INFO -   最小: kana08_0019.jpg (12.1KB)
2025-08-07 13:21:16,492 - ERROR - Pushover通知エラー: read of closed file
2025-08-07 13:21:17,500 - ERROR - Pushover通知エラー: read of closed file
2025-08-07 13:21:18,509 - ERROR - Pushover通知エラー: read of closed file
2025-08-07 13:21:19,510 - INFO - ✅ 完了通知送信完了
2025-08-07 13:21:19,511 - INFO - ============================================================
2025-08-07 13:21:19,512 - INFO - 処理完了時刻: 2025-08-07 13:21:19.511191
2025-08-07 13:21:19,512 - INFO - 処理時間: 0:11:13.778649
2025-08-07 13:21:19,512 - INFO - 最終ファイル数: 24枚
2025-08-07 13:21:19,512 - INFO - ============================================================
