Warning: EasyOCR not available. Text detection will be disabled.
Warning: rembg not available. Background removal will use mask-based method.
✅ 日本語フォント設定完了: Noto Sans CJK JP
🎌 アニメモード: スコア閾値を 0.07 → 0.05 に調整
🔄 開始: SAMモデル読み込み (RAM: 637.6MB, GPU: 0.0MB)
SAMモデルを読み込み中... (vit_h)
✅ 完了: SAMモデル読み込み (49.99秒, RAM: 781.8MB, GPU: 2509.6MB)
🔄 開始: YOLOモデル読み込み (RAM: 781.8MB, GPU: 2509.6MB)
🎌 アニメモード: より大きなYOLOモデルで検出精度向上を試行します
アニメ用YOLOモデルを試行中... (yolov8x.pt)
✅ アニメ用YOLOモデルを読み込み完了: yolov8x.pt
デバイス: cuda
✅ 完了: YOLOモデル読み込み (1.43秒, RAM: 1043.8MB, GPU: 2509.6MB)
=== システム情報 ===
CPU: 12 コア
RAM: 19.5GB
GPU: NVIDIA GeForce RTX 4070 Ti SUPER
GPU RAM: 16.0GB
====================
🔄 開始: ファイル収集 (RAM: 1043.8MB, GPU: 2509.6MB)
処理対象画像数: 26 (重複除去後)
✅ 完了: ファイル収集 (0.09秒, RAM: 1043.8MB, GPU: 2509.6MB)

進捗: 1/26 - kana08_0000_cover.jpg
🔄 開始: 画像読み込み (RAM: 1044.0MB, GPU: 2509.6MB)
✅ 完了: 画像読み込み (0.12秒, RAM: 1063.5MB, GPU: 2509.6MB)
カラー判定: 最大チャンネル差分=39.361, 閾値=0.01, 結果=カラー
スキップ: カラー画像です - kana08_0000_cover.jpg

進捗: 2/26 - kana08_0001.jpg
🔄 開始: 画像読み込み (RAM: 1046.7MB, GPU: 2509.6MB)
✅ 完了: 画像読み込み (0.06秒, RAM: 1064.5MB, GPU: 2509.6MB)
カラー判定: 最大チャンネル差分=0.000, 閾値=0.01, 結果=グレースケール
🔄 開始: SAMマスク生成 (RAM: 1103.7MB, GPU: 2509.6MB)
SAMでマスクを生成中...
生成されたマスク数: 93
マスク面積統計: 最小=499, 最大=845407, 平均=59298
✅ 完了: SAMマスク生成 (44.96秒, RAM: 2079.8MB, GPU: 2541.6MB)
🔄 開始: YOLO人物検出フィルタリング (RAM: 2079.8MB, GPU: 2541.6MB)
YOLOv8で人物検出スコアを計算中...
YOLOv8で93個のマスクを評価開始...
YOLO処理済み: 10/93 (現在のスコア: 0.000)
YOLO処理済み: 20/93 (現在のスコア: 0.000)
YOLO処理済み: 30/93 (現在のスコア: 0.000)
YOLO処理済み: 40/93 (現在のスコア: 0.000)
YOLO処理済み: 50/93 (現在のスコア: 0.015)
YOLO処理済み: 60/93 (現在のスコア: 0.287)
YOLO処理済み: 70/93 (現在のスコア: 0.020)
YOLO処理済み: 80/93 (現在のスコア: 0.519)
YOLO処理済み: 90/93 (現在のスコア: 0.000)
人物検出スコア >= 0.05 のマスク数: 32
YOLO検出スコア統計: 最高=0.847, 最低=0.000, 平均=0.112
上位10スコア: ['0.847', '0.817', '0.790', '0.734', '0.684', '0.640', '0.611', '0.521', '0.519', '0.465']
🎌 アニメモード使用中: yolov8x.pt
✅ 完了: YOLO人物検出フィルタリング (2.68秒, RAM: 2101.9MB, GPU: 2805.5MB)
🎯 複数キャラクター検出: 32個 → 複合スコアで最適選択
⚠️ マスク数制限: 32個 → 20個に制限
🎯 複合スコア評価開始 (基準: balanced, 20個のマスク)
   マスク1: 総合=0.477 (面積=0.20, 全身=0.31, 中央=0.55, 接地=0.97, YOLO=0.85)
   マスク2: 総合=0.408 (面積=0.07, 全身=0.28, 中央=0.43, 接地=0.99, YOLO=0.82)
   マスク3: 総合=0.414 (面積=0.07, 全身=0.26, 中央=0.75, 接地=0.67, YOLO=0.79)
   マスク4: 総合=0.805 (面積=0.67, 全身=0.89, 中央=0.80, 接地=0.99, YOLO=0.73)
   マスク5: 総合=0.564 (面積=0.11, 全身=0.82, 中央=0.80, 接地=0.65, YOLO=0.68)
   マスク6: 総合=0.462 (面積=0.19, 全身=0.29, 中央=0.60, 接地=1.00, YOLO=0.64)
   マスク7: 総合=0.575 (面積=0.19, 全身=0.79, 中央=0.55, 接地=1.00, YOLO=0.61)
   マスク8: 総合=0.414 (面積=0.07, 全身=0.33, 中央=0.80, 接地=0.65, YOLO=0.52)
   マスク9: 総合=0.347 (面積=0.08, 全身=0.00, 中央=0.76, 接地=0.79, YOLO=0.52)
   マスク10: 総合=0.437 (面積=0.05, 全身=0.32, 中央=0.79, 接地=0.93, YOLO=0.47)
   マスク11: 総合=0.441 (面積=0.13, 全身=0.42, 中央=0.51, 接地=1.00, YOLO=0.43)
   マスク12: 総合=0.335 (面積=0.01, 全身=0.33, 中央=0.42, 接地=0.90, YOLO=0.33)
   マスク13: 総合=0.514 (面積=0.02, 全身=0.90, 中央=0.53, 接地=0.97, YOLO=0.30)
   マスク14: 総合=0.436 (面積=0.03, 全身=0.44, 中央=0.86, 接地=0.79, YOLO=0.29)
   マスク15: 総合=0.451 (面積=0.07, 全身=0.62, 中央=0.56, 接地=0.97, YOLO=0.18)
   マスク16: 総合=0.278 (面積=0.10, 全身=0.00, 中央=0.66, 接地=0.67, YOLO=0.15)
   マスク17: 総合=0.405 (面積=0.10, 全身=0.59, 中央=0.56, 接地=0.68, YOLO=0.15)
   マスク18: 総合=0.402 (面積=0.04, 全身=0.48, 中央=0.79, 接地=0.65, YOLO=0.15)
   マスク19: 総合=0.344 (面積=0.02, 全身=0.15, 中央=0.82, 接地=0.83, YOLO=0.14)
   マスク20: 総合=0.261 (面積=0.06, 全身=0.00, 中央=0.73, 接地=0.57, YOLO=0.12)
✅ 最適マスク選択: 複合スコア 0.805, 品質スコア 0.762
✅ 保存完了: kana08_0001.jpg (品質: 0.762)

進捗: 3/26 - kana08_0002.jpg
🔄 開始: 画像読み込み (RAM: 1809.5MB, GPU: 2805.5MB)
✅ 完了: 画像読み込み (0.04秒, RAM: 1809.5MB, GPU: 2805.5MB)
カラー判定: 最大チャンネル差分=0.000, 閾値=0.01, 結果=グレースケール
🔄 開始: SAMマスク生成 (RAM: 1809.5MB, GPU: 2805.5MB)
SAMでマスクを生成中...
生成されたマスク数: 72
マスク面積統計: 最小=2715, 最大=557043, 平均=75244
✅ 完了: SAMマスク生成 (23.56秒, RAM: 1878.8MB, GPU: 2805.5MB)
🔄 開始: YOLO人物検出フィルタリング (RAM: 1878.8MB, GPU: 2805.5MB)
YOLOv8で人物検出スコアを計算中...
YOLOv8で72個のマスクを評価開始...
YOLO処理済み: 10/72 (現在のスコア: 0.010)
YOLO処理済み: 20/72 (現在のスコア: 0.234)
YOLO処理済み: 30/72 (現在のスコア: 0.469)
YOLO処理済み: 40/72 (現在のスコア: 0.057)
YOLO処理済み: 50/72 (現在のスコア: 0.104)
YOLO処理済み: 60/72 (現在のスコア: 0.040)
YOLO処理済み: 70/72 (現在のスコア: 0.000)
人物検出スコア >= 0.05 のマスク数: 35
YOLO検出スコア統計: 最高=0.816, 最低=0.000, 平均=0.158
上位10スコア: ['0.816', '0.815', '0.798', '0.700', '0.594', '0.581', '0.539', '0.522', '0.469', '0.469']
🎌 アニメモード使用中: yolov8x.pt
✅ 完了: YOLO人物検出フィルタリング (1.18秒, RAM: 1878.8MB, GPU: 2805.5MB)
🎯 複数キャラクター検出: 35個 → 複合スコアで最適選択
⚠️ マスク数制限: 35個 → 20個に制限
🎯 複合スコア評価開始 (基準: balanced, 20個のマスク)
   マスク1: 総合=0.491 (面積=0.17, 全身=0.31, 中央=0.81, 接地=0.80, YOLO=0.82)
   マスク2: 総合=0.397 (面積=0.02, 全身=0.22, 中央=0.73, 接地=0.71, YOLO=0.82)
   マスク3: 総合=0.285 (面積=0.06, 全身=0.25, 中央=0.47, 接地=0.20, YOLO=0.80)
   マスク4: 総合=0.539 (面積=0.24, 全身=0.58, 中央=0.52, 接地=1.00, YOLO=0.70)
   マスク5: 総合=0.176 (面積=0.03, 全身=0.00, 中央=0.45, 接地=0.11, YOLO=0.59)
   マスク6: 総合=0.405 (面積=0.13, 全身=0.00, 中央=0.94, 接地=0.81, YOLO=0.58)
   マスク7: 総合=0.356 (面積=0.09, 全身=0.00, 中央=0.69, 接地=0.92, YOLO=0.54)
   マスク8: 総合=0.351 (面積=0.04, 全身=0.28, 中央=0.48, 接地=0.82, YOLO=0.52)
   マスク9: 総合=0.467 (面積=0.03, 全身=0.44, 中央=0.77, 接地=0.99, YOLO=0.47)
   マスク10: 総合=0.446 (面積=0.12, 全身=0.39, 中央=0.85, 接地=0.63, YOLO=0.47)
   マスク11: 総合=0.428 (面積=0.09, 全身=0.43, 中央=0.56, 接地=0.89, YOLO=0.46)
   マスク12: 総合=0.370 (面積=0.03, 全身=0.38, 中央=0.43, 接地=0.90, YOLO=0.46)
   マスク13: 総合=0.427 (面積=0.06, 全身=0.55, 中央=0.74, 接地=0.56, YOLO=0.41)
   マスク14: 総合=0.275 (面積=0.06, 全身=0.18, 中央=0.60, 接地=0.38, YOLO=0.34)
   マスク15: 総合=0.315 (面積=0.02, 全身=0.21, 中央=0.72, 接地=0.55, YOLO=0.33)
   マスク16: 総合=0.307 (面積=0.09, 全身=0.10, 中央=0.46, 接地=0.93, YOLO=0.26)
   マスク17: 総合=0.525 (面積=0.00, 全身=0.87, 中央=0.72, 接地=0.91, YOLO=0.25)
   マスク18: 総合=0.513 (面積=0.01, 全身=0.91, 中央=0.80, 接地=0.64, YOLO=0.25)
   マスク19: 総合=0.378 (面積=0.01, 全身=0.18, 中央=0.79, 接地=0.99, YOLO=0.23)
   マスク20: 総合=0.325 (面積=0.06, 全身=0.18, 中央=0.46, 接地=1.00, YOLO=0.22)
✅ 最適マスク選択: 複合スコア 0.539, 品質スコア 0.636
✅ 保存完了: kana08_0002.jpg (品質: 0.636)

進捗: 4/26 - kana08_0003.jpg
🔄 開始: 画像読み込み (RAM: 1809.6MB, GPU: 2805.5MB)
✅ 完了: 画像読み込み (0.04秒, RAM: 1809.6MB, GPU: 2805.5MB)
カラー判定: 最大チャンネル差分=0.000, 閾値=0.01, 結果=グレースケール
🔄 開始: SAMマスク生成 (RAM: 1809.6MB, GPU: 2805.5MB)
SAMでマスクを生成中...
生成されたマスク数: 100
マスク面積統計: 最小=1168, 最大=856372, 平均=60398
✅ 完了: SAMマスク生成 (27.71秒, RAM: 2025.0MB, GPU: 2805.5MB)
🔄 開始: YOLO人物検出フィルタリング (RAM: 2025.0MB, GPU: 2805.5MB)
YOLOv8で人物検出スコアを計算中...
YOLOv8で100個のマスクを評価開始...
YOLO処理済み: 10/100 (現在のスコア: 0.000)
YOLO処理済み: 20/100 (現在のスコア: 0.192)
YOLO処理済み: 30/100 (現在のスコア: 0.388)
YOLO処理済み: 40/100 (現在のスコア: 0.036)
YOLO処理済み: 50/100 (現在のスコア: 0.663)
YOLO処理済み: 60/100 (現在のスコア: 0.011)
YOLO処理済み: 70/100 (現在のスコア: 0.032)
YOLO処理済み: 80/100 (現在のスコア: 0.110)
YOLO処理済み: 90/100 (現在のスコア: 0.124)
YOLO処理済み: 100/100 (現在のスコア: 0.000)
人物検出スコア >= 0.05 のマスク数: 57
YOLO検出スコア統計: 最高=0.941, 最低=0.000, 平均=0.231
上位10スコア: ['0.941', '0.935', '0.932', '0.882', '0.858', '0.848', '0.846', '0.839', '0.838', '0.781']
🎌 アニメモード使用中: yolov8x.pt
✅ 完了: YOLO人物検出フィルタリング (1.49秒, RAM: 2025.0MB, GPU: 2805.5MB)
🎯 複数キャラクター検出: 57個 → 複合スコアで最適選択
⚠️ マスク数制限: 57個 → 20個に制限
🎯 複合スコア評価開始 (基準: balanced, 20個のマスク)
   マスク1: 総合=0.432 (面積=0.13, 全身=0.03, 中央=0.87, 接地=0.79, YOLO=0.94)
   マスク2: 総合=0.572 (面積=0.31, 全身=0.42, 中央=0.80, 接地=0.79, YOLO=0.94)
   マスク3: 総合=0.411 (面積=0.11, 全身=0.40, 中央=0.56, 接地=0.49, YOLO=0.93)
   マスク4: 総合=0.492 (面積=0.15, 全身=0.42, 中央=0.69, 接地=0.78, YOLO=0.88)
   マスク5: 総合=0.329 (面積=0.22, 全身=0.00, 中央=0.55, 接地=0.44, YOLO=0.86)
   マスク6: 総合=0.448 (面積=0.02, 全身=0.29, 中央=0.89, 接地=0.71, YOLO=0.85)
   マスク7: 総合=0.344 (面積=0.06, 全身=0.00, 中央=0.71, 接地=0.66, YOLO=0.85)
   マスク8: 総合=0.502 (面積=0.68, 全身=0.00, 中央=0.66, 接地=0.55, YOLO=0.84)
   マスク9: 総合=0.426 (面積=0.13, 全身=0.25, 中央=0.61, 接地=0.79, YOLO=0.84)
   マスク10: 総合=0.577 (面積=0.24, 全身=0.69, 中央=0.64, 接地=0.85, YOLO=0.78)
   マスク11: 総合=0.296 (面積=0.01, 全身=0.34, 中央=0.54, 接地=0.14, YOLO=0.78)
   マスク12: 総合=0.351 (面積=0.13, 全身=0.00, 中央=0.43, 接地=1.00, YOLO=0.76)
   マスク13: 総合=0.679 (面積=0.37, 全身=0.87, 中央=0.66, 接地=1.00, YOLO=0.69)
   マスク14: 総合=0.397 (面積=0.20, 全身=0.00, 中央=0.60, 接地=1.00, YOLO=0.66)
   マスク15: 総合=0.303 (面積=0.02, 全身=0.00, 中央=0.69, 接地=0.62, YOLO=0.66)
   マスク16: 総合=0.378 (面積=0.09, 全身=0.00, 中央=0.72, 接地=0.96, YOLO=0.63)
   マスク17: 総合=0.441 (面積=0.17, 全身=0.29, 中央=0.64, 接地=0.85, YOLO=0.62)
   マスク18: 総合=0.482 (面積=0.02, 全身=0.73, 中央=0.71, 接地=0.64, YOLO=0.56)
   マスク19: 総合=0.551 (面積=0.13, 全身=0.85, 中央=0.47, 接地=1.00, YOLO=0.54)
   マスク20: 総合=0.468 (面積=0.11, 全身=0.42, 中央=0.88, 接地=0.67, YOLO=0.53)
✅ 最適マスク選択: 複合スコア 0.679, 品質スコア 0.684
✅ 保存完了: kana08_0003.jpg (品質: 0.684)

進捗: 5/26 - kana08_0004.jpg
🔄 開始: 画像読み込み (RAM: 1832.3MB, GPU: 2805.5MB)
✅ 完了: 画像読み込み (0.05秒, RAM: 1832.3MB, GPU: 2805.5MB)
カラー判定: 最大チャンネル差分=0.000, 閾値=0.01, 結果=グレースケール
🔄 開始: SAMマスク生成 (RAM: 1832.3MB, GPU: 2805.5MB)
SAMでマスクを生成中...
生成されたマスク数: 97
マスク面積統計: 最小=642, 最大=312639, 平均=45511
✅ 完了: SAMマスク生成 (12.57秒, RAM: 2025.1MB, GPU: 2805.5MB)
🔄 開始: YOLO人物検出フィルタリング (RAM: 2025.1MB, GPU: 2805.5MB)
YOLOv8で人物検出スコアを計算中...
YOLOv8で97個のマスクを評価開始...
YOLO処理済み: 10/97 (現在のスコア: 0.000)
YOLO処理済み: 20/97 (現在のスコア: 0.000)
YOLO処理済み: 30/97 (現在のスコア: 0.140)
YOLO処理済み: 40/97 (現在のスコア: 0.340)
YOLO処理済み: 50/97 (現在のスコア: 0.832)
YOLO処理済み: 60/97 (現在のスコア: 0.020)
YOLO処理済み: 70/97 (現在のスコア: 0.794)
YOLO処理済み: 80/97 (現在のスコア: 0.184)
YOLO処理済み: 90/97 (現在のスコア: 0.000)
人物検出スコア >= 0.05 のマスク数: 48
YOLO検出スコア統計: 最高=0.964, 最低=0.000, 平均=0.230
上位10スコア: ['0.964', '0.952', '0.940', '0.939', '0.911', '0.909', '0.903', '0.878', '0.860', '0.858']
🎌 アニメモード使用中: yolov8x.pt
✅ 完了: YOLO人物検出フィルタリング (2.52秒, RAM: 2025.1MB, GPU: 2805.5MB)
🎯 複数キャラクター検出: 48個 → 複合スコアで最適選択
⚠️ マスク数制限: 48個 → 20個に制限
🎯 複合スコア評価開始 (基準: balanced, 20個のマスク)
   マスク1: 総合=0.591 (面積=0.05, 全身=0.84, 中央=0.77, 接地=0.77, YOLO=0.96)
   マスク2: 総合=0.625 (面積=0.14, 全身=0.90, 中央=0.67, 接地=0.87, YOLO=0.95)
   マスク3: 総合=0.435 (面積=0.25, 全身=0.00, 中央=0.76, 接地=0.77, YOLO=0.94)
   マスク4: 総合=0.478 (面積=0.21, 全身=0.23, 中央=0.67, 接地=0.87, YOLO=0.94)
   マスク5: 総合=0.451 (面積=0.20, 全身=0.03, 中央=0.72, 接地=1.00, YOLO=0.91)
   マスク6: 総合=0.477 (面積=0.07, 全身=0.22, 中央=0.90, 接地=0.87, YOLO=0.91)
   マスク7: 総合=0.429 (面積=0.03, 全身=0.00, 中央=0.98, 接地=0.88, YOLO=0.90)
   マスク8: 総合=0.404 (面積=0.10, 全身=0.00, 中央=0.78, 接地=0.88, YOLO=0.88)
   マスク9: 総合=0.391 (面積=0.04, 全身=0.15, 中央=0.70, 接地=0.77, YOLO=0.86)
   マスク10: 総合=0.366 (面積=0.14, 全身=0.18, 中央=0.66, 接地=0.41, YOLO=0.86)
   マスク11: 総合=0.430 (面積=0.02, 全身=0.40, 中央=0.74, 接地=0.61, YOLO=0.83)
   マスク12: 総合=0.539 (面積=0.06, 全身=0.78, 中央=0.57, 接地=0.88, YOLO=0.79)
   マスク13: 総合=0.559 (面積=0.08, 全身=0.81, 中央=0.57, 接地=0.94, YOLO=0.76)
   マスク14: 総合=0.412 (面積=0.05, 全身=0.13, 中央=0.81, 接地=0.88, YOLO=0.73)
   マスク15: 総合=0.432 (面積=0.07, 全身=0.35, 中央=0.70, 接地=0.74, YOLO=0.73)
   マスク16: 総合=0.436 (面積=0.22, 全身=0.11, 中央=0.60, 接地=1.00, YOLO=0.71)
   マスク17: 総合=0.553 (面積=0.10, 全身=0.56, 中央=0.92, 接地=0.88, YOLO=0.67)
   マスク18: 総合=0.340 (面積=0.04, 全身=0.09, 中央=0.45, 接地=1.00, YOLO=0.63)
   マスク19: 総合=0.363 (面積=0.06, 全身=0.39, 中央=0.64, 接地=0.38, YOLO=0.63)
   マスク20: 総合=0.470 (面積=0.08, 全身=0.50, 中央=0.68, 接地=0.85, YOLO=0.59)
✅ 最適マスク選択: 複合スコア 0.625, 品質スコア 0.822
✅ 保存完了: kana08_0004.jpg (品質: 0.822)

進捗: 6/26 - kana08_0005.jpg
🔄 開始: 画像読み込み (RAM: 1838.4MB, GPU: 2805.5MB)
✅ 完了: 画像読み込み (0.05秒, RAM: 1838.4MB, GPU: 2805.5MB)
カラー判定: 最大チャンネル差分=0.000, 閾値=0.01, 結果=グレースケール
🔄 開始: SAMマスク生成 (RAM: 1838.4MB, GPU: 2805.5MB)
SAMでマスクを生成中...
生成されたマスク数: 111
マスク面積統計: 最小=977, 最大=482510, 平均=46160
✅ 完了: SAMマスク生成 (22.32秒, RAM: 2000.9MB, GPU: 2805.5MB)
🔄 開始: YOLO人物検出フィルタリング (RAM: 2000.9MB, GPU: 2805.5MB)
YOLOv8で人物検出スコアを計算中...
YOLOv8で111個のマスクを評価開始...
YOLO処理済み: 10/111 (現在のスコア: 0.283)
YOLO処理済み: 20/111 (現在のスコア: 0.447)
YOLO処理済み: 30/111 (現在のスコア: 0.050)
YOLO処理済み: 40/111 (現在のスコア: 0.000)
YOLO処理済み: 50/111 (現在のスコア: 0.431)
YOLO処理済み: 60/111 (現在のスコア: 0.000)
YOLO処理済み: 70/111 (現在のスコア: 0.000)
YOLO処理済み: 80/111 (現在のスコア: 0.768)
YOLO処理済み: 90/111 (現在のスコア: 0.127)
YOLO処理済み: 100/111 (現在のスコア: 0.074)
YOLO処理済み: 110/111 (現在のスコア: 0.016)
人物検出スコア >= 0.05 のマスク数: 54
YOLO検出スコア統計: 最高=0.880, 最低=0.000, 平均=0.192
上位10スコア: ['0.880', '0.873', '0.867', '0.866', '0.852', '0.843', '0.812', '0.810', '0.797', '0.768']
🎌 アニメモード使用中: yolov8x.pt
✅ 完了: YOLO人物検出フィルタリング (2.63秒, RAM: 2000.9MB, GPU: 2805.5MB)
🎯 複数キャラクター検出: 54個 → 複合スコアで最適選択
⚠️ マスク数制限: 54個 → 20個に制限
🎯 複合スコア評価開始 (基準: balanced, 20個のマスク)
   マスク1: 総合=0.462 (面積=0.03, 全身=0.51, 中央=0.77, 接地=0.55, YOLO=0.88)
   マスク2: 総合=0.599 (面積=0.20, 全身=0.69, 中央=0.79, 接地=0.79, YOLO=0.87)
   マスク3: 総合=0.392 (面積=0.20, 全身=0.04, 中央=0.68, 接地=0.66, YOLO=0.87)
   マスク4: 総合=0.460 (面積=0.03, 全身=0.41, 中央=0.71, 接地=0.79, YOLO=0.87)
   マスク5: 総合=0.404 (面積=0.09, 全身=0.28, 中央=0.67, 接地=0.58, YOLO=0.85)
   マスク6: 総合=0.408 (面積=0.14, 全身=0.06, 中央=0.77, 接地=0.73, YOLO=0.84)
   マスク7: 総合=0.439 (面積=0.25, 全身=0.07, 中央=0.73, 接地=0.79, YOLO=0.81)
   マスク8: 総合=0.543 (面積=0.04, 全身=0.78, 中央=0.53, 接地=1.00, YOLO=0.81)
   マスク9: 総合=0.497 (面積=0.38, 全身=0.12, 中央=0.77, 接地=0.79, YOLO=0.80)
   マスク10: 総合=0.460 (面積=0.03, 全身=0.42, 中央=0.79, 接地=0.74, YOLO=0.77)
   マスク11: 総合=0.421 (面積=0.02, 全身=0.63, 中央=0.65, 接地=0.34, YOLO=0.77)
   マスク12: 総合=0.397 (面積=0.05, 全身=0.44, 中央=0.58, 接地=0.55, YOLO=0.74)
   マスク13: 総合=0.406 (面積=0.07, 全身=0.22, 中央=0.74, 接地=0.79, YOLO=0.62)
   マスク14: 総合=0.383 (面積=0.01, 全身=0.26, 中央=0.70, 接地=0.79, YOLO=0.56)
   マスク15: 総合=0.553 (面積=0.06, 全身=0.86, 中央=0.73, 接地=0.79, YOLO=0.55)
   マスク16: 総合=0.328 (面積=0.03, 全身=0.00, 中央=0.58, 接地=0.99, YOLO=0.53)
   マスク17: 総合=0.281 (面積=0.16, 全身=0.00, 中央=0.47, 接地=0.58, YOLO=0.52)
   マスク18: 総合=0.442 (面積=0.13, 全身=0.55, 中央=0.66, 接地=0.54, YOLO=0.52)
   マスク19: 総合=0.337 (面積=0.06, 全身=0.00, 中央=0.82, 接地=0.73, YOLO=0.45)
   マスク20: 総合=0.412 (面積=0.06, 全身=0.32, 中央=0.83, 接地=0.68, YOLO=0.45)
✅ 最適マスク選択: 複合スコア 0.599, 品質スコア 0.763
✅ 保存完了: kana08_0005.jpg (品質: 0.763)

進捗: 7/26 - kana08_0006.jpg
🔄 開始: 画像読み込み (RAM: 1811.3MB, GPU: 2805.5MB)
✅ 完了: 画像読み込み (0.05秒, RAM: 1811.3MB, GPU: 2805.5MB)
カラー判定: 最大チャンネル差分=0.000, 閾値=0.01, 結果=グレースケール
🔄 開始: SAMマスク生成 (RAM: 1811.3MB, GPU: 2805.5MB)
SAMでマスクを生成中...
生成されたマスク数: 104
マスク面積統計: 最小=198, 最大=913343, 平均=52437
✅ 完了: SAMマスク生成 (24.42秒, RAM: 2049.2MB, GPU: 2805.5MB)
🔄 開始: YOLO人物検出フィルタリング (RAM: 2049.2MB, GPU: 2805.5MB)
YOLOv8で人物検出スコアを計算中...
YOLOv8で104個のマスクを評価開始...
YOLO処理済み: 10/104 (現在のスコア: 0.032)
YOLO処理済み: 20/104 (現在のスコア: 0.094)
YOLO処理済み: 30/104 (現在のスコア: 0.091)
YOLO処理済み: 40/104 (現在のスコア: 0.044)
YOLO処理済み: 50/104 (現在のスコア: 0.011)
YOLO処理済み: 60/104 (現在のスコア: 0.771)
YOLO処理済み: 70/104 (現在のスコア: 0.083)
YOLO処理済み: 80/104 (現在のスコア: 0.012)
YOLO処理済み: 90/104 (現在のスコア: 0.018)
YOLO処理済み: 100/104 (現在のスコア: 0.016)
人物検出スコア >= 0.05 のマスク数: 60
YOLO検出スコア統計: 最高=0.903, 最低=0.000, 平均=0.207
上位10スコア: ['0.903', '0.886', '0.871', '0.827', '0.811', '0.789', '0.771', '0.760', '0.745', '0.691']
🎌 アニメモード使用中: yolov8x.pt
✅ 完了: YOLO人物検出フィルタリング (1.57秒, RAM: 2049.2MB, GPU: 2805.5MB)
🎯 複数キャラクター検出: 60個 → 複合スコアで最適選択
⚠️ マスク数制限: 60個 → 20個に制限
🎯 複合スコア評価開始 (基準: balanced, 20個のマスク)
   マスク1: 総合=0.387 (面積=0.17, 全身=0.00, 中央=0.48, 接地=1.00, YOLO=0.90)
   マスク2: 総合=0.455 (面積=0.14, 全身=0.23, 中央=0.58, 接地=1.00, YOLO=0.89)
   マスク3: 総合=0.444 (面積=0.12, 全身=0.39, 中央=0.65, 接地=0.63, YOLO=0.87)
   マスク4: 総合=0.371 (面積=0.09, 全身=0.05, 中央=0.53, 接地=0.95, YOLO=0.83)
   マスク5: 総合=0.471 (面積=0.09, 全身=0.37, 中央=0.74, 接地=0.82, YOLO=0.81)
   マスク6: 総合=0.417 (面積=0.09, 全身=0.07, 中央=0.89, 接地=0.78, YOLO=0.79)
   マスク7: 総合=0.279 (面積=0.05, 全身=0.31, 中央=0.40, 接地=0.19, YOLO=0.77)
   マスク8: 総合=0.391 (面積=0.18, 全身=0.03, 中央=0.64, 接地=0.85, YOLO=0.76)
   マスク9: 総合=0.442 (面積=0.16, 全身=0.69, 中央=0.44, 接地=0.40, YOLO=0.74)
   マスク10: 総合=0.463 (面積=0.10, 全身=0.56, 中央=0.63, 接地=0.67, YOLO=0.69)
   マスク11: 総合=0.520 (面積=0.15, 全身=0.50, 中央=0.90, 接地=0.71, YOLO=0.63)
   マスク12: 総合=0.313 (面積=0.05, 全身=0.00, 中央=0.43, 接地=1.00, YOLO=0.62)
   マスク13: 総合=0.441 (面積=0.01, 全身=0.46, 中央=0.71, 接地=0.82, YOLO=0.57)
   マスク14: 総合=0.552 (面積=0.21, 全身=0.73, 中央=0.63, 接地=0.83, YOLO=0.57)
   マスク15: 総合=0.507 (面積=0.13, 全身=0.69, 中央=0.66, 接地=0.73, YOLO=0.55)
   マスク16: 総合=0.337 (面積=0.07, 全身=0.45, 中央=0.55, 接地=0.25, YOLO=0.53)
   マスク17: 総合=0.519 (面積=0.72, 全身=0.00, 中央=0.71, 接地=0.71, YOLO=0.53)
   マスク18: 総合=0.311 (面積=0.02, 全身=0.00, 中央=0.52, 接地=1.00, YOLO=0.49)
   マスク19: 総合=0.360 (面積=0.03, 全身=0.63, 中央=0.55, 接地=0.23, YOLO=0.49)
   マスク20: 総合=0.277 (面積=0.06, 全身=0.05, 中央=0.62, 接地=0.51, YOLO=0.46)
✅ 最適マスク選択: 複合スコア 0.552, 品質スコア 0.561
✅ 保存完了: kana08_0006.jpg (品質: 0.561)

進捗: 8/26 - kana08_0007.jpg
🔄 開始: 画像読み込み (RAM: 1811.3MB, GPU: 2805.5MB)
✅ 完了: 画像読み込み (0.05秒, RAM: 1811.3MB, GPU: 2805.5MB)
カラー判定: 最大チャンネル差分=0.000, 閾値=0.01, 結果=グレースケール
🔄 開始: SAMマスク生成 (RAM: 1811.3MB, GPU: 2805.5MB)
SAMでマスクを生成中...
生成されたマスク数: 80
マスク面積統計: 最小=320, 最大=584436, 平均=65919
✅ 完了: SAMマスク生成 (26.43秒, RAM: 1963.7MB, GPU: 2805.5MB)
🔄 開始: YOLO人物検出フィルタリング (RAM: 1963.7MB, GPU: 2805.5MB)
YOLOv8で人物検出スコアを計算中...
YOLOv8で80個のマスクを評価開始...
YOLO処理済み: 10/80 (現在のスコア: 0.000)
YOLO処理済み: 20/80 (現在のスコア: 0.000)
YOLO処理済み: 30/80 (現在のスコア: 0.642)
YOLO処理済み: 40/80 (現在のスコア: 0.000)
YOLO処理済み: 50/80 (現在のスコア: 0.791)
YOLO処理済み: 60/80 (現在のスコア: 0.900)
YOLO処理済み: 70/80 (現在のスコア: 0.032)
YOLO処理済み: 80/80 (現在のスコア: 0.000)
人物検出スコア >= 0.05 のマスク数: 38
YOLO検出スコア統計: 最高=0.952, 最低=0.000, 平均=0.193
上位10スコア: ['0.952', '0.900', '0.883', '0.862', '0.856', '0.831', '0.809', '0.809', '0.791', '0.742']
🎌 アニメモード使用中: yolov8x.pt
✅ 完了: YOLO人物検出フィルタリング (1.42秒, RAM: 1963.8MB, GPU: 2805.5MB)
🎯 複数キャラクター検出: 38個 → 複合スコアで最適選択
⚠️ マスク数制限: 38個 → 20個に制限
🎯 複合スコア評価開始 (基準: balanced, 20個のマスク)
   マスク1: 総合=0.449 (面積=0.10, 全身=0.54, 中央=0.63, 接地=0.42, YOLO=0.95)
   マスク2: 総合=0.337 (面積=0.25, 全身=0.00, 中央=0.55, 接地=0.42, YOLO=0.90)
   マスク3: 総合=0.405 (面積=0.15, 全身=0.38, 中央=0.54, 接地=0.45, YOLO=0.88)
   マスク4: 総合=0.345 (面積=0.03, 全身=0.38, 中央=0.58, 接地=0.27, YOLO=0.86)
   マスク5: 総合=0.437 (面積=0.04, 全身=0.44, 中央=0.50, 接地=0.86, YOLO=0.86)
   マスク6: 総合=0.504 (面積=0.07, 全身=0.90, 中央=0.55, 接地=0.45, YOLO=0.83)
   マスク7: 総合=0.414 (面積=0.23, 全身=0.00, 中央=0.85, 接地=0.63, YOLO=0.81)
   マスク8: 総合=0.302 (面積=0.18, 全身=0.00, 中央=0.54, 接地=0.40, YOLO=0.81)
   マスク9: 総合=0.444 (面積=0.23, 全身=0.00, 中央=0.73, 接地=1.00, YOLO=0.79)
   マスク10: 総合=0.530 (面積=0.20, 全身=0.54, 中央=0.66, 接地=0.86, YOLO=0.74)
   マスク11: 総合=0.249 (面積=0.03, 全身=0.07, 中央=0.61, 接地=0.26, YOLO=0.64)
   マスク12: 総合=0.308 (面積=0.09, 全身=0.32, 中央=0.49, 接地=0.28, YOLO=0.60)
   マスク13: 総合=0.263 (面積=0.06, 全身=0.00, 中央=0.60, 接地=0.45, YOLO=0.57)
   マスク14: 総合=0.420 (面積=0.06, 全身=0.45, 中央=0.60, 接地=0.82, YOLO=0.49)
   マスク15: 総合=0.457 (面積=0.22, 全身=0.42, 中央=0.62, 接地=0.76, YOLO=0.48)
   マスク16: 総合=0.363 (面積=0.03, 全身=0.46, 中央=0.67, 接地=0.39, YOLO=0.47)
   マスク17: 総合=0.416 (面積=0.08, 全身=0.61, 中央=0.66, 接地=0.42, YOLO=0.44)
   マスク18: 総合=0.305 (面積=0.16, 全身=0.00, 中央=0.64, 接地=0.61, YOLO=0.39)
   マスク19: 総合=0.306 (面積=0.07, 全身=0.08, 中央=0.69, 接地=0.61, YOLO=0.35)
   マスク20: 総合=0.230 (面積=0.05, 全身=0.22, 中央=0.50, 接地=0.23, YOLO=0.25)
✅ 最適マスク選択: 複合スコア 0.530, 品質スコア 0.657
✅ 保存完了: kana08_0007.jpg (品質: 0.657)

進捗: 9/26 - kana08_0008.jpg
🔄 開始: 画像読み込み (RAM: 1834.3MB, GPU: 2805.5MB)
✅ 完了: 画像読み込み (0.04秒, RAM: 1834.3MB, GPU: 2805.5MB)
カラー判定: 最大チャンネル差分=0.000, 閾値=0.01, 結果=グレースケール
🔄 開始: SAMマスク生成 (RAM: 1833.6MB, GPU: 2805.5MB)
SAMでマスクを生成中...
生成されたマスク数: 94
マスク面積統計: 最小=582, 最大=545832, 平均=59751
✅ 完了: SAMマスク生成 (30.02秒, RAM: 1951.0MB, GPU: 2805.5MB)
🔄 開始: YOLO人物検出フィルタリング (RAM: 1952.1MB, GPU: 2805.5MB)
YOLOv8で人物検出スコアを計算中...
YOLOv8で94個のマスクを評価開始...
YOLO処理済み: 10/94 (現在のスコア: 0.411)
YOLO処理済み: 20/94 (現在のスコア: 0.096)
YOLO処理済み: 30/94 (現在のスコア: 0.000)
YOLO処理済み: 40/94 (現在のスコア: 0.000)
YOLO処理済み: 50/94 (現在のスコア: 0.520)
YOLO処理済み: 60/94 (現在のスコア: 0.000)
YOLO処理済み: 70/94 (現在のスコア: 0.000)
YOLO処理済み: 80/94 (現在のスコア: 0.000)
YOLO処理済み: 90/94 (現在のスコア: 0.282)
人物検出スコア >= 0.05 のマスク数: 48
YOLO検出スコア統計: 最高=0.907, 最低=0.000, 平均=0.170
上位10スコア: ['0.907', '0.884', '0.780', '0.779', '0.758', '0.732', '0.700', '0.674', '0.668', '0.657']
🎌 アニメモード使用中: yolov8x.pt
✅ 完了: YOLO人物検出フィルタリング (1.47秒, RAM: 1952.1MB, GPU: 2805.5MB)
🎯 複数キャラクター検出: 48個 → 複合スコアで最適選択
⚠️ マスク数制限: 48個 → 20個に制限
🎯 複合スコア評価開始 (基準: balanced, 20個のマスク)
   マスク1: 総合=0.521 (面積=0.14, 全身=0.45, 中央=0.63, 接地=1.00, YOLO=0.91)
   マスク2: 総合=0.680 (面積=0.22, 全身=0.84, 中央=0.83, 接地=1.00, YOLO=0.88)
   マスク3: 総合=0.466 (面積=0.06, 全身=0.41, 中央=0.65, 接地=0.92, YOLO=0.78)
   マスク4: 総合=0.446 (面積=0.13, 全身=0.37, 中央=0.64, 接地=0.74, YOLO=0.78)
   マスク5: 総合=0.518 (面積=0.21, 全身=0.43, 中央=0.66, 接地=0.94, YOLO=0.76)
   マスク6: 総合=0.332 (面積=0.14, 全身=0.21, 中央=0.55, 接地=0.36, YOLO=0.73)
   マスク7: 総合=0.301 (面積=0.22, 全身=0.00, 中央=0.56, 接地=0.36, YOLO=0.70)
   マスク8: 総合=0.466 (面積=0.14, 全身=0.48, 中央=0.71, 接地=0.64, YOLO=0.67)
   マスク9: 総合=0.459 (面積=0.02, 全身=0.51, 中央=0.56, 接地=0.98, YOLO=0.67)
   マスク10: 総合=0.440 (面積=0.05, 全身=0.50, 中央=0.68, 接地=0.65, YOLO=0.66)
   マスク11: 総合=0.342 (面積=0.05, 全身=0.00, 中央=0.56, 接地=1.00, YOLO=0.64)
   マスク12: 総合=0.454 (面積=0.05, 全身=0.49, 中央=0.57, 接地=0.94, YOLO=0.61)
   マスク13: 総合=0.344 (面積=0.02, 全身=0.14, 中央=0.62, 接地=0.84, YOLO=0.53)
   マスク14: 総合=0.360 (面積=0.19, 全身=0.00, 中央=0.63, 接地=0.85, YOLO=0.52)
   マスク15: 総合=0.447 (面積=0.06, 全身=0.67, 中央=0.60, 接地=0.64, YOLO=0.47)
   マスク16: 総合=0.318 (面積=0.03, 全身=0.41, 中央=0.56, 接地=0.35, YOLO=0.42)
   マスク17: 総合=0.236 (面積=0.02, 全身=0.12, 中央=0.61, 接地=0.24, YOLO=0.41)
   マスク18: 総合=0.372 (面積=0.16, 全身=0.13, 中央=0.66, 接地=0.80, YOLO=0.39)
   マスク19: 総合=0.232 (面積=0.07, 全身=0.00, 中央=0.60, 接地=0.36, YOLO=0.38)
   マスク20: 総合=0.340 (面積=0.17, 全身=0.00, 中央=0.74, 接地=0.75, YOLO=0.28)
✅ 最適マスク選択: 複合スコア 0.680, 品質スコア 0.803
✅ 保存完了: kana08_0008.jpg (品質: 0.803)

進捗: 10/26 - kana08_0009.jpg
🔄 開始: 画像読み込み (RAM: 1813.8MB, GPU: 2805.5MB)
✅ 完了: 画像読み込み (0.04秒, RAM: 1813.8MB, GPU: 2805.5MB)
カラー判定: 最大チャンネル差分=0.000, 閾値=0.01, 結果=グレースケール
🔄 開始: SAMマスク生成 (RAM: 1813.8MB, GPU: 2805.5MB)
SAMでマスクを生成中...
生成されたマスク数: 71
マスク面積統計: 最小=2089, 最大=1387034, 平均=89661
✅ 完了: SAMマスク生成 (23.15秒, RAM: 1943.3MB, GPU: 2805.5MB)
🔄 開始: YOLO人物検出フィルタリング (RAM: 1943.3MB, GPU: 2805.5MB)
YOLOv8で人物検出スコアを計算中...
YOLOv8で71個のマスクを評価開始...
YOLO処理済み: 10/71 (現在のスコア: 0.000)
YOLO処理済み: 20/71 (現在のスコア: 0.082)
YOLO処理済み: 30/71 (現在のスコア: 0.000)
YOLO処理済み: 40/71 (現在のスコア: 0.000)
YOLO処理済み: 50/71 (現在のスコア: 0.000)
YOLO処理済み: 60/71 (現在のスコア: 0.000)
YOLO処理済み: 70/71 (現在のスコア: 0.000)
人物検出スコア >= 0.05 のマスク数: 22
YOLO検出スコア統計: 最高=0.776, 最低=0.000, 平均=0.084
上位10スコア: ['0.776', '0.586', '0.585', '0.525', '0.449', '0.281', '0.234', '0.223', '0.221', '0.199']
🎌 アニメモード使用中: yolov8x.pt
✅ 完了: YOLO人物検出フィルタリング (1.07秒, RAM: 1943.3MB, GPU: 2805.5MB)
🎯 複数キャラクター検出: 22個 → 複合スコアで最適選択
⚠️ マスク数制限: 22個 → 20個に制限
🎯 複合スコア評価開始 (基準: balanced, 20個のマスク)
   マスク1: 総合=0.391 (面積=0.05, 全身=0.00, 中央=0.91, 接地=0.79, YOLO=0.78)
   マスク2: 総合=0.507 (面積=0.12, 全身=0.50, 中央=0.84, 接地=0.78, YOLO=0.59)
   マスク3: 総合=0.473 (面積=0.14, 全身=0.36, 中央=0.92, 接地=0.65, YOLO=0.59)
   マスク4: 総合=0.321 (面積=0.02, 全身=0.01, 中央=0.64, 接地=0.88, YOLO=0.52)
   マスク5: 総合=0.344 (面積=0.11, 全身=0.00, 中央=0.77, 接地=0.75, YOLO=0.45)
   マスク6: 総合=0.389 (面積=0.03, 全身=0.38, 中央=0.73, 接地=0.72, YOLO=0.28)
   マスク7: 総合=0.445 (面積=0.03, 全身=0.58, 中央=0.70, 接地=0.84, YOLO=0.23)
   マスク8: 総合=0.320 (面積=0.09, 全身=0.00, 中央=0.79, 接地=0.75, YOLO=0.22)
   マスク9: 総合=0.358 (面積=0.06, 全身=0.38, 中央=0.73, 接地=0.52, YOLO=0.22)
   マスク10: 総合=0.423 (面積=0.07, 全身=0.42, 中央=0.91, 接地=0.64, YOLO=0.20)
   マスク11: 総合=0.442 (面積=0.18, 全身=0.37, 中央=0.74, 接地=0.86, YOLO=0.19)
   マスク12: 総合=0.326 (面積=0.02, 全身=0.00, 中央=0.92, 接地=0.79, YOLO=0.18)
   マスク13: 総合=0.240 (面積=0.06, 全身=0.30, 中央=0.52, 接地=0.18, YOLO=0.15)
   マスク14: 総合=0.333 (面積=0.08, 全身=0.58, 中央=0.49, 接地=0.35, YOLO=0.14)
   マスク15: 総合=0.306 (面積=0.14, 全身=0.00, 中央=0.51, 接地=1.00, YOLO=0.13)
   マスク16: 総合=0.206 (面積=0.01, 全身=0.00, 中央=0.68, 接地=0.35, YOLO=0.13)
   マスク17: 総合=0.479 (面積=0.38, 全身=0.38, 中央=0.70, 接地=0.78, YOLO=0.10)
   マスク18: 総合=0.295 (面積=0.03, 全身=0.04, 中央=0.72, 接地=0.81, YOLO=0.09)
   マスク19: 総合=0.530 (面積=0.19, 全身=0.88, 中央=0.61, 接地=0.83, YOLO=0.08)
   マスク20: 総合=0.328 (面積=0.00, 全身=0.22, 中央=0.83, 接地=0.66, YOLO=0.08)
✅ 最適マスク選択: 複合スコア 0.530, 品質スコア 0.261
✅ 保存完了: kana08_0009.jpg (品質: 0.261)

進捗: 11/26 - kana08_0010.jpg
🔄 開始: 画像読み込み (RAM: 1813.8MB, GPU: 2805.5MB)
✅ 完了: 画像読み込み (0.05秒, RAM: 1813.8MB, GPU: 2805.5MB)
カラー判定: 最大チャンネル差分=0.000, 閾値=0.01, 結果=グレースケール
🔄 開始: SAMマスク生成 (RAM: 1813.8MB, GPU: 2805.5MB)
SAMでマスクを生成中...
生成されたマスク数: 82
マスク面積統計: 最小=1243, 最大=685101, 平均=68540
✅ 完了: SAMマスク生成 (12.80秒, RAM: 1970.3MB, GPU: 2805.5MB)
🔄 開始: YOLO人物検出フィルタリング (RAM: 1970.3MB, GPU: 2805.5MB)
YOLOv8で人物検出スコアを計算中...
YOLOv8で82個のマスクを評価開始...
YOLO処理済み: 10/82 (現在のスコア: 0.033)
YOLO処理済み: 20/82 (現在のスコア: 0.000)
YOLO処理済み: 30/82 (現在のスコア: 0.024)
YOLO処理済み: 40/82 (現在のスコア: 0.000)
YOLO処理済み: 50/82 (現在のスコア: 0.219)
YOLO処理済み: 60/82 (現在のスコア: 0.182)
YOLO処理済み: 70/82 (現在のスコア: 0.097)
YOLO処理済み: 80/82 (現在のスコア: 0.000)
人物検出スコア >= 0.05 のマスク数: 41
YOLO検出スコア統計: 最高=0.833, 最低=0.000, 平均=0.157
上位10スコア: ['0.833', '0.816', '0.645', '0.636', '0.604', '0.581', '0.575', '0.573', '0.561', '0.555']
🎌 アニメモード使用中: yolov8x.pt
✅ 完了: YOLO人物検出フィルタリング (1.15秒, RAM: 1970.3MB, GPU: 2805.5MB)
🎯 複数キャラクター検出: 41個 → 複合スコアで最適選択
⚠️ マスク数制限: 41個 → 20個に制限
🎯 複合スコア評価開始 (基準: balanced, 20個のマスク)
   マスク1: 総合=0.386 (面積=0.18, 全身=0.27, 中央=0.57, 接地=0.44, YOLO=0.83)
   マスク2: 総合=0.374 (面積=0.05, 全身=0.16, 中央=0.43, 接地=1.00, YOLO=0.82)
   マスク3: 総合=0.329 (面積=0.09, 全身=0.25, 中央=0.58, 接地=0.40, YOLO=0.65)
   マスク4: 総合=0.513 (面積=0.09, 全身=0.72, 中央=0.68, 接地=0.73, YOLO=0.64)
   マスク5: 総合=0.478 (面積=0.06, 全身=0.29, 中央=0.92, 接地=0.94, YOLO=0.60)
   マスク6: 総合=0.215 (面積=0.01, 全身=0.18, 中央=0.47, 接地=0.11, YOLO=0.58)
   マスク7: 総合=0.399 (面積=0.04, 全身=0.00, 中央=0.93, 接地=0.95, YOLO=0.58)
   マスク8: 総合=0.445 (面積=0.08, 全身=0.56, 中央=0.62, 接地=0.66, YOLO=0.57)
   マスク9: 総合=0.178 (面積=0.03, 全身=0.00, 中央=0.46, 接地=0.14, YOLO=0.56)
   マスク10: 総合=0.398 (面積=0.13, 全身=0.00, 中央=0.77, 接地=0.99, YOLO=0.56)
   マスク11: 総合=0.154 (面積=0.00, 全身=0.00, 中央=0.44, 接地=0.07, YOLO=0.54)
   マスク12: 総合=0.392 (面積=0.04, 全身=0.38, 中央=0.66, 接地=0.72, YOLO=0.44)
   マスク13: 総合=0.406 (面積=0.28, 全身=0.08, 中央=0.77, 接地=0.74, YOLO=0.39)
   マスク14: 総合=0.449 (面積=0.02, 全身=0.33, 中央=0.91, 接地=0.95, YOLO=0.35)
   マスク15: 総合=0.377 (面積=0.04, 全身=0.34, 中央=0.59, 接地=0.86, YOLO=0.33)
   マスク16: 総合=0.597 (面積=0.23, 全身=0.88, 中央=0.86, 接地=0.73, YOLO=0.28)
   マスク17: 総合=0.380 (面積=0.04, 全身=0.45, 中央=0.38, 接地=1.00, YOLO=0.28)
   マスク18: 総合=0.544 (面積=0.14, 全身=0.96, 中央=0.42, 接地=1.00, YOLO=0.27)
   マスク19: 総合=0.447 (面積=0.06, 全身=0.78, 中央=0.55, 接地=0.66, YOLO=0.26)
   マスク20: 総合=0.343 (面積=0.12, 全身=0.13, 中央=0.55, 接地=0.93, YOLO=0.25)
✅ 最適マスク選択: 複合スコア 0.597, 品質スコア 0.408
✅ 保存完了: kana08_0010.jpg (品質: 0.408)

進捗: 12/26 - kana08_0011.jpg
🔄 開始: 画像読み込み (RAM: 1828.8MB, GPU: 2805.5MB)
✅ 完了: 画像読み込み (0.04秒, RAM: 1828.8MB, GPU: 2805.5MB)
カラー判定: 最大チャンネル差分=0.000, 閾値=0.01, 結果=グレースケール
🔄 開始: SAMマスク生成 (RAM: 1828.8MB, GPU: 2805.5MB)
SAMでマスクを生成中...
生成されたマスク数: 98
マスク面積統計: 最小=697, 最大=706869, 平均=71452
✅ 完了: SAMマスク生成 (22.30秒, RAM: 1967.6MB, GPU: 2805.5MB)
🔄 開始: YOLO人物検出フィルタリング (RAM: 1967.6MB, GPU: 2805.5MB)
YOLOv8で人物検出スコアを計算中...
YOLOv8で98個のマスクを評価開始...
YOLO処理済み: 10/98 (現在のスコア: 0.000)
YOLO処理済み: 20/98 (現在のスコア: 0.369)
YOLO処理済み: 30/98 (現在のスコア: 0.023)
YOLO処理済み: 40/98 (現在のスコア: 0.562)
YOLO処理済み: 50/98 (現在のスコア: 0.056)
YOLO処理済み: 60/98 (現在のスコア: 0.053)
YOLO処理済み: 70/98 (現在のスコア: 0.000)
YOLO処理済み: 80/98 (現在のスコア: 0.000)
YOLO処理済み: 90/98 (現在のスコア: 0.000)
人物検出スコア >= 0.05 のマスク数: 47
YOLO検出スコア統計: 最高=0.909, 最低=0.000, 平均=0.144
上位10スコア: ['0.909', '0.811', '0.732', '0.717', '0.711', '0.696', '0.681', '0.625', '0.562', '0.505']
🎌 アニメモード使用中: yolov8x.pt
✅ 完了: YOLO人物検出フィルタリング (1.47秒, RAM: 1967.6MB, GPU: 2805.5MB)
🎯 複数キャラクター検出: 47個 → 複合スコアで最適選択
⚠️ マスク数制限: 47個 → 20個に制限
🎯 複合スコア評価開始 (基準: balanced, 20個のマスク)
   マスク1: 総合=0.520 (面積=0.07, 全身=0.59, 中央=0.54, 接地=1.00, YOLO=0.91)
   マスク2: 総合=0.401 (面積=0.20, 全身=0.00, 中央=0.55, 接地=1.00, YOLO=0.81)
   マスク3: 総合=0.528 (面積=0.56, 全身=0.00, 中央=0.68, 接地=1.00, YOLO=0.73)
   マスク4: 総合=0.472 (面積=0.15, 全身=0.39, 中央=0.68, 接地=0.81, YOLO=0.72)
   マスク5: 総合=0.500 (面積=0.52, 全身=0.00, 中央=0.61, 接地=1.00, YOLO=0.71)
   マスク6: 総合=0.355 (面積=0.13, 全身=0.00, 中央=0.62, 接地=0.81, YOLO=0.70)
   マスク7: 総合=0.306 (面積=0.03, 全身=0.09, 中央=0.65, 接地=0.49, YOLO=0.68)
   マスク8: 総合=0.313 (面積=0.02, 全身=0.35, 中央=0.61, 接地=0.24, YOLO=0.62)
   マスク9: 総合=0.308 (面積=0.02, 全身=0.00, 中央=0.48, 接地=1.00, YOLO=0.56)
   マスク10: 総合=0.302 (面積=0.01, 全身=0.00, 中央=0.57, 接地=0.90, YOLO=0.51)
   マスク11: 総合=0.300 (面積=0.10, 全身=0.00, 中央=0.58, 接地=0.78, YOLO=0.39)
   マスク12: 総合=0.181 (面積=0.05, 全身=0.00, 中央=0.52, 接地=0.16, YOLO=0.37)
   マスク13: 総合=0.392 (面積=0.07, 全身=0.18, 中央=0.75, 接地=0.93, YOLO=0.37)
   マスク14: 総合=0.309 (面積=0.15, 全身=0.02, 中央=0.65, 接地=0.61, YOLO=0.37)
   マスク15: 総合=0.166 (面積=0.02, 全身=0.00, 中央=0.52, 接地=0.14, YOLO=0.35)
   マスク16: 総合=0.198 (面積=0.10, 全身=0.00, 中央=0.50, 接地=0.23, YOLO=0.34)
   マスク17: 総合=0.370 (面積=0.04, 全身=0.12, 中央=0.78, 接地=0.93, YOLO=0.31)
   マスク18: 総合=0.184 (面積=0.05, 全身=0.00, 中央=0.54, 接地=0.19, YOLO=0.31)
   マスク19: 総合=0.416 (面積=0.13, 全身=0.42, 中央=0.67, 接地=0.72, YOLO=0.30)
   マスク20: 総合=0.342 (面積=0.03, 全身=0.05, 中央=0.72, 接地=0.99, YOLO=0.29)
✅ 最適マスク選択: 複合スコア 0.528, 品質スコア 0.651
✅ 保存完了: kana08_0011.jpg (品質: 0.651)

進捗: 13/26 - kana08_0012.jpg
🔄 開始: 画像読み込み (RAM: 1814.2MB, GPU: 2805.5MB)
✅ 完了: 画像読み込み (0.05秒, RAM: 1814.2MB, GPU: 2805.5MB)
カラー判定: 最大チャンネル差分=0.000, 閾値=0.01, 結果=グレースケール
🔄 開始: SAMマスク生成 (RAM: 1814.2MB, GPU: 2805.5MB)
SAMでマスクを生成中...
生成されたマスク数: 100
マスク面積統計: 最小=526, 最大=287859, 平均=48123
✅ 完了: SAMマスク生成 (13.66秒, RAM: 1970.6MB, GPU: 2805.5MB)
🔄 開始: YOLO人物検出フィルタリング (RAM: 1970.6MB, GPU: 2805.5MB)
YOLOv8で人物検出スコアを計算中...
YOLOv8で100個のマスクを評価開始...
YOLO処理済み: 10/100 (現在のスコア: 0.000)
YOLO処理済み: 20/100 (現在のスコア: 0.426)
YOLO処理済み: 30/100 (現在のスコア: 0.690)
YOLO処理済み: 40/100 (現在のスコア: 0.516)
YOLO処理済み: 50/100 (現在のスコア: 0.000)
YOLO処理済み: 60/100 (現在のスコア: 0.546)
YOLO処理済み: 70/100 (現在のスコア: 0.000)
YOLO処理済み: 80/100 (現在のスコア: 0.017)
YOLO処理済み: 90/100 (現在のスコア: 0.171)
YOLO処理済み: 100/100 (現在のスコア: 0.057)
人物検出スコア >= 0.05 のマスク数: 57
YOLO検出スコア統計: 最高=0.767, 最低=0.000, 平均=0.168
上位10スコア: ['0.767', '0.690', '0.686', '0.659', '0.621', '0.611', '0.594', '0.594', '0.593', '0.583']
🎌 アニメモード使用中: yolov8x.pt
✅ 完了: YOLO人物検出フィルタリング (1.41秒, RAM: 1970.6MB, GPU: 2805.5MB)
🎯 複数キャラクター検出: 57個 → 複合スコアで最適選択
⚠️ マスク数制限: 57個 → 20個に制限
🎯 複合スコア評価開始 (基準: balanced, 20個のマスク)
   マスク1: 総合=0.304 (面積=0.02, 全身=0.00, 中央=0.61, 接地=0.66, YOLO=0.77)
   マスク2: 総合=0.337 (面積=0.04, 全身=0.00, 中央=0.58, 接地=0.94, YOLO=0.69)
   マスク3: 総合=0.326 (面積=0.01, 全身=0.00, 中央=0.52, 接地=1.00, YOLO=0.69)
   マスク4: 総合=0.544 (面積=0.01, 全身=0.83, 中央=0.80, 接地=0.72, YOLO=0.66)
   マスク5: 総合=0.353 (面積=0.10, 全身=0.42, 中央=0.50, 接地=0.36, YOLO=0.62)
   マスク6: 総合=0.422 (面積=0.05, 全身=0.40, 中央=0.57, 接地=0.89, YOLO=0.61)
   マスク7: 総合=0.249 (面積=0.02, 全身=0.10, 中央=0.48, 接地=0.43, YOLO=0.59)
   マスク8: 総合=0.321 (面積=0.08, 全身=0.00, 中央=0.69, 接地=0.66, YOLO=0.59)
   マスク9: 総合=0.413 (面積=0.05, 全身=0.47, 中央=0.62, 接地=0.66, YOLO=0.59)
   マスク10: 総合=0.469 (面積=0.02, 全身=0.52, 中央=0.77, 接地=0.81, YOLO=0.58)
   マスク11: 総合=0.282 (面積=0.21, 全身=0.00, 中央=0.52, 接地=0.39, YOLO=0.57)
   マスク12: 総合=0.382 (面積=0.20, 全身=0.37, 中央=0.61, 接地=0.37, YOLO=0.55)
   マスク13: 総合=0.252 (面積=0.01, 全身=0.00, 中央=0.67, 接地=0.41, YOLO=0.54)
   マスク14: 総合=0.313 (面積=0.04, 全身=0.00, 中央=0.62, 接地=0.84, YOLO=0.52)
   マスク15: 総合=0.497 (面積=0.06, 全身=0.89, 中央=0.54, 接地=0.69, YOLO=0.45)
   マスク16: 総合=0.324 (面積=0.02, 全身=0.11, 中央=0.51, 接地=0.96, YOLO=0.43)
   マスク17: 総合=0.315 (面積=0.06, 全身=0.00, 中央=0.53, 接地=1.00, YOLO=0.42)
   マスク18: 総合=0.314 (面積=0.10, 全身=0.00, 中央=0.59, 接地=0.84, YOLO=0.41)
   マスク19: 総合=0.350 (面積=0.14, 全身=0.03, 中央=0.60, 接地=0.96, YOLO=0.37)
   マスク20: 総合=0.526 (面積=0.03, 全身=0.98, 中央=0.54, 接地=0.89, YOLO=0.34)
✅ 最適マスク選択: 複合スコア 0.544, 品質スコア 0.613
✅ 保存完了: kana08_0012.jpg (品質: 0.613)

進捗: 14/26 - kana08_0013.jpg
🔄 開始: 画像読み込み (RAM: 1814.2MB, GPU: 2805.5MB)
✅ 完了: 画像読み込み (0.05秒, RAM: 1814.2MB, GPU: 2805.5MB)
カラー判定: 最大チャンネル差分=0.000, 閾値=0.01, 結果=グレースケール
🔄 開始: SAMマスク生成 (RAM: 1814.2MB, GPU: 2805.5MB)
SAMでマスクを生成中...
生成されたマスク数: 91
マスク面積統計: 最小=446, 最大=739138, 平均=56315
✅ 完了: SAMマスク生成 (22.39秒, RAM: 1943.5MB, GPU: 2805.5MB)
🔄 開始: YOLO人物検出フィルタリング (RAM: 1943.5MB, GPU: 2805.5MB)
YOLOv8で人物検出スコアを計算中...
YOLOv8で91個のマスクを評価開始...
YOLO処理済み: 10/91 (現在のスコア: 0.574)
YOLO処理済み: 20/91 (現在のスコア: 0.360)
YOLO処理済み: 30/91 (現在のスコア: 0.390)
YOLO処理済み: 40/91 (現在のスコア: 0.000)
YOLO処理済み: 50/91 (現在のスコア: 0.314)
YOLO処理済み: 60/91 (現在のスコア: 0.000)
YOLO処理済み: 70/91 (現在のスコア: 0.017)
YOLO処理済み: 80/91 (現在のスコア: 0.464)
YOLO処理済み: 90/91 (現在のスコア: 0.703)
人物検出スコア >= 0.05 のマスク数: 50
YOLO検出スコア統計: 最高=0.856, 最低=0.000, 平均=0.175
上位10スコア: ['0.856', '0.812', '0.776', '0.708', '0.703', '0.653', '0.610', '0.574', '0.550', '0.464']
🎌 アニメモード使用中: yolov8x.pt
✅ 完了: YOLO人物検出フィルタリング (1.53秒, RAM: 1943.5MB, GPU: 2805.5MB)
🎯 複数キャラクター検出: 50個 → 複合スコアで最適選択
⚠️ マスク数制限: 50個 → 20個に制限
🎯 複合スコア評価開始 (基準: balanced, 20個のマスク)
   マスク1: 総合=0.483 (面積=0.12, 全身=0.37, 中央=0.70, 接地=0.88, YOLO=0.86)
   マスク2: 総合=0.261 (面積=0.07, 全身=0.00, 中央=0.59, 接地=0.27, YOLO=0.81)
   マスク3: 総合=0.346 (面積=0.03, 全身=0.40, 中央=0.60, 接地=0.26, YOLO=0.78)
   マスク4: 総合=0.363 (面積=0.04, 全身=0.08, 中央=0.77, 接地=0.70, YOLO=0.71)
   マスク5: 総合=0.450 (面積=0.07, 全身=0.39, 中央=0.75, 接地=0.76, YOLO=0.70)
   マスク6: 総合=0.332 (面積=0.07, 全身=0.00, 中央=0.47, 接地=1.00, YOLO=0.65)
   マスク7: 総合=0.366 (面積=0.03, 全身=0.54, 中央=0.60, 接地=0.27, YOLO=0.61)
   マスク8: 総合=0.347 (面積=0.06, 全身=0.00, 中央=0.77, 接地=0.78, YOLO=0.57)
   マスク9: 総合=0.221 (面積=0.06, 全身=0.04, 中央=0.45, 接地=0.31, YOLO=0.55)
   マスク10: 総合=0.550 (面積=0.04, 全身=0.86, 中央=0.87, 接地=0.69, YOLO=0.46)
   マスク11: 総合=0.274 (面積=0.01, 全身=0.30, 中央=0.46, 接地=0.40, YOLO=0.44)
   マスク12: 総合=0.568 (面積=0.20, 全身=0.46, 中央=1.00, 接地=1.00, YOLO=0.44)
   マスク13: 総合=0.178 (面積=0.03, 全身=0.00, 中央=0.54, 接地=0.13, YOLO=0.42)
   マスク14: 総合=0.392 (面積=0.07, 全身=0.37, 中央=0.61, 接地=0.78, YOLO=0.39)
   マスク15: 総合=0.481 (面積=0.11, 全身=0.57, 中央=0.60, 接地=0.98, YOLO=0.38)
   マスク16: 総合=0.458 (面積=0.01, 全身=0.51, 中央=0.86, 接地=0.78, YOLO=0.38)
   マスク17: 総合=0.345 (面積=0.02, 全身=0.39, 中央=0.71, 接地=0.43, YOLO=0.36)
   マスク18: 総合=0.348 (面積=0.02, 全身=0.33, 中央=0.37, 接地=1.00, YOLO=0.36)
   マスク19: 総合=0.295 (面積=0.04, 全身=0.00, 中央=0.50, 接地=1.00, YOLO=0.32)
   マスク20: 総合=0.400 (面積=0.09, 全身=0.42, 中央=0.46, 接地=0.96, YOLO=0.31)
✅ 最適マスク選択: 複合スコア 0.568, 品質スコア 0.488
✅ 保存完了: kana08_0013.jpg (品質: 0.488)

進捗: 15/26 - kana08_0014.jpg
🔄 開始: 画像読み込み (RAM: 1814.1MB, GPU: 2805.5MB)
✅ 完了: 画像読み込み (0.05秒, RAM: 1814.1MB, GPU: 2805.5MB)
カラー判定: 最大チャンネル差分=0.000, 閾値=0.01, 結果=グレースケール
🔄 開始: SAMマスク生成 (RAM: 1814.1MB, GPU: 2805.5MB)
SAMでマスクを生成中...
生成されたマスク数: 95
マスク面積統計: 最小=257, 最大=2920870, 平均=76151
✅ 完了: SAMマスク生成 (21.82秒, RAM: 2013.9MB, GPU: 2805.5MB)
🔄 開始: YOLO人物検出フィルタリング (RAM: 2014.5MB, GPU: 2805.5MB)
YOLOv8で人物検出スコアを計算中...
YOLOv8で95個のマスクを評価開始...
YOLO処理済み: 10/95 (現在のスコア: 0.000)
YOLO処理済み: 20/95 (現在のスコア: 0.011)
YOLO処理済み: 30/95 (現在のスコア: 0.036)
YOLO処理済み: 40/95 (現在のスコア: 0.015)
YOLO処理済み: 50/95 (現在のスコア: 0.033)
YOLO処理済み: 60/95 (現在のスコア: 0.031)
YOLO処理済み: 70/95 (現在のスコア: 0.039)
YOLO処理済み: 80/95 (現在のスコア: 0.069)
YOLO処理済み: 90/95 (現在のスコア: 0.233)
人物検出スコア >= 0.05 のマスク数: 41
YOLO検出スコア統計: 最高=0.800, 最低=0.000, 平均=0.141
上位10スコア: ['0.800', '0.750', '0.704', '0.692', '0.668', '0.630', '0.575', '0.556', '0.541', '0.513']
🎌 アニメモード使用中: yolov8x.pt
✅ 完了: YOLO人物検出フィルタリング (1.42秒, RAM: 2014.5MB, GPU: 2805.5MB)
🎯 複数キャラクター検出: 41個 → 複合スコアで最適選択
⚠️ マスク数制限: 41個 → 20個に制限
🎯 複合スコア評価開始 (基準: balanced, 20個のマスク)
   マスク1: 総合=0.492 (面積=0.17, 全身=0.48, 中央=0.73, 接地=0.63, YOLO=0.80)
   マスク2: 総合=0.471 (面積=0.10, 全身=0.40, 中央=0.70, 接地=0.85, YOLO=0.75)
   マスク3: 総合=0.320 (面積=0.06, 全身=0.00, 中央=0.65, 接地=0.67, YOLO=0.70)
   マスク4: 総合=0.539 (面積=0.00, 全身=0.51, 中央=0.97, 接地=1.00, YOLO=0.69)
   マスク5: 総合=0.349 (面積=0.14, 全身=0.00, 中央=0.72, 接地=0.63, YOLO=0.67)
   マスク6: 総合=0.441 (面積=0.04, 全身=0.58, 中央=0.64, 接地=0.62, YOLO=0.63)
   マスク7: 総合=0.396 (面積=0.05, 全身=0.40, 中央=0.73, 接地=0.52, YOLO=0.58)
   マスク8: 総合=0.345 (面積=0.12, 全身=0.00, 中央=0.68, 接地=0.79, YOLO=0.56)
   マスク9: 総合=0.426 (面積=0.03, 全身=0.25, 中央=0.81, 接地=0.92, YOLO=0.54)
   マスク10: 総合=0.334 (面積=0.07, 全身=0.00, 中央=0.77, 接地=0.72, YOLO=0.51)
   マスク11: 総合=0.436 (面積=0.03, 全身=0.66, 中央=0.71, 接地=0.46, YOLO=0.49)
   マスク12: 総合=0.281 (面積=0.02, 全身=0.00, 中央=0.69, 接地=0.59, YOLO=0.49)
   マスク13: 総合=0.515 (面積=0.06, 全身=0.84, 中央=0.71, 接地=0.63, YOLO=0.49)
   マスク14: 総合=0.287 (面積=0.02, 全身=0.18, 中央=0.66, 接地=0.38, YOLO=0.47)
   マスク15: 総合=0.504 (面積=0.05, 全身=0.87, 中央=0.61, 接地=0.73, YOLO=0.40)
   マスク16: 総合=0.331 (面積=0.06, 全身=0.32, 中央=0.61, 接地=0.47, YOLO=0.38)
   マスク17: 総合=0.334 (面積=0.18, 全身=0.04, 中央=0.67, 接地=0.67, YOLO=0.37)
   マスク18: 総合=0.369 (面積=0.06, 全身=0.06, 中央=0.77, 接地=1.00, YOLO=0.31)
   マスク19: 総合=0.455 (面積=0.13, 全身=0.34, 中央=0.89, 接地=0.87, YOLO=0.25)
   マスク20: 総合=0.319 (面積=0.00, 全身=0.49, 中央=0.49, 接地=0.48, YOLO=0.25)
✅ 最適マスク選択: 複合スコア 0.539, 品質スコア 0.631
✅ 保存完了: kana08_0014.jpg (品質: 0.631)

進捗: 16/26 - kana08_0015.jpg
🔄 開始: 画像読み込み (RAM: 1836.9MB, GPU: 2805.5MB)
✅ 完了: 画像読み込み (0.05秒, RAM: 1836.9MB, GPU: 2805.5MB)
カラー判定: 最大チャンネル差分=0.000, 閾値=0.01, 結果=グレースケール
🔄 開始: SAMマスク生成 (RAM: 1836.9MB, GPU: 2805.5MB)
SAMでマスクを生成中...
生成されたマスク数: 95
マスク面積統計: 最小=1707, 最大=316224, 平均=50947
✅ 完了: SAMマスク生成 (48.80秒, RAM: 1970.5MB, GPU: 2805.5MB)
🔄 開始: YOLO人物検出フィルタリング (RAM: 1970.5MB, GPU: 2805.5MB)
YOLOv8で人物検出スコアを計算中...
YOLOv8で95個のマスクを評価開始...
YOLO処理済み: 10/95 (現在のスコア: 0.166)
YOLO処理済み: 20/95 (現在のスコア: 0.013)
YOLO処理済み: 30/95 (現在のスコア: 0.015)
YOLO処理済み: 40/95 (現在のスコア: 0.019)
YOLO処理済み: 50/95 (現在のスコア: 0.023)
YOLO処理済み: 60/95 (現在のスコア: 0.173)
YOLO処理済み: 70/95 (現在のスコア: 0.000)
YOLO処理済み: 80/95 (現在のスコア: 0.568)
YOLO処理済み: 90/95 (現在のスコア: 0.000)
人物検出スコア >= 0.05 のマスク数: 45
YOLO検出スコア統計: 最高=0.799, 最低=0.000, 平均=0.140
上位10スコア: ['0.799', '0.786', '0.692', '0.655', '0.571', '0.569', '0.568', '0.549', '0.535', '0.508']
🎌 アニメモード使用中: yolov8x.pt
✅ 完了: YOLO人物検出フィルタリング (1.60秒, RAM: 1970.5MB, GPU: 2805.5MB)
🎯 複数キャラクター検出: 45個 → 複合スコアで最適選択
⚠️ マスク数制限: 45個 → 20個に制限
🎯 複合スコア評価開始 (基準: balanced, 20個のマスク)
   マスク1: 総合=0.476 (面積=0.04, 全身=0.57, 中央=0.75, 接地=0.61, YOLO=0.80)
   マスク2: 総合=0.394 (面積=0.04, 全身=0.00, 中央=0.81, 接地=0.95, YOLO=0.79)
   マスク3: 総合=0.330 (面積=0.07, 全身=0.12, 中央=0.61, 接地=0.59, YOLO=0.69)
   マスク4: 総合=0.370 (面積=0.02, 全身=0.22, 中央=0.51, 接地=0.94, YOLO=0.65)
   マスク5: 総合=0.558 (面積=0.05, 全身=0.95, 中央=0.74, 接地=0.67, YOLO=0.57)
   マスク6: 総合=0.407 (面積=0.15, 全身=0.08, 中央=0.74, 接地=0.91, YOLO=0.57)
   マスク7: 総合=0.550 (面積=0.12, 全身=0.77, 中央=0.57, 接地=1.00, YOLO=0.57)
   マスク8: 総合=0.273 (面積=0.02, 全身=0.00, 中央=0.47, 接地=0.79, YOLO=0.55)
   マスク9: 総合=0.350 (面積=0.04, 全身=0.20, 中央=0.59, 接地=0.79, YOLO=0.53)
   マスク10: 総合=0.349 (面積=0.14, 全身=0.00, 中央=0.77, 接地=0.69, YOLO=0.51)
   マスク11: 総合=0.329 (面積=0.08, 全身=0.00, 中央=0.65, 接地=0.85, YOLO=0.48)
   マスク12: 総合=0.359 (面積=0.15, 全身=0.00, 中央=0.77, 接地=0.81, YOLO=0.39)
   マスク13: 総合=0.309 (面積=0.08, 全身=0.00, 中央=0.80, 接地=0.59, YOLO=0.35)
   マスク14: 総合=0.391 (面積=0.18, 全身=0.15, 中央=0.59, 接地=0.98, YOLO=0.34)
   マスク15: 総合=0.429 (面積=0.05, 全身=0.49, 中央=0.80, 接地=0.68, YOLO=0.32)
   マスク16: 総合=0.288 (面積=0.01, 全身=0.00, 中央=0.72, 接地=0.74, YOLO=0.30)
   マスク17: 総合=0.307 (面積=0.01, 全身=0.00, 中央=0.75, 接地=0.82, YOLO=0.28)
   マスク18: 総合=0.344 (面積=0.02, 全身=0.20, 中央=0.70, 接地=0.81, YOLO=0.28)
   マスク19: 総合=0.356 (面積=0.02, 全身=0.00, 中央=0.94, 接地=0.89, YOLO=0.27)
   マスク20: 総合=0.359 (面積=0.01, 全身=0.19, 中央=0.89, 接地=0.70, YOLO=0.24)
✅ 最適マスク選択: 複合スコア 0.558, 品質スコア 0.566
✅ 保存完了: kana08_0015.jpg (品質: 0.566)

進捗: 17/26 - kana08_0016.jpg
🔄 開始: 画像読み込み (RAM: 1829.0MB, GPU: 2805.5MB)
✅ 完了: 画像読み込み (0.05秒, RAM: 1829.0MB, GPU: 2805.5MB)
カラー判定: 最大チャンネル差分=0.000, 閾値=0.01, 結果=グレースケール
🔄 開始: SAMマスク生成 (RAM: 1829.0MB, GPU: 2805.5MB)
SAMでマスクを生成中...
生成されたマスク数: 94
マスク面積統計: 最小=365, 最大=309806, 平均=52979
✅ 完了: SAMマスク生成 (93.79秒, RAM: 2008.1MB, GPU: 2805.5MB)
🔄 開始: YOLO人物検出フィルタリング (RAM: 2014.6MB, GPU: 2805.5MB)
YOLOv8で人物検出スコアを計算中...
YOLOv8で94個のマスクを評価開始...
YOLO処理済み: 10/94 (現在のスコア: 0.000)
YOLO処理済み: 20/94 (現在のスコア: 0.825)
YOLO処理済み: 30/94 (現在のスコア: 0.215)
YOLO処理済み: 40/94 (現在のスコア: 0.000)
YOLO処理済み: 50/94 (現在のスコア: 0.031)
YOLO処理済み: 60/94 (現在のスコア: 0.099)
YOLO処理済み: 70/94 (現在のスコア: 0.023)
YOLO処理済み: 80/94 (現在のスコア: 0.018)
YOLO処理済み: 90/94 (現在のスコア: 0.159)
人物検出スコア >= 0.05 のマスク数: 50
YOLO検出スコア統計: 最高=0.835, 最低=0.000, 平均=0.160
上位10スコア: ['0.835', '0.825', '0.704', '0.688', '0.679', '0.616', '0.532', '0.529', '0.511', '0.493']
🎌 アニメモード使用中: yolov8x.pt
✅ 完了: YOLO人物検出フィルタリング (1.46秒, RAM: 2017.0MB, GPU: 2805.5MB)
🎯 複数キャラクター検出: 50個 → 複合スコアで最適選択
⚠️ マスク数制限: 50個 → 20個に制限
🎯 複合スコア評価開始 (基準: balanced, 20個のマスク)
   マスク1: 総合=0.616 (面積=0.14, 全身=0.82, 中央=0.67, 接地=1.00, YOLO=0.84)
   マスク2: 総合=0.355 (面積=0.03, 全身=0.00, 中央=0.69, 接地=0.84, YOLO=0.83)
   マスク3: 総合=0.403 (面積=0.14, 全身=0.16, 中央=0.50, 接地=1.00, YOLO=0.70)
   マスク4: 総合=0.445 (面積=0.05, 全身=0.35, 中央=0.79, 接地=0.77, YOLO=0.69)
   マスク5: 総合=0.518 (面積=0.07, 全身=0.61, 中央=0.76, 接地=0.84, YOLO=0.68)
   マスク6: 総合=0.457 (面積=0.08, 全身=0.41, 中央=0.59, 接地=1.00, YOLO=0.62)
   マスク7: 総合=0.416 (面積=0.08, 全身=0.14, 中央=0.88, 接地=0.86, YOLO=0.53)
   マスク8: 総合=0.384 (面積=0.03, 全身=0.39, 中央=0.70, 接地=0.57, YOLO=0.53)
   マスク9: 総合=0.406 (面積=0.11, 全身=0.23, 中央=0.70, 接地=0.82, YOLO=0.51)
   マスク10: 総合=0.533 (面積=0.00, 全身=0.93, 中央=0.65, 接地=0.80, YOLO=0.49)
   マスク11: 総合=0.293 (面積=0.06, 全身=0.00, 中央=0.62, 接地=0.70, YOLO=0.46)
   マスク12: 総合=0.480 (面積=0.12, 全身=0.66, 中央=0.42, 接地=1.00, YOLO=0.45)
   マスク13: 総合=0.488 (面積=0.01, 全身=0.71, 中央=0.84, 接地=0.64, YOLO=0.45)
   マスク14: 総合=0.214 (面積=0.05, 全身=0.00, 中央=0.54, 接地=0.31, YOLO=0.44)
   マスク15: 総合=0.297 (面積=0.02, 全身=0.51, 中央=0.53, 接地=0.13, YOLO=0.38)
   マスク16: 総合=0.334 (面積=0.07, 全身=0.00, 中央=0.79, 接地=0.78, YOLO=0.37)
   マスク17: 総合=0.365 (面積=0.06, 全身=0.21, 中央=0.69, 接地=0.80, YOLO=0.34)
   マスク18: 総合=0.301 (面積=0.01, 全身=0.03, 中央=0.73, 接地=0.75, YOLO=0.32)
   マスク19: 総合=0.344 (面積=0.05, 全身=0.18, 中央=0.69, 接地=0.76, YOLO=0.31)
   マスク20: 総合=0.360 (面積=0.19, 全身=0.01, 中央=0.78, 接地=0.77, YOLO=0.30)
✅ 最適マスク選択: 複合スコア 0.616, 品質スコア 0.748
✅ 保存完了: kana08_0016.jpg (品質: 0.748)

進捗: 18/26 - kana08_0017.jpg
🔄 開始: 画像読み込み (RAM: 1878.7MB, GPU: 2805.5MB)
✅ 完了: 画像読み込み (0.06秒, RAM: 1878.7MB, GPU: 2805.5MB)
カラー判定: 最大チャンネル差分=0.000, 閾値=0.01, 結果=グレースケール
🔄 開始: SAMマスク生成 (RAM: 1878.7MB, GPU: 2805.5MB)
SAMでマスクを生成中...
生成されたマスク数: 108
マスク面積統計: 最小=1029, 最大=411582, 平均=43140
✅ 完了: SAMマスク生成 (15.92秒, RAM: 2123.8MB, GPU: 2805.5MB)
🔄 開始: YOLO人物検出フィルタリング (RAM: 2131.5MB, GPU: 2805.5MB)
YOLOv8で人物検出スコアを計算中...
YOLOv8で108個のマスクを評価開始...
YOLO処理済み: 10/108 (現在のスコア: 0.037)
YOLO処理済み: 20/108 (現在のスコア: 0.096)
YOLO処理済み: 30/108 (現在のスコア: 0.000)
YOLO処理済み: 40/108 (現在のスコア: 0.035)
YOLO処理済み: 50/108 (現在のスコア: 0.000)
YOLO処理済み: 60/108 (現在のスコア: 0.017)
YOLO処理済み: 70/108 (現在のスコア: 0.035)
YOLO処理済み: 80/108 (現在のスコア: 0.022)
YOLO処理済み: 90/108 (現在のスコア: 0.197)
YOLO処理済み: 100/108 (現在のスコア: 0.011)
人物検出スコア >= 0.05 のマスク数: 54
YOLO検出スコア統計: 最高=0.876, 最低=0.000, 平均=0.154
上位10スコア: ['0.876', '0.874', '0.860', '0.735', '0.731', '0.722', '0.600', '0.574', '0.507', '0.501']
🎌 アニメモード使用中: yolov8x.pt
✅ 完了: YOLO人物検出フィルタリング (1.76秒, RAM: 2131.5MB, GPU: 2805.5MB)
🎯 複数キャラクター検出: 54個 → 複合スコアで最適選択
⚠️ マスク数制限: 54個 → 20個に制限
🎯 複合スコア評価開始 (基準: balanced, 20個のマスク)
   マスク1: 総合=0.544 (面積=0.18, 全身=0.59, 中央=0.64, 接地=0.83, YOLO=0.88)
   マスク2: 総合=0.352 (面積=0.08, 全身=0.00, 中央=0.58, 接地=0.84, YOLO=0.87)
   マスク3: 総合=0.458 (面積=0.06, 全身=0.34, 中央=0.59, 接地=1.00, YOLO=0.86)
   マスク4: 総合=0.368 (面積=0.03, 全身=0.30, 中央=0.64, 接地=0.54, YOLO=0.74)
   マスク5: 総合=0.448 (面積=0.03, 全身=0.43, 中央=0.72, 接地=0.76, YOLO=0.73)
   マスク6: 総合=0.340 (面積=0.06, 全身=0.00, 中央=0.69, 接地=0.74, YOLO=0.72)
   マスク7: 総合=0.490 (面積=0.13, 全身=0.50, 中央=0.66, 接地=0.89, YOLO=0.60)
   マスク8: 総合=0.343 (面積=0.05, 全身=0.00, 中央=0.77, 接地=0.77, YOLO=0.57)
   マスク9: 総合=0.402 (面積=0.05, 全身=0.33, 中央=0.61, 接地=0.89, YOLO=0.51)
   マスク10: 総合=0.493 (面積=0.05, 全身=0.78, 中央=0.71, 接地=0.61, YOLO=0.50)
   マスク11: 総合=0.277 (面積=0.00, 全身=0.12, 中央=0.70, 接地=0.37, YOLO=0.50)
   マスク12: 総合=0.424 (面積=0.13, 全身=0.26, 中央=0.67, 接地=0.94, YOLO=0.47)
   マスク13: 総合=0.527 (面積=0.04, 全身=0.84, 中央=0.72, 接地=0.81, YOLO=0.42)
   マスク14: 総合=0.391 (面積=0.02, 全身=0.33, 中央=0.62, 接地=0.90, YOLO=0.42)
   マスク15: 総合=0.325 (面積=0.05, 全身=0.48, 中央=0.57, 接地=0.25, YOLO=0.40)
   マスク16: 総合=0.451 (面積=0.17, 全身=0.39, 中央=0.75, 接地=0.77, YOLO=0.38)
   マスク17: 総合=0.361 (面積=0.11, 全身=0.00, 中央=0.76, 接地=0.93, YOLO=0.38)
   マスク18: 総合=0.287 (面積=0.22, 全身=0.14, 中央=0.49, 接地=0.35, YOLO=0.36)
   マスク19: 総合=0.283 (面積=0.08, 全身=0.00, 中央=0.71, 接地=0.55, YOLO=0.34)
   マスク20: 総合=0.350 (面積=0.05, 全身=0.23, 中央=0.60, 接地=0.83, YOLO=0.33)
✅ 最適マスク選択: 複合スコア 0.544, 品質スコア 0.743
✅ 保存完了: kana08_0017.jpg (品質: 0.743)

進捗: 19/26 - kana08_0018.jpg
🔄 開始: 画像読み込み (RAM: 1893.6MB, GPU: 2805.5MB)
✅ 完了: 画像読み込み (0.06秒, RAM: 1893.6MB, GPU: 2805.5MB)
カラー判定: 最大チャンネル差分=0.000, 閾値=0.01, 結果=グレースケール
🔄 開始: SAMマスク生成 (RAM: 1893.6MB, GPU: 2805.5MB)
SAMでマスクを生成中...
生成されたマスク数: 101
マスク面積統計: 最小=1387, 最大=831295, 平均=64461
✅ 完了: SAMマスク生成 (22.24秒, RAM: 2121.1MB, GPU: 2805.5MB)
🔄 開始: YOLO人物検出フィルタリング (RAM: 2130.3MB, GPU: 2805.5MB)
YOLOv8で人物検出スコアを計算中...
YOLOv8で101個のマスクを評価開始...
YOLO処理済み: 10/101 (現在のスコア: 0.209)
YOLO処理済み: 20/101 (現在のスコア: 0.274)
YOLO処理済み: 30/101 (現在のスコア: 0.000)
YOLO処理済み: 40/101 (現在のスコア: 0.000)
YOLO処理済み: 50/101 (現在のスコア: 0.000)
YOLO処理済み: 60/101 (現在のスコア: 0.058)
YOLO処理済み: 70/101 (現在のスコア: 0.316)
YOLO処理済み: 80/101 (現在のスコア: 0.048)
YOLO処理済み: 90/101 (現在のスコア: 0.300)
YOLO処理済み: 100/101 (現在のスコア: 0.000)
人物検出スコア >= 0.05 のマスク数: 43
YOLO検出スコア統計: 最高=0.696, 最低=0.000, 平均=0.098
上位10スコア: ['0.696', '0.690', '0.637', '0.553', '0.444', '0.438', '0.379', '0.366', '0.325', '0.316']
🎌 アニメモード使用中: yolov8x.pt
✅ 完了: YOLO人物検出フィルタリング (1.51秒, RAM: 2130.3MB, GPU: 2805.5MB)
🎯 複数キャラクター検出: 43個 → 複合スコアで最適選択
⚠️ マスク数制限: 43個 → 20個に制限
🎯 複合スコア評価開始 (基準: balanced, 20個のマスク)
   マスク1: 総合=0.424 (面積=0.06, 全身=0.03, 中央=0.94, 接地=0.94, YOLO=0.70)
   マスク2: 総合=0.482 (面積=0.01, 全身=0.69, 中央=0.60, 接地=0.79, YOLO=0.69)
   マスク3: 総合=0.481 (面積=0.04, 全身=0.65, 中央=0.50, 接地=0.94, YOLO=0.64)
   マスク4: 総合=0.509 (面積=0.11, 全身=0.36, 中央=0.95, 接地=0.95, YOLO=0.55)
   マスク5: 総合=0.224 (面積=0.02, 全身=0.08, 中央=0.51, 接地=0.33, YOLO=0.44)
   マスク6: 総合=0.493 (面積=0.08, 全身=0.54, 中央=0.74, 接地=0.95, YOLO=0.44)
   マスク7: 総合=0.373 (面積=0.02, 全身=0.36, 中央=0.45, 接地=1.00, YOLO=0.38)
   マスク8: 総合=0.397 (面積=0.01, 全身=0.67, 中央=0.53, 接地=0.57, YOLO=0.37)
   マスク9: 総合=0.446 (面積=0.01, 全身=0.50, 中央=0.71, 接地=0.96, YOLO=0.32)
   マスク10: 総合=0.539 (面積=0.03, 全身=0.86, 中央=0.77, 接地=0.86, YOLO=0.32)
   マスク11: 総合=0.259 (面積=0.02, 全身=0.36, 中央=0.47, 接地=0.27, YOLO=0.30)
   マスク12: 総合=0.276 (面積=0.01, 全身=0.01, 中央=0.63, 接地=0.78, YOLO=0.29)
   マスク13: 総合=0.348 (面積=0.02, 全身=0.27, 中央=0.73, 接地=0.67, YOLO=0.27)
   マスク14: 総合=0.295 (面積=0.04, 全身=0.00, 中央=0.71, 接地=0.77, YOLO=0.26)
   マスク15: 総合=0.388 (面積=0.04, 全身=0.50, 中央=0.45, 接地=0.91, YOLO=0.23)
   マスク16: 総合=0.351 (面積=0.10, 全身=0.00, 中央=0.84, 接地=0.89, YOLO=0.21)
   マスク17: 総合=0.239 (面積=0.08, 全身=0.00, 中央=0.61, 接地=0.48, YOLO=0.21)
   マスク18: 総合=0.427 (面積=0.05, 全身=0.53, 中央=0.56, 接地=1.00, YOLO=0.18)
   マスク19: 総合=0.351 (面積=0.22, 全身=0.00, 中央=0.58, 接地=1.00, YOLO=0.18)
   マスク20: 総合=0.414 (面積=0.05, 全身=0.53, 中央=0.64, 接地=0.81, YOLO=0.17)
✅ 最適マスク選択: 複合スコア 0.539, 品質スコア 0.405
✅ 保存完了: kana08_0018.jpg (品質: 0.405)

進捗: 20/26 - kana08_0019.jpg
🔄 開始: 画像読み込み (RAM: 1910.5MB, GPU: 2805.5MB)
✅ 完了: 画像読み込み (0.06秒, RAM: 1910.5MB, GPU: 2805.5MB)
カラー判定: 最大チャンネル差分=0.000, 閾値=0.01, 結果=グレースケール
🔄 開始: SAMマスク生成 (RAM: 1910.5MB, GPU: 2805.5MB)
SAMでマスクを生成中...
生成されたマスク数: 88
マスク面積統計: 最小=689, 最大=1699541, 平均=85543
✅ 完了: SAMマスク生成 (27.93秒, RAM: 2033.4MB, GPU: 2805.5MB)
🔄 開始: YOLO人物検出フィルタリング (RAM: 2033.7MB, GPU: 2805.5MB)
YOLOv8で人物検出スコアを計算中...
YOLOv8で88個のマスクを評価開始...
YOLO処理済み: 10/88 (現在のスコア: 0.011)
YOLO処理済み: 20/88 (現在のスコア: 0.000)
YOLO処理済み: 30/88 (現在のスコア: 0.000)
YOLO処理済み: 40/88 (現在のスコア: 0.119)
YOLO処理済み: 50/88 (現在のスコア: 0.000)
YOLO処理済み: 60/88 (現在のスコア: 0.000)
YOLO処理済み: 70/88 (現在のスコア: 0.354)
YOLO処理済み: 80/88 (現在のスコア: 0.000)
人物検出スコア >= 0.05 のマスク数: 38
YOLO検出スコア統計: 最高=0.809, 最低=0.000, 平均=0.124
上位10スコア: ['0.809', '0.734', '0.724', '0.661', '0.592', '0.431', '0.429', '0.410', '0.401', '0.382']
🎌 アニメモード使用中: yolov8x.pt
✅ 完了: YOLO人物検出フィルタリング (1.43秒, RAM: 2033.7MB, GPU: 2805.5MB)
🎯 複数キャラクター検出: 38個 → 複合スコアで最適選択
⚠️ マスク数制限: 38個 → 20個に制限
🎯 複合スコア評価開始 (基準: balanced, 20個のマスク)
   マスク1: 総合=0.393 (面積=0.07, 全身=0.10, 中央=0.81, 接地=0.69, YOLO=0.81)
   マスク2: 総合=0.466 (面積=0.08, 全身=0.15, 中央=0.91, 接地=0.98, YOLO=0.73)
   マスク3: 総合=0.417 (面積=0.17, 全身=0.04, 中央=0.88, 接地=0.71, YOLO=0.72)
   マスク4: 総合=0.363 (面積=0.02, 全身=0.35, 中央=0.69, 接地=0.42, YOLO=0.66)
   マスク5: 総合=0.188 (面積=0.00, 全身=0.00, 中央=0.47, 接地=0.23, YOLO=0.59)
   マスク6: 総合=0.502 (面積=0.06, 全身=0.81, 中央=0.66, 接地=0.72, YOLO=0.43)
   マスク7: 総合=0.486 (面積=0.01, 全身=0.82, 中央=0.61, 接地=0.74, YOLO=0.43)
   マスク8: 総合=0.327 (面積=0.01, 全身=0.00, 中央=0.77, 接地=0.86, YOLO=0.41)
   マスク9: 総合=0.275 (面積=0.02, 全身=0.28, 中央=0.53, 接地=0.35, YOLO=0.40)
   マスク10: 総合=0.423 (面積=0.03, 全身=0.50, 中央=0.77, 接地=0.64, YOLO=0.38)
   マスク11: 総合=0.380 (面積=0.05, 全身=0.22, 中央=0.77, 接地=0.79, YOLO=0.38)
   マスク12: 総合=0.222 (面積=0.01, 全身=0.00, 中央=0.63, 接地=0.38, YOLO=0.37)
   マスク13: 総合=0.422 (面積=0.08, 全身=0.50, 中央=0.69, 接地=0.65, YOLO=0.36)
   マスク14: 総合=0.345 (面積=0.18, 全身=0.00, 中央=0.79, 接地=0.65, YOLO=0.35)
   マスク15: 総合=0.249 (面積=0.02, 全身=0.00, 中央=0.70, 接地=0.45, YOLO=0.35)
   マスク16: 総合=0.382 (面積=0.01, 全身=0.46, 中央=0.51, 接地=0.85, YOLO=0.33)
   マスク17: 総合=0.343 (面積=0.01, 全身=0.38, 中央=0.46, 接地=0.83, YOLO=0.31)
   マスク18: 総合=0.350 (面積=0.01, 全身=0.46, 中央=0.60, 接地=0.56, YOLO=0.31)
   マスク19: 総合=0.292 (面積=0.01, 全身=0.00, 中央=0.79, 接地=0.71, YOLO=0.23)
   マスク20: 総合=0.373 (面積=0.04, 全身=0.25, 中央=0.84, 接地=0.71, YOLO=0.23)
✅ 最適マスク選択: 複合スコア 0.502, 品質スコア 0.460
✅ 保存完了: kana08_0019.jpg (品質: 0.460)

進捗: 21/26 - kana08_0020.jpg
🔄 開始: 画像読み込み (RAM: 1922.5MB, GPU: 2805.5MB)
✅ 完了: 画像読み込み (0.06秒, RAM: 1922.5MB, GPU: 2805.5MB)
カラー判定: 最大チャンネル差分=0.000, 閾値=0.01, 結果=グレースケール
🔄 開始: SAMマスク生成 (RAM: 1922.5MB, GPU: 2805.5MB)
SAMでマスクを生成中...
生成されたマスク数: 102
マスク面積統計: 最小=283, 最大=2736025, 平均=76804
✅ 完了: SAMマスク生成 (38.37秒, RAM: 2083.2MB, GPU: 2805.5MB)
🔄 開始: YOLO人物検出フィルタリング (RAM: 2088.3MB, GPU: 2805.5MB)
YOLOv8で人物検出スコアを計算中...
YOLOv8で102個のマスクを評価開始...
YOLO処理済み: 10/102 (現在のスコア: 0.000)
YOLO処理済み: 20/102 (現在のスコア: 0.015)
YOLO処理済み: 30/102 (現在のスコア: 0.015)
YOLO処理済み: 40/102 (現在のスコア: 0.719)
YOLO処理済み: 50/102 (現在のスコア: 0.000)
YOLO処理済み: 60/102 (現在のスコア: 0.224)
YOLO処理済み: 70/102 (現在のスコア: 0.655)
YOLO処理済み: 80/102 (現在のスコア: 0.000)
YOLO処理済み: 90/102 (現在のスコア: 0.000)
YOLO処理済み: 100/102 (現在のスコア: 0.010)
人物検出スコア >= 0.05 のマスク数: 42
YOLO検出スコア統計: 最高=0.847, 最低=0.000, 平均=0.141
上位10スコア: ['0.847', '0.763', '0.719', '0.710', '0.655', '0.654', '0.651', '0.633', '0.618', '0.606']
🎌 アニメモード使用中: yolov8x.pt
✅ 完了: YOLO人物検出フィルタリング (1.62秒, RAM: 2088.3MB, GPU: 2805.5MB)
🎯 複数キャラクター検出: 42個 → 複合スコアで最適選択
⚠️ マスク数制限: 42個 → 20個に制限
🎯 複合スコア評価開始 (基準: balanced, 20個のマスク)
   マスク1: 総合=0.505 (面積=0.05, 全身=0.46, 中央=0.81, 接地=0.86, YOLO=0.85)
   マスク2: 総合=0.414 (面積=0.02, 全身=0.04, 中央=0.90, 接地=0.95, YOLO=0.76)
   マスク3: 総合=0.454 (面積=0.12, 全身=0.35, 中央=0.67, 接地=0.83, YOLO=0.72)
   マスク4: 総合=0.430 (面積=0.03, 全身=0.38, 中央=0.61, 接地=0.89, YOLO=0.71)
   マスク5: 総合=0.569 (面積=0.19, 全身=0.75, 中央=0.54, 接地=1.00, YOLO=0.65)
   マスク6: 総合=0.268 (面積=0.11, 全身=0.06, 中央=0.54, 接地=0.31, YOLO=0.65)
   マスク7: 総合=0.532 (面積=0.61, 全身=0.00, 中央=0.67, 接地=1.00, YOLO=0.65)
   マスク8: 総合=0.309 (面積=0.02, 全身=0.00, 中央=0.46, 接地=0.98, YOLO=0.63)
   マスク9: 総合=0.446 (面積=0.11, 全身=0.41, 中央=0.53, 接地=0.95, YOLO=0.62)
   マスク10: 総合=0.302 (面積=0.01, 全身=0.00, 中央=0.57, 接地=0.82, YOLO=0.61)
   マスク11: 総合=0.519 (面積=0.12, 全身=0.47, 中央=0.84, 接地=0.95, YOLO=0.54)
   マスク12: 総合=0.306 (面積=0.05, 全身=0.00, 中央=0.48, 接地=0.95, YOLO=0.54)
   マスク13: 総合=0.336 (面積=0.02, 全身=0.37, 中央=0.66, 接地=0.36, YOLO=0.53)
   マスク14: 総合=0.402 (面積=0.05, 全身=0.41, 中央=0.76, 接地=0.56, YOLO=0.49)
   マスク15: 総合=0.298 (面積=0.04, 全身=0.00, 中央=0.54, 接地=0.89, YOLO=0.44)
   マスク16: 総合=0.432 (面積=0.03, 全身=0.64, 中央=0.47, 接地=0.83, YOLO=0.44)
   マスク17: 総合=0.438 (面積=0.04, 全身=0.54, 中央=0.56, 接地=1.00, YOLO=0.30)
   マスク18: 総合=0.357 (面積=0.02, 全身=0.32, 中央=0.47, 接地=0.99, YOLO=0.30)
   マスク19: 総合=0.415 (面積=0.05, 全身=0.85, 中央=0.52, 接地=0.37, YOLO=0.27)
   マスク20: 総合=0.456 (面積=0.28, 全身=0.44, 中央=0.67, 接地=0.68, YOLO=0.25)
✅ 最適マスク選択: 複合スコア 0.569, 品質スコア 0.620
✅ 保存完了: kana08_0020.jpg (品質: 0.620)

進捗: 22/26 - kana08_0021.jpg
🔄 開始: 画像読み込み (RAM: 1925.8MB, GPU: 2805.5MB)
✅ 完了: 画像読み込み (0.06秒, RAM: 1925.8MB, GPU: 2805.5MB)
カラー判定: 最大チャンネル差分=0.000, 閾値=0.01, 結果=グレースケール
🔄 開始: SAMマスク生成 (RAM: 1925.8MB, GPU: 2805.5MB)
SAMでマスクを生成中...
生成されたマスク数: 93
マスク面積統計: 最小=1045, 最大=1041622, 平均=62250
✅ 完了: SAMマスク生成 (42.62秒, RAM: 2125.9MB, GPU: 2805.5MB)
🔄 開始: YOLO人物検出フィルタリング (RAM: 2127.6MB, GPU: 2805.5MB)
YOLOv8で人物検出スコアを計算中...
YOLOv8で93個のマスクを評価開始...
YOLO処理済み: 10/93 (現在のスコア: 0.288)
YOLO処理済み: 20/93 (現在のスコア: 0.000)
YOLO処理済み: 30/93 (現在のスコア: 0.000)
YOLO処理済み: 40/93 (現在のスコア: 0.019)
YOLO処理済み: 50/93 (現在のスコア: 0.027)
YOLO処理済み: 60/93 (現在のスコア: 0.057)
YOLO処理済み: 70/93 (現在のスコア: 0.030)
YOLO処理済み: 80/93 (現在のスコア: 0.022)
YOLO処理済み: 90/93 (現在のスコア: 0.096)
人物検出スコア >= 0.05 のマスク数: 38
YOLO検出スコア統計: 最高=0.853, 最低=0.000, 平均=0.097
上位10スコア: ['0.853', '0.752', '0.726', '0.654', '0.582', '0.288', '0.282', '0.254', '0.248', '0.225']
🎌 アニメモード使用中: yolov8x.pt
✅ 完了: YOLO人物検出フィルタリング (1.43秒, RAM: 2127.6MB, GPU: 2805.5MB)
🎯 複数キャラクター検出: 38個 → 複合スコアで最適選択
⚠️ マスク数制限: 38個 → 20個に制限
🎯 複合スコア評価開始 (基準: balanced, 20個のマスク)
   マスク1: 総合=0.348 (面積=0.03, 全身=0.41, 中央=0.57, 接地=0.26, YOLO=0.85)
   マスク2: 総合=0.570 (面積=0.10, 全身=0.78, 中央=0.60, 接地=1.00, YOLO=0.75)
   マスク3: 総合=0.449 (面積=0.03, 全身=0.41, 中央=0.65, 接地=0.89, YOLO=0.73)
   マスク4: 総合=0.354 (面積=0.07, 全身=0.00, 中央=0.71, 接地=0.84, YOLO=0.65)
   マスク5: 総合=0.259 (面積=0.04, 全身=0.00, 中央=0.65, 接地=0.40, YOLO=0.58)
   マスク6: 総合=0.216 (面積=0.08, 全身=0.00, 中央=0.53, 接地=0.38, YOLO=0.29)
   マスク7: 総合=0.327 (面積=0.00, 全身=0.24, 中央=0.76, 接地=0.56, YOLO=0.28)
   マスク8: 総合=0.282 (面積=0.01, 全身=0.00, 中央=0.69, 接地=0.78, YOLO=0.25)
   マスク9: 総合=0.285 (面積=0.05, 全身=0.12, 中央=0.67, 接地=0.54, YOLO=0.25)
   マスク10: 総合=0.283 (面積=0.04, 全身=0.00, 中央=0.49, 接地=1.00, YOLO=0.23)
   マスク11: 総合=0.353 (面積=0.07, 全身=0.16, 中央=0.69, 接地=0.87, YOLO=0.22)
   マスク12: 総合=0.275 (面積=0.02, 全身=0.00, 中央=0.56, 接地=0.90, YOLO=0.22)
   マスク13: 総合=0.389 (面積=0.01, 全身=0.71, 中央=0.68, 接地=0.35, YOLO=0.21)
   マスク14: 総合=0.360 (面積=0.15, 全身=0.37, 中央=0.57, 接地=0.60, YOLO=0.20)
   マスク15: 総合=0.275 (面積=0.03, 全身=0.02, 中央=0.77, 接地=0.60, YOLO=0.18)
   マスク16: 総合=0.327 (面積=0.14, 全身=0.06, 中央=0.52, 接地=1.00, YOLO=0.18)
   マスク17: 総合=0.285 (面積=0.01, 全身=0.00, 中央=0.77, 接地=0.73, YOLO=0.18)
   マスク18: 総合=0.258 (面積=0.02, 全身=0.00, 中央=0.43, 接地=1.00, YOLO=0.17)
   マスク19: 総合=0.367 (面積=0.01, 全身=0.52, 中央=0.42, 接地=0.90, YOLO=0.15)
   マスク20: 総合=0.288 (面積=0.07, 全身=0.00, 中央=0.52, 接地=1.00, YOLO=0.14)
✅ 最適マスク選択: 複合スコア 0.570, 品質スコア 0.679
✅ 保存完了: kana08_0021.jpg (品質: 0.679)

進捗: 23/26 - kana08_0022.jpg
🔄 開始: 画像読み込み (RAM: 1940.9MB, GPU: 2805.5MB)
✅ 完了: 画像読み込み (0.06秒, RAM: 1940.9MB, GPU: 2805.5MB)
カラー判定: 最大チャンネル差分=0.000, 閾値=0.01, 結果=グレースケール
🔄 開始: SAMマスク生成 (RAM: 1940.9MB, GPU: 2805.5MB)
SAMでマスクを生成中...
生成されたマスク数: 108
マスク面積統計: 最小=757, 最大=721675, 平均=52210
✅ 完了: SAMマスク生成 (25.66秒, RAM: 2193.1MB, GPU: 2805.5MB)
🔄 開始: YOLO人物検出フィルタリング (RAM: 2193.1MB, GPU: 2805.5MB)
YOLOv8で人物検出スコアを計算中...
YOLOv8で108個のマスクを評価開始...
YOLO処理済み: 10/108 (現在のスコア: 0.000)
YOLO処理済み: 20/108 (現在のスコア: 0.022)
YOLO処理済み: 30/108 (現在のスコア: 0.385)
YOLO処理済み: 40/108 (現在のスコア: 0.051)
YOLO処理済み: 50/108 (現在のスコア: 0.024)
YOLO処理済み: 60/108 (現在のスコア: 0.000)
YOLO処理済み: 70/108 (現在のスコア: 0.011)
YOLO処理済み: 80/108 (現在のスコア: 0.019)
YOLO処理済み: 90/108 (現在のスコア: 0.022)
YOLO処理済み: 100/108 (現在のスコア: 0.016)
人物検出スコア >= 0.05 のマスク数: 42
YOLO検出スコア統計: 最高=0.782, 最低=0.000, 平均=0.084
上位10スコア: ['0.782', '0.678', '0.618', '0.523', '0.433', '0.411', '0.390', '0.386', '0.385', '0.254']
🎌 アニメモード使用中: yolov8x.pt
✅ 完了: YOLO人物検出フィルタリング (1.98秒, RAM: 2193.1MB, GPU: 2805.5MB)
🎯 複数キャラクター検出: 42個 → 複合スコアで最適選択
⚠️ マスク数制限: 42個 → 20個に制限
🎯 複合スコア評価開始 (基準: balanced, 20個のマスク)
   マスク1: 総合=0.500 (面積=0.06, 全身=0.58, 中央=0.75, 接地=0.71, YOLO=0.78)
   マスク2: 総合=0.474 (面積=0.13, 全身=0.41, 中央=0.82, 接地=0.67, YOLO=0.68)
   マスク3: 総合=0.406 (面積=0.03, 全身=0.40, 中央=0.76, 接地=0.56, YOLO=0.62)
   マスク4: 総合=0.416 (面積=0.02, 全身=0.51, 中央=0.75, 接地=0.54, YOLO=0.52)
   マスク5: 総合=0.332 (面積=0.02, 全身=0.16, 中央=0.61, 接地=0.80, YOLO=0.43)
   マスク6: 総合=0.280 (面積=0.04, 全身=0.00, 中央=0.71, 接地=0.57, YOLO=0.41)
   マスク7: 総合=0.443 (面積=0.01, 全身=0.82, 中央=0.67, 接地=0.40, YOLO=0.39)
   マスク8: 総合=0.327 (面積=0.07, 全身=0.00, 中央=0.74, 接地=0.79, YOLO=0.39)
   マスク9: 総合=0.360 (面積=0.04, 全身=0.05, 中央=0.90, 接地=0.78, YOLO=0.38)
   マスク10: 総合=0.296 (面積=0.03, 全身=0.00, 中央=0.76, 接地=0.73, YOLO=0.25)
   マスク11: 総合=0.336 (面積=0.04, 全身=0.37, 中央=0.62, 接地=0.56, YOLO=0.23)
   マスク12: 総合=0.137 (面積=0.01, 全身=0.00, 中央=0.49, 接地=0.08, YOLO=0.22)
   マスク13: 総合=0.241 (面積=0.01, 全身=0.00, 中央=0.56, 接地=0.71, YOLO=0.20)
   マスク14: 総合=0.527 (面積=0.13, 全身=0.80, 中央=0.80, 接地=0.72, YOLO=0.19)
   マスク15: 総合=0.421 (面積=0.20, 全身=0.30, 中央=0.81, 接地=0.73, YOLO=0.16)
   マスク16: 総合=0.305 (面積=0.02, 全身=0.41, 中央=0.62, 接地=0.39, YOLO=0.15)
   マスク17: 総合=0.456 (面積=0.06, 全身=0.91, 中央=0.64, 接地=0.46, YOLO=0.14)
   マスク18: 総合=0.412 (面積=0.04, 全身=0.51, 中央=0.67, 接地=0.84, YOLO=0.14)
   マスク19: 総合=0.580 (面積=0.22, 全身=0.95, 中央=0.75, 接地=0.76, YOLO=0.13)
   マスク20: 総合=0.284 (面積=0.05, 全身=0.00, 中央=0.53, 接地=1.00, YOLO=0.12)
✅ 最適マスク選択: 複合スコア 0.580, 品質スコア 0.311
✅ 保存完了: kana08_0022.jpg (品質: 0.311)

進捗: 24/26 - kana08_0023.jpg
🔄 開始: 画像読み込み (RAM: 1955.2MB, GPU: 2805.5MB)
✅ 完了: 画像読み込み (0.06秒, RAM: 1955.2MB, GPU: 2805.5MB)
カラー判定: 最大チャンネル差分=0.000, 閾値=0.01, 結果=グレースケール
🔄 開始: SAMマスク生成 (RAM: 1955.2MB, GPU: 2805.5MB)
SAMでマスクを生成中...
生成されたマスク数: 86
マスク面積統計: 最小=874, 最大=2793126, 平均=86564
✅ 完了: SAMマスク生成 (38.06秒, RAM: 2091.1MB, GPU: 2805.5MB)
🔄 開始: YOLO人物検出フィルタリング (RAM: 2092.7MB, GPU: 2805.5MB)
YOLOv8で人物検出スコアを計算中...
YOLOv8で86個のマスクを評価開始...
YOLO処理済み: 10/86 (現在のスコア: 0.000)
YOLO処理済み: 20/86 (現在のスコア: 0.180)
YOLO処理済み: 30/86 (現在のスコア: 0.000)
YOLO処理済み: 40/86 (現在のスコア: 0.196)
YOLO処理済み: 50/86 (現在のスコア: 0.062)
YOLO処理済み: 60/86 (現在のスコア: 0.015)
YOLO処理済み: 70/86 (現在のスコア: 0.000)
YOLO処理済み: 80/86 (現在のスコア: 0.000)
人物検出スコア >= 0.05 のマスク数: 37
YOLO検出スコア統計: 最高=0.596, 最低=0.000, 平均=0.095
上位10スコア: ['0.596', '0.546', '0.450', '0.406', '0.373', '0.346', '0.342', '0.337', '0.328', '0.318']
🎌 アニメモード使用中: yolov8x.pt
✅ 完了: YOLO人物検出フィルタリング (1.23秒, RAM: 2092.7MB, GPU: 2805.5MB)
🎯 複数キャラクター検出: 37個 → 複合スコアで最適選択
⚠️ マスク数制限: 37個 → 20個に制限
🎯 複合スコア評価開始 (基準: balanced, 20個のマスク)
   マスク1: 総合=0.447 (面積=0.04, 全身=0.89, 中央=0.52, 接地=0.32, YOLO=0.60)
   マスク2: 総合=0.436 (面積=0.09, 全身=0.37, 中央=0.59, 接地=0.95, YOLO=0.55)
   マスク3: 総合=0.416 (面積=0.00, 全身=0.47, 中央=0.78, 接地=0.64, YOLO=0.45)
   マスク4: 総合=0.316 (面積=0.04, 全身=0.00, 中央=0.60, 接地=0.95, YOLO=0.41)
   マスク5: 総合=0.376 (面積=0.11, 全身=0.25, 中央=0.61, 接地=0.81, YOLO=0.37)
   マスク6: 総合=0.574 (面積=0.17, 全身=0.79, 中央=0.85, 接地=0.80, YOLO=0.35)
   マスク7: 総合=0.151 (面積=0.04, 全身=0.00, 中央=0.44, 接地=0.12, YOLO=0.34)
   マスク8: 総合=0.455 (面積=0.00, 全身=0.72, 中央=0.61, 接地=0.79, YOLO=0.34)
   マスク9: 総合=0.421 (面積=0.01, 全身=0.51, 中央=0.65, 接地=0.85, YOLO=0.33)
   マスク10: 総合=0.561 (面積=0.01, 全身=0.84, 中央=0.84, 接地=1.00, YOLO=0.32)
   マスク11: 総合=0.306 (面積=0.01, 全身=0.41, 中央=0.48, 接地=0.50, YOLO=0.31)
   マスク12: 総合=0.413 (面積=0.05, 全身=0.54, 中央=0.55, 接地=0.87, YOLO=0.24)
   マスク13: 総合=0.413 (面積=0.00, 全身=0.53, 中央=0.82, 接地=0.63, YOLO=0.21)
   マスク14: 総合=0.368 (面積=0.18, 全身=0.04, 中央=0.77, 接地=0.87, YOLO=0.20)
   マスク15: 総合=0.395 (面積=0.06, 全身=0.38, 中央=0.57, 接地=0.99, YOLO=0.19)
   マスク16: 総合=0.469 (面積=0.01, 全身=0.86, 中央=0.52, 接地=0.86, YOLO=0.19)
   マスク17: 総合=0.420 (面積=0.16, 全身=0.35, 中央=0.79, 接地=0.73, YOLO=0.18)
   マスク18: 総合=0.254 (面積=0.01, 全身=0.42, 中央=0.54, 接地=0.12, YOLO=0.18)
   マスク19: 総合=0.274 (面積=0.01, 全身=0.00, 中央=0.75, 接地=0.70, YOLO=0.18)
   マスク20: 総合=0.239 (面積=0.10, 全身=0.00, 中央=0.56, 接地=0.53, YOLO=0.17)
✅ 最適マスク選択: 複合スコア 0.574, 品質スコア 0.437
✅ 保存完了: kana08_0023.jpg (品質: 0.437)

進捗: 25/26 - kana08_0024.jpg
🔄 開始: 画像読み込み (RAM: 2023.7MB, GPU: 2805.5MB)
✅ 完了: 画像読み込み (0.04秒, RAM: 2023.7MB, GPU: 2805.5MB)
カラー判定: 最大チャンネル差分=0.000, 閾値=0.01, 結果=グレースケール
🔄 開始: SAMマスク生成 (RAM: 2023.7MB, GPU: 2805.5MB)
SAMでマスクを生成中...
生成されたマスク数: 81
マスク面積統計: 最小=818, 最大=2745771, 平均=95500
✅ 完了: SAMマスク生成 (42.09秒, RAM: 2144.2MB, GPU: 2805.5MB)
🔄 開始: YOLO人物検出フィルタリング (RAM: 2148.2MB, GPU: 2805.5MB)
YOLOv8で人物検出スコアを計算中...
YOLOv8で81個のマスクを評価開始...
YOLO処理済み: 10/81 (現在のスコア: 0.686)
YOLO処理済み: 20/81 (現在のスコア: 0.089)
YOLO処理済み: 30/81 (現在のスコア: 0.026)
YOLO処理済み: 40/81 (現在のスコア: 0.000)
YOLO処理済み: 50/81 (現在のスコア: 0.744)
YOLO処理済み: 60/81 (現在のスコア: 0.472)
YOLO処理済み: 70/81 (現在のスコア: 0.555)
YOLO処理済み: 80/81 (現在のスコア: 0.205)
人物検出スコア >= 0.05 のマスク数: 40
YOLO検出スコア統計: 最高=0.938, 最低=0.000, 平均=0.209
上位10スコア: ['0.938', '0.826', '0.796', '0.771', '0.756', '0.744', '0.701', '0.700', '0.686', '0.675']
🎌 アニメモード使用中: yolov8x.pt
✅ 完了: YOLO人物検出フィルタリング (1.32秒, RAM: 2146.3MB, GPU: 2805.5MB)
🎯 複数キャラクター検出: 40個 → 複合スコアで最適選択
⚠️ マスク数制限: 40個 → 20個に制限
🎯 複合スコア評価開始 (基準: balanced, 20個のマスク)
   マスク1: 総合=0.375 (面積=0.12, 全身=0.00, 中央=0.59, 接地=0.85, YOLO=0.94)
   マスク2: 総合=0.410 (面積=0.15, 全身=0.13, 中央=0.50, 接地=1.00, YOLO=0.83)
   マスク3: 総合=0.386 (面積=0.11, 全身=0.26, 中央=0.68, 接地=0.48, YOLO=0.80)
   マスク4: 総合=0.541 (面積=0.00, 全身=0.46, 中央=1.00, 接地=1.00, YOLO=0.77)
   マスク5: 総合=0.326 (面積=0.11, 全身=0.28, 中央=0.52, 接地=0.30, YOLO=0.76)
   マスク6: 総合=0.434 (面積=0.04, 全身=0.39, 中央=0.50, 接地=1.00, YOLO=0.74)
   マスク7: 総合=0.346 (面積=0.06, 全身=0.09, 中央=0.54, 接地=0.85, YOLO=0.70)
   マスク8: 総合=0.342 (面積=0.11, 全身=0.00, 中央=0.75, 接地=0.60, YOLO=0.70)
   マスク9: 総合=0.393 (面積=0.12, 全身=0.10, 中央=0.57, 接地=1.00, YOLO=0.69)
   マスク10: 総合=0.431 (面積=0.05, 全身=0.40, 中央=0.80, 接地=0.60, YOLO=0.68)
   マスク11: 総合=0.449 (面積=0.08, 全身=0.39, 中央=0.70, 接地=0.84, YOLO=0.62)
   マスク12: 総合=0.345 (面積=0.13, 全身=0.00, 中央=0.48, 接地=1.00, YOLO=0.60)
   マスク13: 総合=0.487 (面積=0.13, 全身=0.63, 中央=0.61, 接地=0.76, YOLO=0.55)
   マスク14: 総合=0.360 (面積=0.23, 全身=0.19, 中央=0.61, 接地=0.48, YOLO=0.49)
   マスク15: 総合=0.379 (面積=0.21, 全身=0.00, 中央=0.71, 接地=0.84, YOLO=0.48)
   マスク16: 総合=0.325 (面積=0.18, 全身=0.00, 中央=0.67, 接地=0.59, YOLO=0.47)
   マスク17: 総合=0.465 (面積=0.22, 全身=0.36, 中央=0.67, 接地=0.85, YOLO=0.46)
   マスク18: 総合=0.569 (面積=0.30, 全身=0.65, 中央=0.62, 接地=1.00, YOLO=0.43)
   マスク19: 総合=0.290 (面積=0.09, 全身=0.03, 中央=0.62, 接地=0.59, YOLO=0.42)
   マスク20: 総合=0.300 (面積=0.01, 全身=0.36, 中央=0.61, 接地=0.30, YOLO=0.41)
✅ 最適マスク選択: 複合スコア 0.569, 品質スコア 0.483
✅ 保存完了: kana08_0024.jpg (品質: 0.483)

進捗: 26/26 - kana08_0025_cover.jpg
🔄 開始: 画像読み込み (RAM: 1977.7MB, GPU: 2805.5MB)
✅ 完了: 画像読み込み (0.07秒, RAM: 1977.7MB, GPU: 2805.5MB)
カラー判定: 最大チャンネル差分=18.608, 閾値=0.01, 結果=カラー
スキップ: カラー画像です - kana08_0025_cover.jpg

📊 処理完了統計:
  ✅ 成功: 24/26 枚
  ⏭️ スキップ: 2 枚
  📈 再現率: 18.2% (手動抽出132枚に対して)

=== パフォーマンス サマリー ===
総処理時間: 1141.92秒
  SAMモデル読み込み: 49.99秒 (4.4%)
  YOLOモデル読み込み: 1.43秒 (0.1%)
  ファイル収集: 0.09秒 (0.0%)
  画像読み込み: 0.07秒 (0.0%)
  SAMマスク生成: 42.09秒 (3.7%)
  YOLO人物検出フィルタリング: 1.32秒 (0.1%)
==============================
🎉 再現自動抽出が完了しました！
