2025-08-06 00:11:23,786 - PH2-008 - INFO - 🚀 PH2-008: 復旧機能強化システム開始
2025-08-06 00:11:23,795 - PH2-008 - INFO - ✅ 入力確認完了: 26個の画像ファイル
2025-08-06 00:11:23,797 - PH2-008 - INFO - ✅ PH2-008前提条件確認完了
2025-08-06 00:11:23,797 - PH2-008 - INFO - 🔍 ドライランモード: 実際の処理は実行されません
2025-08-06 00:12:52,657 - PH2-008 - INFO - 🚀 PH2-008: 復旧機能強化システム開始
2025-08-06 00:12:52,665 - PH2-008 - INFO - ✅ 入力確認完了: 26個の画像ファイル
2025-08-06 00:12:52,667 - PH2-008 - INFO - ✅ PH2-008前提条件確認完了
2025-08-06 00:12:52,684 - PH2-008 - INFO - ✅ 統合パイプライン初期化完了: PH2-008
2025-08-06 00:12:52,684 - PH2-008 - INFO - 🔄 復旧機能付きパイプライン実行開始
2025-08-06 00:18:25,859 - PH2-008 - INFO - 🚀 PH2-008: 復旧機能強化システム開始
2025-08-06 00:18:25,868 - PH2-008 - INFO - ✅ 入力確認完了: 26個の画像ファイル
2025-08-06 00:18:25,870 - PH2-008 - INFO - ✅ PH2-008前提条件確認完了
2025-08-06 00:18:25,890 - PH2-008 - INFO - ✅ 統合パイプライン初期化完了: PH2-008
2025-08-06 00:18:25,890 - PH2-008 - INFO - 🔄 復旧機能付きパイプライン実行開始
2025-08-06 00:29:13,440 - PH2-008 - INFO - 🚀 PH2-008: 復旧機能強化システム開始
2025-08-06 00:29:13,450 - PH2-008 - INFO - ✅ 入力確認完了: 26個の画像ファイル
2025-08-06 00:29:13,452 - PH2-008 - INFO - ✅ PH2-008前提条件確認完了
2025-08-06 00:29:13,473 - PH2-008 - INFO - ✅ 統合パイプライン初期化完了: PH2-008
2025-08-06 00:29:13,473 - PH2-008 - INFO - 🔄 復旧機能付きパイプライン実行開始
2025-08-06 00:29:14,923 - PH2-008 - INFO - ✅ PH2-008パイプライン実行成功: 1.4秒
2025-08-06 00:29:14,933 - PH2-008 - INFO - 📊 抽出結果: 26個のファイル
2025-08-06 00:29:14,937 - PH2-008 - INFO - 📈 ダッシュボード生成完了: /mnt/c/AItools/lora/train/yado/tracker-workspace/PH2-008/dashboard/dashboard.html
2025-08-06 00:29:14,937 - PH2-008 - INFO - 🎉 PH2-008: 復旧機能強化システム完了
