2025-08-11 23:09:48,666 - INFO - Enhanced Extractor初期化中...
2025-08-11 23:09:48,837 - INFO - Using device: cuda
2025-08-11 23:10:05,305 - INFO - ✅ SAMモデル初期化完了
2025-08-11 23:10:05,500 - INFO - ✅ YOLOモデル初期化完了（nanoモデル採用）
2025-08-11 23:10:05,509 - INFO - Enhanced Batch処理開始: 43枚の画像
2025-08-11 23:10:05,510 - INFO - 入力: /mnt/c/AItools/lora/train/yado/org/kana08
2025-08-11 23:10:05,510 - INFO - 出力: /mnt/c/AItools/lora/train/yado/tracker-workspace/CI-INTEGRATION-001/extraction
2025-08-11 23:10:05,510 - INFO - [1/43] 処理中: kana08_0000_cover.jpg
2025-08-11 23:10:06,122 - WARNING -   ❌ キャラクター検出失敗
2025-08-11 23:10:06,122 - INFO - [2/43] 処理中: kana08_0001.jpg
2025-08-11 23:10:06,762 - INFO -   ✅ 成功 (信頼度: 0.617, 品質: A, スコア: 0.831)
2025-08-11 23:10:06,762 - INFO - [3/43] 処理中: kana08_0001_multi_char_detection.jpg
2025-08-11 23:10:07,250 - INFO -   ✅ 成功 (信頼度: 0.663, 品質: A, スコア: 0.844)
2025-08-11 23:10:07,250 - INFO - [4/43] 処理中: kana08_0001_multi_char_detection_multi_char_detection.jpg
2025-08-11 23:10:07,739 - INFO -   ✅ 成功 (信頼度: 0.620, 品質: A, スコア: 0.831)
2025-08-11 23:10:07,739 - INFO - [5/43] 処理中: kana08_0002.jpg
2025-08-11 23:10:08,217 - INFO -   ✅ 成功 (信頼度: 0.371, 品質: D, スコア: 0.519)
2025-08-11 23:10:08,218 - INFO - 進捗: 5/43 (11.6%) - 残り時間: 21秒
2025-08-11 23:10:08,218 - INFO - [6/43] 処理中: kana08_0003.jpg
2025-08-11 23:10:08,704 - INFO -   ✅ 成功 (信頼度: 0.562, 品質: A, スコア: 0.855)
2025-08-11 23:10:08,704 - INFO - [7/43] 処理中: kana08_0003_multi_char_detection.jpg
2025-08-11 23:10:09,180 - INFO -   ✅ 成功 (信頼度: 0.404, 品質: B, スコア: 0.703)
2025-08-11 23:10:09,180 - INFO - [8/43] 処理中: kana08_0003_multi_char_detection_multi_char_detection.jpg
2025-08-11 23:10:09,662 - INFO -   ✅ 成功 (信頼度: 0.518, 品質: A, スコア: 0.834)
2025-08-11 23:10:09,662 - INFO - [9/43] 処理中: kana08_0004.jpg
2025-08-11 23:10:10,143 - INFO -   ✅ 成功 (信頼度: 0.447, 品質: C, スコア: 0.688)
2025-08-11 23:10:10,143 - INFO - [10/43] 処理中: kana08_0004_multi_char_detection.jpg
2025-08-11 23:10:10,611 - INFO -   ✅ 成功 (信頼度: 0.589, 品質: B, スコア: 0.705)
2025-08-11 23:10:10,612 - INFO - 進捗: 10/43 (23.3%) - 残り時間: 17秒
2025-08-11 23:10:10,612 - INFO - [11/43] 処理中: kana08_0004_multi_char_detection_multi_char_detection.jpg
2025-08-11 23:10:11,080 - INFO -   ✅ 成功 (信頼度: 0.442, 品質: D, スコア: 0.561)
2025-08-11 23:10:11,080 - INFO - [12/43] 処理中: kana08_0005.jpg
2025-08-11 23:10:11,542 - INFO -   ✅ 成功 (信頼度: 0.473, 品質: D, スコア: 0.549)
2025-08-11 23:10:11,542 - INFO - [13/43] 処理中: kana08_0005_multi_char_detection.jpg
2025-08-11 23:10:12,013 - INFO -   ✅ 成功 (信頼度: 0.693, 品質: B, スコア: 0.723)
2025-08-11 23:10:12,013 - INFO - [14/43] 処理中: kana08_0005_multi_char_detection_multi_char_detection.jpg
2025-08-11 23:10:12,506 - INFO -   ✅ 成功 (信頼度: 0.750, 品質: B, スコア: 0.738)
2025-08-11 23:10:12,506 - INFO - [15/43] 処理中: kana08_0006.jpg
2025-08-11 23:10:12,979 - INFO -   ✅ 成功 (信頼度: 0.282, 品質: D, スコア: 0.504)
2025-08-11 23:10:12,979 - INFO - 進捗: 15/43 (34.9%) - 残り時間: 14秒
2025-08-11 23:10:12,980 - INFO - [16/43] 処理中: kana08_0006_multi_char_detection.jpg
2025-08-11 23:10:13,443 - INFO -   ✅ 成功 (信頼度: 0.289, 品質: D, スコア: 0.505)
2025-08-11 23:10:13,443 - INFO - [17/43] 処理中: kana08_0006_multi_char_detection_multi_char_detection.jpg
2025-08-11 23:10:13,909 - INFO -   ✅ 成功 (信頼度: 0.354, 品質: D, スコア: 0.514)
2025-08-11 23:10:13,909 - INFO - [18/43] 処理中: kana08_0007.jpg
2025-08-11 23:10:14,372 - INFO -   ✅ 成功 (信頼度: 0.534, 品質: C, スコア: 0.684)
2025-08-11 23:10:14,373 - INFO - [19/43] 処理中: kana08_0007_multi_char_detection.jpg
2025-08-11 23:10:14,858 - INFO -   ✅ 成功 (信頼度: 0.307, 品質: E, スコア: 0.500)
2025-08-11 23:10:14,858 - INFO - [20/43] 処理中: kana08_0007_multi_char_detection_multi_char_detection.jpg
2025-08-11 23:10:15,326 - INFO -   ✅ 成功 (信頼度: 0.291, 品質: E, スコア: 0.497)
2025-08-11 23:10:15,326 - INFO - 進捗: 20/43 (46.5%) - 残り時間: 11秒
2025-08-11 23:10:15,326 - INFO - [21/43] 処理中: kana08_0008.jpg
2025-08-11 23:10:15,802 - INFO -   ✅ 成功 (信頼度: 0.503, 品質: A, スコア: 0.852)
2025-08-11 23:10:15,802 - INFO - [22/43] 処理中: kana08_0008_multi_char_detection.jpg
2025-08-11 23:10:16,271 - INFO -   ✅ 成功 (信頼度: 0.587, 品質: A, スコア: 0.877)
2025-08-11 23:10:16,271 - INFO - [23/43] 処理中: kana08_0008_multi_char_detection_multi_char_detection.jpg
2025-08-11 23:10:16,757 - INFO -   ✅ 成功 (信頼度: 0.689, 品質: A, スコア: 0.907)
2025-08-11 23:10:16,757 - INFO - [24/43] 処理中: kana08_0009.jpg
2025-08-11 23:10:17,232 - INFO -   ✅ 成功 (信頼度: 0.306, 品質: D, スコア: 0.592)
2025-08-11 23:10:17,232 - INFO - [25/43] 処理中: kana08_0010.jpg
2025-08-11 23:10:17,771 - INFO -   ✅ 成功 (信頼度: 0.262, 品質: B, スコア: 0.753)
2025-08-11 23:10:17,771 - INFO - 進捗: 25/43 (58.1%) - 残り時間: 9秒
2025-08-11 23:10:17,771 - INFO - [26/43] 処理中: kana08_0011.jpg
2025-08-11 23:10:17,837 - WARNING -   ❌ キャラクター検出失敗
2025-08-11 23:10:17,837 - INFO - [27/43] 処理中: kana08_0012.jpg
2025-08-11 23:10:17,891 - WARNING -   ❌ キャラクター検出失敗
2025-08-11 23:10:17,891 - INFO - [28/43] 処理中: kana08_0013.jpg
2025-08-11 23:10:18,347 - INFO -   ✅ 成功 (信頼度: 0.676, 品質: D, スコア: 0.569)
2025-08-11 23:10:18,347 - INFO - [29/43] 処理中: kana08_0013_multi_char_detection.jpg
2025-08-11 23:10:18,398 - WARNING -   ❌ キャラクター検出失敗
2025-08-11 23:10:18,398 - INFO - [30/43] 処理中: kana08_0014.jpg
2025-08-11 23:10:18,895 - INFO -   ✅ 成功 (信頼度: 0.333, 品質: D, スコア: 0.539)
2025-08-11 23:10:18,895 - INFO - 進捗: 30/43 (69.8%) - 残り時間: 6秒
2025-08-11 23:10:18,895 - INFO - [31/43] 処理中: kana08_0015.jpg
2025-08-11 23:10:19,406 - INFO -   ✅ 成功 (信頼度: 0.431, 品質: B, スコア: 0.741)
2025-08-11 23:10:19,407 - INFO - [32/43] 処理中: kana08_0016.jpg
2025-08-11 23:10:19,467 - WARNING -   ❌ キャラクター検出失敗
2025-08-11 23:10:19,467 - INFO - [33/43] 処理中: kana08_0017.jpg
2025-08-11 23:10:19,966 - INFO -   ✅ 成功 (信頼度: 0.251, 品質: D, スコア: 0.600)
2025-08-11 23:10:19,967 - INFO - [34/43] 処理中: kana08_0017_multi_char_detection.jpg
2025-08-11 23:10:20,032 - WARNING -   ❌ キャラクター検出失敗
2025-08-11 23:10:20,032 - INFO - [35/43] 処理中: kana08_0018.jpg
2025-08-11 23:10:20,096 - WARNING -   ❌ キャラクター検出失敗
2025-08-11 23:10:20,096 - INFO - 進捗: 35/43 (81.4%) - 残り時間: 3秒
2025-08-11 23:10:20,096 - INFO - [36/43] 処理中: kana08_0019.jpg
2025-08-11 23:10:20,577 - INFO -   ✅ 成功 (信頼度: 0.473, 品質: B, スコア: 0.700)
2025-08-11 23:10:20,577 - INFO - [37/43] 処理中: kana08_0019_multi_char_detection.jpg
2025-08-11 23:10:21,069 - INFO -   ✅ 成功 (信頼度: 0.655, 品質: A, スコア: 0.854)
2025-08-11 23:10:21,069 - INFO - [38/43] 処理中: kana08_0020.jpg
2025-08-11 23:10:21,136 - WARNING -   ❌ キャラクター検出失敗
2025-08-11 23:10:21,136 - INFO - [39/43] 処理中: kana08_0021.jpg
2025-08-11 23:10:21,200 - WARNING -   ❌ キャラクター検出失敗
2025-08-11 23:10:21,201 - INFO - [40/43] 処理中: kana08_0022.jpg
2025-08-11 23:10:21,266 - WARNING -   ❌ キャラクター検出失敗
2025-08-11 23:10:21,267 - INFO - 進捗: 40/43 (93.0%) - 残り時間: 1秒
2025-08-11 23:10:21,267 - INFO - [41/43] 処理中: kana08_0023.jpg
2025-08-11 23:10:21,340 - WARNING -   ❌ キャラクター検出失敗
2025-08-11 23:10:21,340 - INFO - [42/43] 処理中: kana08_0024.jpg
2025-08-11 23:10:21,796 - INFO -   ✅ 成功 (信頼度: 0.368, 品質: C, スコア: 0.607)
2025-08-11 23:10:21,797 - INFO - [43/43] 処理中: kana08_0025_cover.jpg
2025-08-11 23:10:21,874 - WARNING -   ❌ キャラクター検出失敗
2025-08-11 23:10:21,875 - INFO - ==================================================
2025-08-11 23:10:21,875 - INFO - Enhanced Batch処理完了
2025-08-11 23:10:21,875 - INFO - 総処理時間: 16.4秒
2025-08-11 23:10:21,875 - INFO - 平均処理時間: 0.4秒/画像
2025-08-11 23:10:21,875 - INFO - 成功: 31/43 (72.1%)
2025-08-11 23:10:21,875 - INFO - 
2025-08-11 23:10:21,875 - INFO - 品質分布:
2025-08-11 23:10:21,876 - INFO -   A評価: 9枚 (29.0%)
2025-08-11 23:10:21,876 - INFO -   B評価: 7枚 (22.6%)
2025-08-11 23:10:21,876 - INFO -   C評価: 3枚 (9.7%)
2025-08-11 23:10:21,876 - INFO -   D評価: 10枚 (32.3%)
2025-08-11 23:10:21,876 - INFO -   E評価: 2枚 (6.5%)
2025-08-11 23:10:21,876 - INFO -   A/B評価率: 16枚 (51.6%)
2025-08-11 23:10:21,876 - INFO - 
2025-08-11 23:10:21,876 - INFO - 統計:
2025-08-11 23:10:21,877 - INFO -   平均信頼度: 0.476
2025-08-11 23:10:21,877 - INFO -   平均SAMスコア: 0.975
2025-08-11 23:10:21,877 - INFO -   平均マスク比率: 0.095
2025-08-11 23:10:21,877 - INFO -   平均品質スコア: 0.683
2025-08-11 23:10:21,877 - INFO - 
2025-08-11 23:10:21,877 - INFO - 失敗ファイル:
2025-08-11 23:10:21,877 - INFO -   - kana08_0000_cover.jpg: キャラクター検出失敗
2025-08-11 23:10:21,877 - INFO -   - kana08_0011.jpg: キャラクター検出失敗
2025-08-11 23:10:21,878 - INFO -   - kana08_0012.jpg: キャラクター検出失敗
2025-08-11 23:10:21,878 - INFO -   - kana08_0013_multi_char_detection.jpg: キャラクター検出失敗
2025-08-11 23:10:21,878 - INFO -   - kana08_0016.jpg: キャラクター検出失敗
2025-08-11 23:10:21,878 - INFO -   - kana08_0017_multi_char_detection.jpg: キャラクター検出失敗
2025-08-11 23:10:21,878 - INFO -   - kana08_0018.jpg: キャラクター検出失敗
2025-08-11 23:10:21,878 - INFO -   - kana08_0020.jpg: キャラクター検出失敗
2025-08-11 23:10:21,878 - INFO -   - kana08_0021.jpg: キャラクター検出失敗
2025-08-11 23:10:21,878 - INFO -   - kana08_0022.jpg: キャラクター検出失敗
2025-08-11 23:10:21,879 - INFO -   - kana08_0023.jpg: キャラクター検出失敗
2025-08-11 23:10:21,879 - INFO -   - kana08_0025_cover.jpg: キャラクター検出失敗
2025-08-11 23:10:21,882 - INFO - レポート保存: /mnt/c/AItools/lora/train/yado/tracker-workspace/CI-INTEGRATION-001/extraction/enhanced_extraction_report.json
2025-08-11 23:10:21,885 - INFO - サマリー保存: /mnt/c/AItools/lora/train/yado/tracker-workspace/CI-INTEGRATION-001/extraction/enhanced_extraction_summary.txt
