2025-07-30 14:09:09,721 - WARNING - Google Sheets連携の初期化に失敗: ProgressManager.__init__() missing 1 required positional argument: 'config'
2025-07-30 14:09:09,721 - INFO - シンプルバッチランナー初期化: PH3-007-PRODUCTION
2025-07-30 14:09:09,736 - INFO - 処理対象: 39枚
2025-07-30 14:09:09,740 - INFO - 
=== バッチ 1/39 ===
2025-07-30 14:09:09,789 - INFO - バッチ処理開始: 1枚, タイムアウト: 1440秒
2025-07-30 14:10:06,866 - INFO - バッチ処理成功: 0枚, 57.1秒
2025-07-30 14:10:06,889 - INFO - 一時ディレクトリクリーンアップ完了
2025-07-30 14:10:06,890 - INFO - 進捗: 0.0% (0/39)
2025-07-30 14:10:11,896 - INFO - 
=== バッチ 2/39 ===
2025-07-30 14:10:11,944 - INFO - バッチ処理開始: 1枚, タイムアウト: 1440秒
2025-07-30 14:27:27,315 - INFO - バッチ処理成功: 1枚, 1035.4秒
2025-07-30 14:27:27,332 - INFO - 一時ディレクトリクリーンアップ完了
2025-07-30 14:27:27,332 - INFO - 進捗: 2.6% (1/39)
2025-07-30 14:27:32,338 - INFO - 
=== バッチ 3/39 ===
2025-07-30 14:27:32,387 - INFO - バッチ処理開始: 1枚, タイムアウト: 1440秒
2025-07-30 14:30:08,717 - INFO - バッチ処理成功: 1枚, 156.3秒
2025-07-30 14:30:08,736 - INFO - 一時ディレクトリクリーンアップ完了
2025-07-30 14:30:08,737 - INFO - 進捗: 5.1% (2/39)
2025-07-30 14:30:13,743 - INFO - 
=== バッチ 4/39 ===
2025-07-30 14:30:13,797 - INFO - バッチ処理開始: 1枚, タイムアウト: 1440秒
2025-07-30 14:49:33,474 - INFO - バッチ処理成功: 1枚, 1159.7秒
2025-07-30 14:49:33,493 - INFO - 一時ディレクトリクリーンアップ完了
2025-07-30 14:49:33,494 - INFO - 進捗: 7.7% (3/39)
2025-07-30 14:49:38,499 - INFO - 
=== バッチ 5/39 ===
2025-07-30 14:49:38,560 - INFO - バッチ処理開始: 1枚, タイムアウト: 1440秒
2025-07-30 15:07:22,252 - INFO - バッチ処理成功: 1枚, 1063.7秒
2025-07-30 15:07:22,272 - INFO - 一時ディレクトリクリーンアップ完了
2025-07-30 15:07:22,273 - INFO - 進捗: 10.3% (4/39)
2025-07-30 15:07:27,279 - INFO - 
=== バッチ 6/39 ===
2025-07-30 15:07:27,332 - INFO - バッチ処理開始: 1枚, タイムアウト: 1440秒
2025-07-30 15:11:30,896 - INFO - バッチ処理成功: 1枚, 243.6秒
2025-07-30 15:11:30,916 - INFO - 一時ディレクトリクリーンアップ完了
2025-07-30 15:11:30,917 - INFO - 進捗: 12.8% (5/39)
2025-07-30 15:11:35,923 - INFO - 
=== バッチ 7/39 ===
2025-07-30 15:11:35,977 - INFO - バッチ処理開始: 1枚, タイムアウト: 1440秒
2025-07-30 15:15:55,800 - INFO - バッチ処理成功: 1枚, 259.8秒
2025-07-30 15:15:55,822 - INFO - 一時ディレクトリクリーンアップ完了
2025-07-30 15:15:55,823 - INFO - 進捗: 15.4% (6/39)
2025-07-30 15:16:00,829 - INFO - 
=== バッチ 8/39 ===
2025-07-30 15:16:00,885 - INFO - バッチ処理開始: 1枚, タイムアウト: 1440秒
2025-07-30 15:18:53,440 - INFO - バッチ処理成功: 1枚, 172.6秒
2025-07-30 15:18:53,460 - INFO - 一時ディレクトリクリーンアップ完了
2025-07-30 15:18:53,460 - INFO - 進捗: 17.9% (7/39)
2025-07-30 15:18:58,466 - INFO - 
=== バッチ 9/39 ===
2025-07-30 15:18:58,518 - INFO - バッチ処理開始: 1枚, タイムアウト: 1440秒
2025-07-30 15:20:47,678 - INFO - バッチ処理成功: 1枚, 109.2秒
2025-07-30 15:20:47,694 - INFO - 一時ディレクトリクリーンアップ完了
2025-07-30 15:20:47,694 - INFO - 進捗: 20.5% (8/39)
2025-07-30 15:20:52,700 - INFO - 
=== バッチ 10/39 ===
2025-07-30 15:20:52,749 - INFO - バッチ処理開始: 1枚, タイムアウト: 1440秒
2025-07-30 15:22:38,855 - INFO - バッチ処理成功: 1枚, 106.1秒
2025-07-30 15:22:38,872 - INFO - 一時ディレクトリクリーンアップ完了
2025-07-30 15:22:38,872 - INFO - 進捗: 23.1% (9/39)
2025-07-30 15:22:43,877 - INFO - 
=== バッチ 11/39 ===
2025-07-30 15:22:43,933 - INFO - バッチ処理開始: 1枚, タイムアウト: 1440秒
2025-07-30 15:24:22,616 - INFO - バッチ処理成功: 1枚, 98.7秒
2025-07-30 15:24:22,631 - INFO - 一時ディレクトリクリーンアップ完了
2025-07-30 15:24:22,631 - INFO - 進捗: 25.6% (10/39)
2025-07-30 15:24:27,637 - INFO - 
=== バッチ 12/39 ===
2025-07-30 15:24:27,686 - INFO - バッチ処理開始: 1枚, タイムアウト: 1440秒
2025-07-30 15:26:02,023 - INFO - バッチ処理成功: 1枚, 94.3秒
2025-07-30 15:26:02,038 - INFO - 一時ディレクトリクリーンアップ完了
2025-07-30 15:26:02,038 - INFO - 進捗: 28.2% (11/39)
2025-07-30 15:26:07,044 - INFO - 
=== バッチ 13/39 ===
2025-07-30 15:26:07,096 - INFO - バッチ処理開始: 1枚, タイムアウト: 1440秒
2025-07-30 15:28:53,914 - INFO - バッチ処理成功: 1枚, 166.8秒
2025-07-30 15:28:53,932 - INFO - 一時ディレクトリクリーンアップ完了
2025-07-30 15:28:53,932 - INFO - 進捗: 30.8% (12/39)
2025-07-30 15:28:58,938 - INFO - 
=== バッチ 14/39 ===
2025-07-30 15:28:58,990 - INFO - バッチ処理開始: 1枚, タイムアウト: 1440秒
2025-07-30 15:30:46,765 - INFO - バッチ処理成功: 1枚, 107.8秒
2025-07-30 15:30:46,781 - INFO - 一時ディレクトリクリーンアップ完了
2025-07-30 15:30:46,781 - INFO - 進捗: 33.3% (13/39)
2025-07-30 15:30:51,787 - INFO - 
=== バッチ 15/39 ===
2025-07-30 15:30:51,838 - INFO - バッチ処理開始: 1枚, タイムアウト: 1440秒
2025-07-30 15:33:00,955 - INFO - バッチ処理成功: 1枚, 129.1秒
2025-07-30 15:33:00,970 - INFO - 一時ディレクトリクリーンアップ完了
2025-07-30 15:33:00,971 - INFO - 進捗: 35.9% (14/39)
2025-07-30 15:33:05,976 - INFO - 
=== バッチ 16/39 ===
2025-07-30 15:33:06,027 - INFO - バッチ処理開始: 1枚, タイムアウト: 1440秒
2025-07-30 15:35:36,911 - INFO - バッチ処理成功: 1枚, 150.9秒
2025-07-30 15:35:36,926 - INFO - 一時ディレクトリクリーンアップ完了
2025-07-30 15:35:36,926 - INFO - 進捗: 38.5% (15/39)
2025-07-30 15:35:41,932 - INFO - 
=== バッチ 17/39 ===
2025-07-30 15:35:41,992 - INFO - バッチ処理開始: 1枚, タイムアウト: 1440秒
2025-07-30 15:37:30,868 - INFO - バッチ処理成功: 1枚, 108.9秒
2025-07-30 15:37:30,888 - INFO - 一時ディレクトリクリーンアップ完了
2025-07-30 15:37:30,889 - INFO - 進捗: 41.0% (16/39)
2025-07-30 15:37:35,895 - INFO - 
=== バッチ 18/39 ===
2025-07-30 15:37:35,957 - INFO - バッチ処理開始: 1枚, タイムアウト: 1440秒
2025-07-30 15:39:22,865 - INFO - バッチ処理成功: 1枚, 106.9秒
2025-07-30 15:39:22,882 - INFO - 一時ディレクトリクリーンアップ完了
2025-07-30 15:39:22,883 - INFO - 進捗: 43.6% (17/39)
2025-07-30 15:39:27,888 - INFO - 
=== バッチ 19/39 ===
2025-07-30 15:39:27,949 - INFO - バッチ処理開始: 1枚, タイムアウト: 1440秒
2025-07-30 15:42:16,675 - INFO - バッチ処理成功: 1枚, 168.7秒
2025-07-30 15:42:16,691 - INFO - 一時ディレクトリクリーンアップ完了
2025-07-30 15:42:16,691 - INFO - 進捗: 46.2% (18/39)
2025-07-30 15:42:21,696 - INFO - 
=== バッチ 20/39 ===
2025-07-30 15:42:21,759 - INFO - バッチ処理開始: 1枚, タイムアウト: 1440秒
2025-07-30 15:44:07,475 - INFO - バッチ処理成功: 1枚, 105.7秒
2025-07-30 15:44:07,492 - INFO - 一時ディレクトリクリーンアップ完了
2025-07-30 15:44:07,492 - INFO - 進捗: 48.7% (19/39)
2025-07-30 15:44:12,498 - INFO - 
=== バッチ 21/39 ===
2025-07-30 15:44:12,560 - INFO - バッチ処理開始: 1枚, タイムアウト: 1440秒
2025-07-30 15:46:04,578 - INFO - バッチ処理成功: 1枚, 112.0秒
2025-07-30 15:46:04,596 - INFO - 一時ディレクトリクリーンアップ完了
2025-07-30 15:46:04,596 - INFO - 進捗: 51.3% (20/39)
2025-07-30 15:46:09,601 - INFO - 
=== バッチ 22/39 ===
2025-07-30 15:46:09,663 - INFO - バッチ処理開始: 1枚, タイムアウト: 1440秒
2025-07-30 15:48:55,177 - INFO - バッチ処理成功: 1枚, 165.5秒
2025-07-30 15:48:55,196 - INFO - 一時ディレクトリクリーンアップ完了
2025-07-30 15:48:55,196 - INFO - 進捗: 53.8% (21/39)
2025-07-30 15:49:00,202 - INFO - 
=== バッチ 23/39 ===
2025-07-30 15:49:00,259 - INFO - バッチ処理開始: 1枚, タイムアウト: 1440秒
2025-07-30 16:13:00,382 - ERROR - バッチ処理タイムアウト: 1440.1秒経過
2025-07-30 16:13:05,445 - WARNING - 親プロセス強制終了: PID 73703
2025-07-30 16:13:05,445 - INFO - プロセスツリー終了完了: PID 73703
2025-07-30 16:13:05,464 - INFO - 一時ディレクトリクリーンアップ完了
2025-07-30 16:13:05,467 - INFO - 進捗: 56.4% (22/39)
2025-07-30 16:13:10,472 - INFO - 
=== バッチ 24/39 ===
2025-07-30 16:13:10,531 - INFO - バッチ処理開始: 1枚, タイムアウト: 1440秒
2025-07-30 16:18:44,061 - INFO - バッチ処理成功: 1枚, 333.5秒
2025-07-30 16:18:44,082 - INFO - 一時ディレクトリクリーンアップ完了
2025-07-30 16:18:44,082 - INFO - 進捗: 59.0% (23/39)
2025-07-30 16:18:49,088 - INFO - 
=== バッチ 25/39 ===
2025-07-30 16:18:49,151 - INFO - バッチ処理開始: 1枚, タイムアウト: 1440秒
2025-07-30 16:22:09,265 - INFO - バッチ処理成功: 1枚, 200.1秒
2025-07-30 16:22:09,283 - INFO - 一時ディレクトリクリーンアップ完了
2025-07-30 16:22:09,283 - INFO - 進捗: 61.5% (24/39)
2025-07-30 16:22:14,290 - INFO - 
=== バッチ 26/39 ===
2025-07-30 16:22:14,357 - INFO - バッチ処理開始: 1枚, タイムアウト: 1440秒
2025-07-30 16:25:43,637 - INFO - バッチ処理成功: 1枚, 209.3秒
2025-07-30 16:25:43,657 - INFO - 一時ディレクトリクリーンアップ完了
2025-07-30 16:25:43,658 - INFO - 進捗: 64.1% (25/39)
2025-07-30 16:25:48,663 - INFO - 
=== バッチ 27/39 ===
2025-07-30 16:25:48,726 - INFO - バッチ処理開始: 1枚, タイムアウト: 1440秒
2025-07-30 16:27:30,553 - INFO - バッチ処理成功: 1枚, 101.8秒
2025-07-30 16:27:30,574 - INFO - 一時ディレクトリクリーンアップ完了
2025-07-30 16:27:30,575 - INFO - 進捗: 66.7% (26/39)
2025-07-30 16:27:35,580 - INFO - 
=== バッチ 28/39 ===
2025-07-30 16:27:35,642 - INFO - バッチ処理開始: 1枚, タイムアウト: 1440秒
2025-07-30 16:29:31,731 - INFO - バッチ処理成功: 1枚, 116.1秒
2025-07-30 16:29:31,748 - INFO - 一時ディレクトリクリーンアップ完了
2025-07-30 16:29:31,748 - INFO - 進捗: 69.2% (27/39)
2025-07-30 16:29:36,754 - INFO - 
=== バッチ 29/39 ===
2025-07-30 16:29:36,813 - INFO - バッチ処理開始: 1枚, タイムアウト: 1440秒
2025-07-30 16:33:02,371 - INFO - バッチ処理成功: 1枚, 205.6秒
2025-07-30 16:33:02,391 - INFO - 一時ディレクトリクリーンアップ完了
2025-07-30 16:33:02,392 - INFO - 進捗: 71.8% (28/39)
2025-07-30 16:33:07,398 - INFO - 
=== バッチ 30/39 ===
2025-07-30 16:33:07,462 - INFO - バッチ処理開始: 1枚, タイムアウト: 1440秒
