2025-08-04 00:07:21,835 - INFO - Using device: cuda
2025-08-04 00:07:33,369 - INFO - === QC成功版でKANA08の20枚処理開始 ===
2025-08-04 00:07:33,369 - INFO - [ 1/20] 処理中: kana08_0000_cover.jpg
2025-08-04 00:07:35,185 - INFO - 抽出成功: extracted_kana08_0000_cover.png
2025-08-04 00:07:35,185 - INFO -   ✅ 成功
2025-08-04 00:07:35,186 - INFO - [ 2/20] 処理中: kana08_0001.jpg
2025-08-04 00:07:35,739 - INFO - 抽出成功: extracted_kana08_0001.png
2025-08-04 00:07:35,739 - INFO -   ✅ 成功
2025-08-04 00:07:35,739 - INFO - [ 3/20] 処理中: kana08_0002.jpg
2025-08-04 00:07:36,266 - INFO - 抽出成功: extracted_kana08_0002.png
2025-08-04 00:07:36,266 - INFO -   ✅ 成功
2025-08-04 00:07:36,266 - INFO - [ 4/20] 処理中: kana08_0003.jpg
2025-08-04 00:07:36,799 - INFO - 抽出成功: extracted_kana08_0003.png
2025-08-04 00:07:36,799 - INFO -   ✅ 成功
2025-08-04 00:07:36,800 - INFO - [ 5/20] 処理中: kana08_0004.jpg
2025-08-04 00:07:37,305 - INFO - 抽出成功: extracted_kana08_0004.png
2025-08-04 00:07:37,305 - INFO -   ✅ 成功
2025-08-04 00:07:37,305 - INFO - [ 6/20] 処理中: kana08_0005.jpg
2025-08-04 00:07:37,815 - INFO - 抽出成功: extracted_kana08_0005.png
2025-08-04 00:07:37,816 - INFO -   ✅ 成功
2025-08-04 00:07:37,816 - INFO - [ 7/20] 処理中: kana08_0006.jpg
2025-08-04 00:07:38,338 - INFO - 抽出成功: extracted_kana08_0006.png
2025-08-04 00:07:38,338 - INFO -   ✅ 成功
2025-08-04 00:07:38,338 - INFO - [ 8/20] 処理中: kana08_0007.jpg
2025-08-04 00:07:38,838 - INFO - 抽出成功: extracted_kana08_0007.png
2025-08-04 00:07:38,839 - INFO -   ✅ 成功
2025-08-04 00:07:38,839 - INFO - [ 9/20] 処理中: kana08_0008.jpg
2025-08-04 00:07:39,373 - INFO - 抽出成功: extracted_kana08_0008.png
2025-08-04 00:07:39,373 - INFO -   ✅ 成功
2025-08-04 00:07:39,373 - INFO - [10/20] 処理中: kana08_0009.jpg
2025-08-04 00:07:39,977 - INFO - 抽出成功: extracted_kana08_0009.png
2025-08-04 00:07:39,978 - INFO -   ✅ 成功
2025-08-04 00:07:39,978 - INFO - [11/20] 処理中: kana08_0010.jpg
2025-08-04 00:07:40,520 - INFO - 抽出成功: extracted_kana08_0010.png
2025-08-04 00:07:40,521 - INFO -   ✅ 成功
2025-08-04 00:07:40,521 - INFO - [12/20] 処理中: kana08_0011.jpg
2025-08-04 00:07:41,190 - INFO - 抽出成功: extracted_kana08_0011.png
2025-08-04 00:07:41,190 - INFO -   ✅ 成功
2025-08-04 00:07:41,191 - INFO - [13/20] 処理中: kana08_0012.jpg
2025-08-04 00:07:41,776 - INFO - 抽出成功: extracted_kana08_0012.png
2025-08-04 00:07:41,777 - INFO -   ✅ 成功
2025-08-04 00:07:41,777 - INFO - [14/20] 処理中: kana08_0013.jpg
2025-08-04 00:07:42,317 - INFO - 抽出成功: extracted_kana08_0013.png
2025-08-04 00:07:42,318 - INFO -   ✅ 成功
2025-08-04 00:07:42,318 - INFO - [15/20] 処理中: kana08_0014.jpg
2025-08-04 00:07:42,863 - INFO - 抽出成功: extracted_kana08_0014.png
2025-08-04 00:07:42,863 - INFO -   ✅ 成功
2025-08-04 00:07:42,863 - INFO - [16/20] 処理中: kana08_0015.jpg
2025-08-04 00:07:43,438 - INFO - 抽出成功: extracted_kana08_0015.png
2025-08-04 00:07:43,438 - INFO -   ✅ 成功
2025-08-04 00:07:43,438 - INFO - [17/20] 処理中: kana08_0016.jpg
2025-08-04 00:07:44,025 - INFO - 抽出成功: extracted_kana08_0016.png
2025-08-04 00:07:44,026 - INFO -   ✅ 成功
2025-08-04 00:07:44,026 - INFO - [18/20] 処理中: kana08_0017.jpg
2025-08-04 00:07:44,621 - INFO - 抽出成功: extracted_kana08_0017.png
2025-08-04 00:07:44,621 - INFO -   ✅ 成功
2025-08-04 00:07:44,621 - INFO - [19/20] 処理中: kana08_0018.jpg
2025-08-04 00:07:45,212 - INFO - 抽出成功: extracted_kana08_0018.png
2025-08-04 00:07:45,212 - INFO -   ✅ 成功
2025-08-04 00:07:45,212 - INFO - [20/20] 処理中: kana08_0019.jpg
2025-08-04 00:07:45,770 - INFO - 抽出成功: extracted_kana08_0019.png
2025-08-04 00:07:45,771 - INFO -   ✅ 成功
2025-08-04 00:07:45,771 - INFO - ============================================================
2025-08-04 00:07:45,771 - INFO - 🎯 QC成功版 - KANA08の20枚処理完了
2025-08-04 00:07:45,771 - INFO - 📊 成功率: 100.0% (20/20枚)
2025-08-04 00:07:45,772 - INFO - ⏱️ 処理時間: 12.4秒
2025-08-04 00:07:45,772 - INFO - ✅ 全20枚で抽出成功！QC成功版による完全復元
2025-08-04 00:07:45,772 - INFO - 📁 出力先: /mnt/c/AItools/lora/train/yado/tracker-workspace/QC-KANA08-SUCCESS-20
2025-08-04 00:07:45,772 - INFO - ============================================================
2025-08-04 00:07:45,772 - INFO - 🎉 QC成功版による抽出完了 - 成功基準達成
