Initializing models...
🚀 Phase 0対応モデル初期化開始...
✅ SAM vit_h loaded on cuda
✅ SAM model initialized and loaded
✅ YOLO yolov8x6_animeface.pt loaded on cuda
✅ YOLO model initialized and loaded
✅ Performance monitor initialized
🎉 全モデル初期化完了（load_model()実行済み）
🚀 バッチ処理開始: 10枚の画像を処理します...
📝 処理中: kana05_0001.jpg
✅ 画像読み込み成功: 1494x2110, test_sample/kana05_0001.jpg
🔄 画像リサイズ: 1494x2110 → 725x1024 (scale=0.485)
カラー判定: 最大チャンネル差分=35.663, 閾値=0.01, 結果=カラー
📊 画像統計: 725x1024, 平均輝度: 200.5, カラー
境界強調統計: コントラスト改善=0.92x, エッジ改善=0.78x
INFO:features.extraction.yolo_detection_expansion:🚀 YOLO検出範囲拡張開始: 86個のマスク処理
INFO:features.extraction.yolo_detection_expansion:📊 アダプティブ閾値: 0.0504
INFO:features.extraction.yolo_detection_expansion:📏 境界ボックス拡張: 86個処理完了
INFO:features.extraction.yolo_detection_expansion:👤 全身検出最適化: 86個最適化完了
INFO:features.extraction.yolo_detection_expansion:🎌 アニメ特化フィルタ: 50個通過
INFO:features.extraction.yolo_detection_expansion:🎯 スコア再計算完了: 1個
INFO:features.extraction.yolo_detection_expansion:📈 改善統計: 検出率向上 -98.8%
INFO:features.evaluation.utils.non_character_filter:🔍 Non-character filter: 1 masks
INFO:features.evaluation.utils.non_character_filter:   マスク1: 吹き出し=True, マスク物=False, テキスト=False
INFO:features.evaluation.utils.non_character_filter:   ❌ 除外: 吹き出し(0.60)
INFO:features.evaluation.utils.non_character_filter:🎯 Non-character filter result: 1 → 0 masks
INFO:features.extraction.integrated_precision_pipeline:🚀 統合精度向上パイプライン開始
WARNING:features.extraction.integrated_precision_pipeline:⚠️ 基本品質評価エラー: OpenCV(4.11.0) :-1: error: (-5:Bad argument) in function 'findContours'
> Overload resolution failed:
>  - image data type = bool is not supported
>  - Expected Ptr<cv::UMat> for argument 'image'

INFO:features.extraction.integrated_precision_pipeline:📊 初期品質スコア: 0.000
INFO:features.extraction.integrated_precision_pipeline:🔄 処理試行 1/4
WARNING:features.extraction.integrated_precision_pipeline:⚠️ 基本品質評価エラー: OpenCV(4.11.0) :-1: error: (-5:Bad argument) in function 'findContours'
> Overload resolution failed:
>  - image data type = bool is not supported
>  - Expected Ptr<cv::UMat> for argument 'image'

INFO:features.processing.adaptive_parameter_optimizer:🎛️ 適応的パラメータ最適化開始
INFO:features.processing.adaptive_parameter_optimizer:📊 画像特性: 明度=224.7, コントラスト=74.3, 複雑度=0.067
WARNING:features.processing.adaptive_parameter_optimizer:⚠️ 最適化履歴更新エラー: name 'time' is not defined
INFO:features.processing.adaptive_parameter_optimizer:✅ 適応的パラメータ最適化完了
INFO:features.extraction.yolo_detection_expansion:🚀 YOLO検出範囲拡張開始: 1個のマスク処理
INFO:features.extraction.yolo_detection_expansion:📊 アダプティブ閾値: 0.0504
INFO:features.extraction.yolo_detection_expansion:📏 境界ボックス拡張: 1個処理完了
INFO:features.extraction.yolo_detection_expansion:👤 全身検出最適化: 1個最適化完了
INFO:features.extraction.yolo_detection_expansion:🎌 アニメ特化フィルタ: 1個通過
INFO:features.extraction.yolo_detection_expansion:🎯 スコア再計算完了: 0個
INFO:features.extraction.yolo_detection_expansion:📈 改善統計: 検出率向上 -100.0%
INFO:features.processing.sam_postprocessing_pipeline:🔧 SAM後処理パイプライン開始
INFO:features.processing.sam_postprocessing_pipeline:📊 初期品質スコア: 0.324
INFO:features.processing.contour_enhancement_system:🎨 輪郭後処理システム強化開始
INFO:features.processing.contour_enhancement_system:📊 初期輪郭品質: コンパクトネス 0.451
INFO:features.processing.contour_enhancement_system:📈 最終輪郭品質: コンパクトネス 0.592
INFO:features.processing.sam_postprocessing_pipeline:🎨 輪郭強化完了: コンパクトネス 0.592
INFO:features.processing.sam_postprocessing_pipeline:📈 最終品質スコア: 0.363
INFO:features.processing.contour_enhancement_system:🎨 輪郭後処理システム強化開始
INFO:features.processing.contour_enhancement_system:📊 初期輪郭品質: コンパクトネス 0.598
INFO:features.processing.contour_enhancement_system:📈 最終輪郭品質: コンパクトネス 0.732
INFO:features.evaluation.integrated_quality_monitor:🔍 品質監視開始: temp_image
WARNING: All log messages before absl::InitializeLog() is called are written to STDERR
I0000 00:00:1753522473.277914   32123 gl_context_egl.cc:85] Successfully initialized EGL. Major : 1 Minor: 5
I0000 00:00:1753522473.330036   32299 gl_context.cc:369] GL version: 3.1 (OpenGL ES 3.1 Mesa 23.2.1-1ubuntu3.1~22.04.3), renderer: D3D12 (AMD Radeon(TM) Graphics)
INFO: Created TensorFlow Lite XNNPACK delegate for CPU.
WARNING:features.evaluation.integrated_quality_monitor:⚠️ 客観指標計算エラー: 'ObjectiveMetricResult' object has no attribute 'score'
WARNING:features.evaluation.integrated_quality_monitor:🚨 品質危険レベル: temp_image - スコア 0.289
INFO:features.evaluation.integrated_quality_monitor:📊 品質監視完了: スコア 0.289 (critical)
INFO:features.extraction.integrated_precision_pipeline:📈 有意な改善確認: +0.289
INFO:features.extraction.integrated_precision_pipeline:🏁 パイプライン完了: 最終品質 0.289, 改善率 28867.9%, 処理時間 2.5秒
🔍 Image shape: (1024, 725, 3)
📊 Generated 164 masks
👤 86 character masks
🎯 86 scored masks
🔧 YOLO拡張システム: 86 → 1 masks
🔍 Step 1: Non-character element filtering
🔍 Step 2: Face detection validation
🎯 Final masks for selection: 1
🔄 Multi-method fallback system starting with: fullbody_priority
   試行 1/5: fullbody_priority
🎯 複合スコア評価開始 (基準: fullbody_priority)
   重み設定: {'area': 0.2, 'fullbody': 0.4, 'central': 0.15, 'grounded': 0.15, 'confidence': 0.1}
   マスク1: 総合=0.352 (面積=0.06, 全身=0.38, 中央=0.44, 接地=0.32, 信頼度=0.73)
      詳細: 面積比=0.012, アスペクト比=1.27, bbox=[0, 28, 135, 171], YOLO信頼度=0.727
      🎯 現在の最高スコア更新!
✅ 最適マスク選択: 総合スコア 0.352
✅ Primary method fullbody_priority succeeded
⚠️ 統合精度向上未達: 最終品質 0.289（元マスク使用）
🔍 Validating mask quality...
🎯 Mask quality: good, Face complete: True, Needs improvement: False
💾 Character extracted: results_phase1_test/kana05_0001_extracted.jpg (size: 146x147)
Successfully processed test_sample/kana05_0001.jpg
❌ 失敗: kana05_0001.jpg
📝 処理中: kana05_0002.jpg
W0000 00:00:1753522473.402270   32287 inference_feedback_manager.cc:114] Feedback manager requires a model with a single signature inference. Disabling support for feedback tensors.
INFO:features.processing.preprocessing.boundary_enhancer:BoundaryEnhancer初期化: skin_factor=1.5, edge_factor=2.0, contrast=1.3
W0000 00:00:1753522473.498664   32288 inference_feedback_manager.cc:114] Feedback manager requires a model with a single signature inference. Disabling support for feedback tensors.
✅ 画像読み込み成功: 1494x2110, test_sample/kana05_0002.jpg
🔄 画像リサイズ: 1494x2110 → 725x1024 (scale=0.485)
カラー判定: 最大チャンネル差分=36.126, 閾値=0.01, 結果=カラー
📊 画像統計: 725x1024, 平均輝度: 155.2, カラー
境界強調統計: コントラスト改善=1.04x, エッジ改善=0.93x
INFO:features.extraction.yolo_detection_expansion:🚀 YOLO検出範囲拡張開始: 119個のマスク処理
INFO:features.extraction.yolo_detection_expansion:📊 アダプティブ閾値: 0.0554
INFO:features.extraction.yolo_detection_expansion:📏 境界ボックス拡張: 119個処理完了
INFO:features.extraction.yolo_detection_expansion:👤 全身検出最適化: 119個最適化完了
INFO:features.extraction.yolo_detection_expansion:🎌 アニメ特化フィルタ: 79個通過
INFO:features.extraction.yolo_detection_expansion:🎯 スコア再計算完了: 4個
INFO:features.extraction.yolo_detection_expansion:📈 改善統計: 検出率向上 -96.6%
INFO:features.evaluation.utils.non_character_filter:🔍 Non-character filter: 4 masks
INFO:features.evaluation.utils.non_character_filter:   マスク1: 吹き出し=False, マスク物=False, テキスト=False
INFO:features.evaluation.utils.non_character_filter:   ✅ キープ
INFO:features.evaluation.utils.non_character_filter:   マスク2: 吹き出し=True, マスク物=False, テキスト=False
INFO:features.evaluation.utils.non_character_filter:   ❌ 除外: 吹き出し(0.60)
INFO:features.evaluation.utils.non_character_filter:   マスク3: 吹き出し=False, マスク物=False, テキスト=False
INFO:features.evaluation.utils.non_character_filter:   ✅ キープ
INFO:features.evaluation.utils.non_character_filter:   マスク4: 吹き出し=False, マスク物=False, テキスト=False
INFO:features.evaluation.utils.non_character_filter:   ✅ キープ
INFO:features.evaluation.utils.non_character_filter:🎯 Non-character filter result: 4 → 3 masks
INFO:features.evaluation.utils.face_detection:Face detector loaded: /home/shakufuku/.local/lib/python3.10/site-packages/cv2/data/haarcascade_frontalface_default.xml
INFO:features.evaluation.utils.face_detection:🔍 Validating 3 masks with face detection
INFO:features.evaluation.utils.face_detection:   マスク1: 顔検出=False, 信頼度=0.000, キャラクター=False
INFO:features.evaluation.utils.face_detection:   ✅ キャラクターとして認定（信頼度=0.000）
INFO:features.evaluation.utils.face_detection:   マスク2: 顔検出=False, 信頼度=0.000, キャラクター=False
INFO:features.evaluation.utils.face_detection:   ✅ キャラクターとして認定（信頼度=0.000）
INFO:features.evaluation.utils.face_detection:   マスク3: 顔検出=False, 信頼度=0.000, キャラクター=False
INFO:features.evaluation.utils.face_detection:   ✅ キャラクターとして認定（信頼度=0.000）
INFO:features.evaluation.utils.face_detection:🎯 フィルタ結果: 3 → 3 マスク
INFO:features.extraction.integrated_precision_pipeline:🚀 統合精度向上パイプライン開始
WARNING:features.extraction.integrated_precision_pipeline:⚠️ 基本品質評価エラー: OpenCV(4.11.0) :-1: error: (-5:Bad argument) in function 'findContours'
> Overload resolution failed:
>  - image data type = bool is not supported
>  - Expected Ptr<cv::UMat> for argument 'image'

INFO:features.extraction.integrated_precision_pipeline:📊 初期品質スコア: 0.000
INFO:features.extraction.integrated_precision_pipeline:🔄 処理試行 1/4
WARNING:features.extraction.integrated_precision_pipeline:⚠️ 基本品質評価エラー: OpenCV(4.11.0) :-1: error: (-5:Bad argument) in function 'findContours'
> Overload resolution failed:
>  - image data type = bool is not supported
>  - Expected Ptr<cv::UMat> for argument 'image'

INFO:features.processing.adaptive_parameter_optimizer:🎛️ 適応的パラメータ最適化開始
INFO:features.processing.adaptive_parameter_optimizer:📊 画像特性: 明度=189.7, コントラスト=100.6, 複雑度=0.100
WARNING:features.processing.adaptive_parameter_optimizer:⚠️ 最適化履歴更新エラー: name 'time' is not defined
INFO:features.processing.adaptive_parameter_optimizer:✅ 適応的パラメータ最適化完了
INFO:features.extraction.yolo_detection_expansion:🚀 YOLO検出範囲拡張開始: 1個のマスク処理
INFO:features.extraction.yolo_detection_expansion:📊 アダプティブ閾値: 0.0554
INFO:features.extraction.yolo_detection_expansion:📏 境界ボックス拡張: 1個処理完了
INFO:features.extraction.yolo_detection_expansion:👤 全身検出最適化: 1個最適化完了
INFO:features.extraction.yolo_detection_expansion:🎌 アニメ特化フィルタ: 1個通過
INFO:features.extraction.yolo_detection_expansion:🎯 スコア再計算完了: 0個
INFO:features.extraction.yolo_detection_expansion:📈 改善統計: 検出率向上 -100.0%
INFO:features.processing.sam_postprocessing_pipeline:🔧 SAM後処理パイプライン開始
INFO:features.processing.sam_postprocessing_pipeline:📊 初期品質スコア: 0.473
INFO:features.processing.contour_enhancement_system:🎨 輪郭後処理システム強化開始
INFO:features.processing.contour_enhancement_system:📊 初期輪郭品質: コンパクトネス 0.573
INFO:features.processing.contour_enhancement_system:📈 最終輪郭品質: コンパクトネス 0.590
INFO:features.processing.sam_postprocessing_pipeline:🎨 輪郭強化完了: コンパクトネス 0.590
INFO:features.processing.sam_postprocessing_pipeline:📈 最終品質スコア: 0.516
INFO:features.processing.contour_enhancement_system:🎨 輪郭後処理システム強化開始
INFO:features.processing.contour_enhancement_system:📊 初期輪郭品質: コンパクトネス 0.593
INFO:features.processing.contour_enhancement_system:📈 最終輪郭品質: コンパクトネス 0.599
INFO:features.evaluation.integrated_quality_monitor:🔍 品質監視開始: temp_image
I0000 00:00:1753522482.551189   32123 gl_context_egl.cc:85] Successfully initialized EGL. Major : 1 Minor: 5
I0000 00:00:1753522482.569378   32313 gl_context.cc:369] GL version: 3.1 (OpenGL ES 3.1 Mesa 23.2.1-1ubuntu3.1~22.04.3), renderer: D3D12 (AMD Radeon(TM) Graphics)
WARNING:features.evaluation.integrated_quality_monitor:⚠️ 客観指標計算エラー: 'ObjectiveMetricResult' object has no attribute 'score'
WARNING:features.evaluation.integrated_quality_monitor:🚨 品質危険レベル: temp_image - スコア 0.303
INFO:features.evaluation.integrated_quality_monitor:📊 品質監視完了: スコア 0.303 (critical)
INFO:features.extraction.integrated_precision_pipeline:📈 有意な改善確認: +0.303
INFO:features.extraction.integrated_precision_pipeline:🏁 パイプライン完了: 最終品質 0.303, 改善率 30306.3%, 処理時間 0.3秒
🔍 Image shape: (1024, 725, 3)
📊 Generated 219 masks
👤 119 character masks
🎯 119 scored masks
🔧 YOLO拡張システム: 119 → 4 masks
🔍 Step 1: Non-character element filtering
🔍 Step 2: Face detection validation
🎯 Final masks for selection: 3
🔄 Multi-method fallback system starting with: fullbody_priority
   試行 1/5: fullbody_priority
🎯 複合スコア評価開始 (基準: fullbody_priority)
   重み設定: {'area': 0.2, 'fullbody': 0.4, 'central': 0.15, 'grounded': 0.15, 'confidence': 0.1}
   マスク1: 総合=0.474 (面積=0.13, 全身=0.30, 中央=0.70, 接地=0.95, 信頼度=0.82)
      詳細: 面積比=0.026, アスペクト比=1.10, bbox=[489, 381, 184, 202], YOLO信頼度=0.821
      🎯 現在の最高スコア更新!
   マスク2: 総合=0.744 (面積=0.46, 全身=0.80, 中央=0.67, 接地=1.00, 信頼度=0.82)
      詳細: 面積比=0.186, アスペクト比=2.09, bbox=[404, 381, 307, 642], YOLO信頼度=0.821
      🎯 現在の最高スコア更新!
   マスク3: 総合=0.656 (面積=0.50, 全身=0.53, 中央=0.70, 接地=1.00, 信頼度=0.88)
      詳細: 面積比=0.198, アスペクト比=1.57, bbox=[65, 488, 341, 535], YOLO信頼度=0.880
      📊 スコア不足 (最高: 0.744)
✅ 最適マスク選択: 総合スコア 0.744
✅ Primary method fullbody_priority succeeded
✅ Selected mask validation: faces=0, character_confidence=0.000
🚀 統合精度向上完了: 品質 0.000 → 0.303 (改善率 +30306.3%, リトライ 0回, 処理時間 0.3秒)
   完了段階: parameter_optimization, sam_postprocessing, contour_enhancement, quality_monitoring
W0000 00:00:1753522482.603891   32302 inference_feedback_manager.cc:114] Feedback manager requires a model with a single signature inference. Disabling support for feedback tensors.
W0000 00:00:1753522482.646194   32309 inference_feedback_manager.cc:114] Feedback manager requires a model with a single signature inference. Disabling support for feedback tensors.
🔍 Validating mask quality...
🎯 Mask quality: good, Face complete: True, Needs improvement: False
💾 Character extracted: results_phase1_test/kana05_0002_extracted.jpg (size: 340x659)
Successfully processed test_sample/kana05_0002.jpg
❌ 失敗: kana05_0002.jpg
📝 処理中: kana05_0003.jpg
INFO:features.processing.preprocessing.boundary_enhancer:BoundaryEnhancer初期化: skin_factor=1.5, edge_factor=2.0, contrast=1.3
✅ 画像読み込み成功: 1494x2110, test_sample/kana05_0003.jpg
🔄 画像リサイズ: 1494x2110 → 725x1024 (scale=0.485)
カラー判定: 最大チャンネル差分=35.468, 閾値=0.01, 結果=カラー
📊 画像統計: 725x1024, 平均輝度: 150.0, カラー
境界強調統計: コントラスト改善=1.02x, エッジ改善=0.80x
INFO:features.extraction.yolo_detection_expansion:🚀 YOLO検出範囲拡張開始: 104個のマスク処理
INFO:features.extraction.yolo_detection_expansion:📊 アダプティブ閾値: 0.0462
INFO:features.extraction.yolo_detection_expansion:📏 境界ボックス拡張: 104個処理完了
INFO:features.extraction.yolo_detection_expansion:👤 全身検出最適化: 104個最適化完了
INFO:features.extraction.yolo_detection_expansion:🎌 アニメ特化フィルタ: 62個通過
INFO:features.extraction.yolo_detection_expansion:🎯 スコア再計算完了: 6個
INFO:features.extraction.yolo_detection_expansion:📈 改善統計: 検出率向上 -94.2%
INFO:features.evaluation.utils.non_character_filter:🔍 Non-character filter: 6 masks
INFO:features.evaluation.utils.non_character_filter:   マスク1: 吹き出し=False, マスク物=False, テキスト=False
INFO:features.evaluation.utils.non_character_filter:   ✅ キープ
INFO:features.evaluation.utils.non_character_filter:   マスク2: 吹き出し=False, マスク物=False, テキスト=False
INFO:features.evaluation.utils.non_character_filter:   ✅ キープ
INFO:features.evaluation.utils.non_character_filter:   マスク3: 吹き出し=False, マスク物=False, テキスト=False
INFO:features.evaluation.utils.non_character_filter:   ✅ キープ
INFO:features.evaluation.utils.non_character_filter:   マスク4: 吹き出し=True, マスク物=True, テキスト=False
INFO:features.evaluation.utils.non_character_filter:   ❌ 除外: 吹き出し(0.60), マスク物(0.85)
INFO:features.evaluation.utils.non_character_filter:   マスク5: 吹き出し=False, マスク物=False, テキスト=False
INFO:features.evaluation.utils.non_character_filter:   ✅ キープ
INFO:features.evaluation.utils.non_character_filter:   マスク6: 吹き出し=False, マスク物=False, テキスト=False
INFO:features.evaluation.utils.non_character_filter:   ✅ キープ
INFO:features.evaluation.utils.non_character_filter:🎯 Non-character filter result: 6 → 5 masks
INFO:features.evaluation.utils.face_detection:Face detector loaded: /home/shakufuku/.local/lib/python3.10/site-packages/cv2/data/haarcascade_frontalface_default.xml
INFO:features.evaluation.utils.face_detection:🔍 Validating 5 masks with face detection
INFO:features.evaluation.utils.face_detection:   マスク1: 顔検出=False, 信頼度=0.000, キャラクター=False
INFO:features.evaluation.utils.face_detection:   ✅ キャラクターとして認定（信頼度=0.000）
INFO:features.evaluation.utils.face_detection:   マスク2: 顔検出=False, 信頼度=0.000, キャラクター=False
INFO:features.evaluation.utils.face_detection:   ✅ キャラクターとして認定（信頼度=0.000）
INFO:features.evaluation.utils.face_detection:   マスク3: 顔検出=False, 信頼度=0.000, キャラクター=False
INFO:features.evaluation.utils.face_detection:   ✅ キャラクターとして認定（信頼度=0.000）
INFO:features.evaluation.utils.face_detection:   マスク4: 顔検出=False, 信頼度=0.000, キャラクター=False
INFO:features.evaluation.utils.face_detection:   ✅ キャラクターとして認定（信頼度=0.000）
INFO:features.evaluation.utils.face_detection:   マスク5: 顔検出=False, 信頼度=0.000, キャラクター=False
INFO:features.evaluation.utils.face_detection:   ✅ キャラクターとして認定（信頼度=0.000）
INFO:features.evaluation.utils.face_detection:🎯 フィルタ結果: 5 → 5 マスク
INFO:features.extraction.integrated_precision_pipeline:🚀 統合精度向上パイプライン開始
WARNING:features.extraction.integrated_precision_pipeline:⚠️ 基本品質評価エラー: OpenCV(4.11.0) :-1: error: (-5:Bad argument) in function 'findContours'
> Overload resolution failed:
>  - image data type = bool is not supported
>  - Expected Ptr<cv::UMat> for argument 'image'

INFO:features.extraction.integrated_precision_pipeline:📊 初期品質スコア: 0.000
INFO:features.extraction.integrated_precision_pipeline:🔄 処理試行 1/4
WARNING:features.extraction.integrated_precision_pipeline:⚠️ 基本品質評価エラー: OpenCV(4.11.0) :-1: error: (-5:Bad argument) in function 'findContours'
> Overload resolution failed:
>  - image data type = bool is not supported
>  - Expected Ptr<cv::UMat> for argument 'image'

INFO:features.processing.adaptive_parameter_optimizer:🎛️ 適応的パラメータ最適化開始
INFO:features.processing.adaptive_parameter_optimizer:📊 画像特性: 明度=178.4, コントラスト=108.0, 複雑度=0.092
WARNING:features.processing.adaptive_parameter_optimizer:⚠️ 最適化履歴更新エラー: name 'time' is not defined
INFO:features.processing.adaptive_parameter_optimizer:✅ 適応的パラメータ最適化完了
INFO:features.extraction.yolo_detection_expansion:🚀 YOLO検出範囲拡張開始: 1個のマスク処理
INFO:features.extraction.yolo_detection_expansion:📊 アダプティブ閾値: 0.0462
INFO:features.extraction.yolo_detection_expansion:📏 境界ボックス拡張: 1個処理完了
INFO:features.extraction.yolo_detection_expansion:👤 全身検出最適化: 1個最適化完了
INFO:features.extraction.yolo_detection_expansion:🎌 アニメ特化フィルタ: 1個通過
INFO:features.extraction.yolo_detection_expansion:🎯 スコア再計算完了: 0個
INFO:features.extraction.yolo_detection_expansion:📈 改善統計: 検出率向上 -100.0%
INFO:features.processing.sam_postprocessing_pipeline:🔧 SAM後処理パイプライン開始
INFO:features.processing.sam_postprocessing_pipeline:📊 初期品質スコア: 0.241
INFO:features.processing.contour_enhancement_system:🎨 輪郭後処理システム強化開始
INFO:features.processing.contour_enhancement_system:📊 初期輪郭品質: コンパクトネス 0.255
INFO:features.processing.contour_enhancement_system:📈 最終輪郭品質: コンパクトネス 0.321
INFO:features.processing.sam_postprocessing_pipeline:📈 最終品質スコア: 0.226
INFO:features.processing.contour_enhancement_system:🎨 輪郭後処理システム強化開始
INFO:features.processing.contour_enhancement_system:📊 初期輪郭品質: コンパクトネス 0.258
INFO:features.processing.contour_enhancement_system:📈 最終輪郭品質: コンパクトネス 0.313
INFO:features.evaluation.integrated_quality_monitor:🔍 品質監視開始: temp_image
I0000 00:00:1753522491.466829   32123 gl_context_egl.cc:85] Successfully initialized EGL. Major : 1 Minor: 5
I0000 00:00:1753522491.484877   32330 gl_context.cc:369] GL version: 3.1 (OpenGL ES 3.1 Mesa 23.2.1-1ubuntu3.1~22.04.3), renderer: D3D12 (AMD Radeon(TM) Graphics)
WARNING:features.evaluation.integrated_quality_monitor:⚠️ 客観指標計算エラー: 'ObjectiveMetricResult' object has no attribute 'score'
WARNING:features.evaluation.integrated_quality_monitor:🚨 品質危険レベル: temp_image - スコア 0.186
INFO:features.evaluation.integrated_quality_monitor:📊 品質監視完了: スコア 0.186 (critical)
INFO:features.extraction.integrated_precision_pipeline:📈 有意な改善確認: +0.186
INFO:features.extraction.integrated_precision_pipeline:🏁 パイプライン完了: 最終品質 0.186, 改善率 18635.7%, 処理時間 0.2秒
🔍 Image shape: (1024, 725, 3)
📊 Generated 212 masks
👤 104 character masks
🎯 104 scored masks
🔧 YOLO拡張システム: 104 → 6 masks
🔍 Step 1: Non-character element filtering
🔍 Step 2: Face detection validation
🎯 Final masks for selection: 5
🔄 Multi-method fallback system starting with: fullbody_priority
   試行 1/5: fullbody_priority
🎯 複合スコア評価開始 (基準: fullbody_priority)
   重み設定: {'area': 0.2, 'fullbody': 0.4, 'central': 0.15, 'grounded': 0.15, 'confidence': 0.1}
   マスク1: 総合=0.554 (面積=0.44, 全身=0.31, 中央=0.69, 接地=0.98, 信頼度=0.91)
      詳細: 面積比=0.177, アスペクト比=1.11, bbox=[84, 595, 371, 411], YOLO信頼度=0.912
      🎯 現在の最高スコア更新!
   マスク2: 総合=0.316 (面積=0.01, 全身=0.09, 中央=0.47, 接地=0.80, 信頼度=0.87)
      詳細: 面積比=0.001, アスペクト比=2.71, bbox=[4, 724, 34, 92], YOLO信頼度=0.874
      📊 スコア不足 (最高: 0.554)
   マスク3: 総合=0.362 (面積=0.16, 全身=0.00, 中央=0.73, 接地=0.85, 信頼度=0.91)
      詳細: 面積比=0.033, アスペクト比=0.71, bbox=[8, 552, 447, 319], YOLO信頼度=0.912
      📊 スコア不足 (最高: 0.554)
   マスク4: 総合=0.699 (面積=0.08, 全身=0.97, 中央=0.54, 接地=0.85, 信頼度=0.87)
      詳細: 面積比=0.017, アスペクト比=2.44, bbox=[8, 595, 112, 273], YOLO信頼度=0.874
      🎯 現在の最高スコア更新!
   マスク5: 総合=0.687 (面積=0.28, 全身=0.76, 中央=0.60, 接地=1.00, 信頼度=0.86)
      詳細: 面積比=0.110, アスペクト比=2.03, bbox=[458, 613, 202, 410], YOLO信頼度=0.862
      📊 スコア不足 (最高: 0.699)
✅ 最適マスク選択: 総合スコア 0.699
✅ Primary method fullbody_priority succeeded
✅ Selected mask validation: faces=0, character_confidence=0.000
⚠️ 統合精度向上未達: 最終品質 0.186（元マスク使用）
W0000 00:00:1753522491.526352   32320 inference_feedback_manager.cc:114] Feedback manager requires a model with a single signature inference. Disabling support for feedback tensors.
🔍 Validating mask quality...
🎯 Mask quality: good, Face complete: True, Needs improvement: False
💾 Character extracted: results_phase1_test/kana05_0003_extracted.jpg (size: 131x292)
Successfully processed test_sample/kana05_0003.jpg
❌ 失敗: kana05_0003.jpg
📝 処理中: kana05_0004.jpg
W0000 00:00:1753522491.570246   32325 inference_feedback_manager.cc:114] Feedback manager requires a model with a single signature inference. Disabling support for feedback tensors.
INFO:features.processing.preprocessing.boundary_enhancer:BoundaryEnhancer初期化: skin_factor=1.5, edge_factor=2.0, contrast=1.3
✅ 画像読み込み成功: 1494x2110, test_sample/kana05_0004.jpg
🔄 画像リサイズ: 1494x2110 → 725x1024 (scale=0.485)
カラー判定: 最大チャンネル差分=35.239, 閾値=0.01, 結果=カラー
📊 画像統計: 725x1024, 平均輝度: 176.9, カラー
境界強調統計: コントラスト改善=0.97x, エッジ改善=0.76x
INFO:features.extraction.yolo_detection_expansion:🚀 YOLO検出範囲拡張開始: 137個のマスク処理
INFO:features.extraction.yolo_detection_expansion:📊 アダプティブ閾値: 0.0554
INFO:features.extraction.yolo_detection_expansion:📏 境界ボックス拡張: 137個処理完了
INFO:features.extraction.yolo_detection_expansion:👤 全身検出最適化: 137個最適化完了
INFO:features.extraction.yolo_detection_expansion:🎌 アニメ特化フィルタ: 85個通過
INFO:features.extraction.yolo_detection_expansion:🎯 スコア再計算完了: 7個
INFO:features.extraction.yolo_detection_expansion:📈 改善統計: 検出率向上 -94.9%
INFO:features.evaluation.utils.non_character_filter:🔍 Non-character filter: 7 masks
INFO:features.evaluation.utils.non_character_filter:   マスク1: 吹き出し=True, マスク物=True, テキスト=False
INFO:features.evaluation.utils.non_character_filter:   ❌ 除外: 吹き出し(0.60), マスク物(1.00)
INFO:features.evaluation.utils.non_character_filter:   マスク2: 吹き出し=True, マスク物=False, テキスト=False
INFO:features.evaluation.utils.non_character_filter:   ❌ 除外: 吹き出し(0.60)
INFO:features.evaluation.utils.non_character_filter:   マスク3: 吹き出し=False, マスク物=False, テキスト=False
INFO:features.evaluation.utils.non_character_filter:   ✅ キープ
INFO:features.evaluation.utils.non_character_filter:   マスク4: 吹き出し=False, マスク物=False, テキスト=False
INFO:features.evaluation.utils.non_character_filter:   ✅ キープ
INFO:features.evaluation.utils.non_character_filter:   マスク5: 吹き出し=False, マスク物=False, テキスト=False
INFO:features.evaluation.utils.non_character_filter:   ✅ キープ
INFO:features.evaluation.utils.non_character_filter:   マスク6: 吹き出し=True, マスク物=False, テキスト=False
INFO:features.evaluation.utils.non_character_filter:   ❌ 除外: 吹き出し(0.60)
INFO:features.evaluation.utils.non_character_filter:   マスク7: 吹き出し=False, マスク物=False, テキスト=False
INFO:features.evaluation.utils.non_character_filter:   ✅ キープ
INFO:features.evaluation.utils.non_character_filter:🎯 Non-character filter result: 7 → 4 masks
INFO:features.evaluation.utils.face_detection:Face detector loaded: /home/shakufuku/.local/lib/python3.10/site-packages/cv2/data/haarcascade_frontalface_default.xml
INFO:features.evaluation.utils.face_detection:🔍 Validating 4 masks with face detection
INFO:features.evaluation.utils.face_detection:   マスク1: 顔検出=False, 信頼度=0.000, キャラクター=False
INFO:features.evaluation.utils.face_detection:   ✅ キャラクターとして認定（信頼度=0.000）
INFO:features.evaluation.utils.face_detection:   マスク2: 顔検出=False, 信頼度=0.000, キャラクター=False
INFO:features.evaluation.utils.face_detection:   ✅ キャラクターとして認定（信頼度=0.000）
INFO:features.evaluation.utils.face_detection:   マスク3: 顔検出=False, 信頼度=0.000, キャラクター=False
INFO:features.evaluation.utils.face_detection:   ✅ キャラクターとして認定（信頼度=0.000）
INFO:features.evaluation.utils.face_detection:   マスク4: 顔検出=False, 信頼度=0.000, キャラクター=False
INFO:features.evaluation.utils.face_detection:   ✅ キャラクターとして認定（信頼度=0.000）
INFO:features.evaluation.utils.face_detection:🎯 フィルタ結果: 4 → 4 マスク
INFO:features.extraction.integrated_precision_pipeline:🚀 統合精度向上パイプライン開始
WARNING:features.extraction.integrated_precision_pipeline:⚠️ 基本品質評価エラー: OpenCV(4.11.0) :-1: error: (-5:Bad argument) in function 'findContours'
> Overload resolution failed:
>  - image data type = bool is not supported
>  - Expected Ptr<cv::UMat> for argument 'image'

INFO:features.extraction.integrated_precision_pipeline:📊 初期品質スコア: 0.000
INFO:features.extraction.integrated_precision_pipeline:🔄 処理試行 1/4
WARNING:features.extraction.integrated_precision_pipeline:⚠️ 基本品質評価エラー: OpenCV(4.11.0) :-1: error: (-5:Bad argument) in function 'findContours'
> Overload resolution failed:
>  - image data type = bool is not supported
>  - Expected Ptr<cv::UMat> for argument 'image'

INFO:features.processing.adaptive_parameter_optimizer:🎛️ 適応的パラメータ最適化開始
INFO:features.processing.adaptive_parameter_optimizer:📊 画像特性: 明度=214.7, コントラスト=81.4, 複雑度=0.105
WARNING:features.processing.adaptive_parameter_optimizer:⚠️ 最適化履歴更新エラー: name 'time' is not defined
INFO:features.processing.adaptive_parameter_optimizer:✅ 適応的パラメータ最適化完了
INFO:features.extraction.yolo_detection_expansion:🚀 YOLO検出範囲拡張開始: 1個のマスク処理
INFO:features.extraction.yolo_detection_expansion:📊 アダプティブ閾値: 0.0554
INFO:features.extraction.yolo_detection_expansion:📏 境界ボックス拡張: 1個処理完了
INFO:features.extraction.yolo_detection_expansion:👤 全身検出最適化: 1個最適化完了
INFO:features.extraction.yolo_detection_expansion:🎌 アニメ特化フィルタ: 1個通過
INFO:features.extraction.yolo_detection_expansion:🎯 スコア再計算完了: 0個
INFO:features.extraction.yolo_detection_expansion:📈 改善統計: 検出率向上 -100.0%
INFO:features.processing.sam_postprocessing_pipeline:🔧 SAM後処理パイプライン開始
INFO:features.processing.sam_postprocessing_pipeline:📊 初期品質スコア: 0.463
INFO:features.processing.contour_enhancement_system:🎨 輪郭後処理システム強化開始
INFO:features.processing.contour_enhancement_system:📊 初期輪郭品質: コンパクトネス 0.552
INFO:features.processing.contour_enhancement_system:📈 最終輪郭品質: コンパクトネス 0.578
INFO:features.processing.sam_postprocessing_pipeline:🎨 輪郭強化完了: コンパクトネス 0.578
INFO:features.processing.sam_postprocessing_pipeline:📈 最終品質スコア: 0.480
INFO:features.processing.contour_enhancement_system:🎨 輪郭後処理システム強化開始
INFO:features.processing.contour_enhancement_system:📊 初期輪郭品質: コンパクトネス 0.578
INFO:features.processing.contour_enhancement_system:📈 最終輪郭品質: コンパクトネス 0.591
INFO:features.evaluation.integrated_quality_monitor:🔍 品質監視開始: temp_image
I0000 00:00:1753522501.007057   32123 gl_context_egl.cc:85] Successfully initialized EGL. Major : 1 Minor: 5
I0000 00:00:1753522501.024839   32346 gl_context.cc:369] GL version: 3.1 (OpenGL ES 3.1 Mesa 23.2.1-1ubuntu3.1~22.04.3), renderer: D3D12 (AMD Radeon(TM) Graphics)
WARNING:features.evaluation.integrated_quality_monitor:⚠️ 客観指標計算エラー: 'ObjectiveMetricResult' object has no attribute 'score'
WARNING:features.evaluation.integrated_quality_monitor:🚨 品質危険レベル: temp_image - スコア 0.288
INFO:features.evaluation.integrated_quality_monitor:📊 品質監視完了: スコア 0.288 (critical)
INFO:features.extraction.integrated_precision_pipeline:📈 有意な改善確認: +0.288
INFO:features.extraction.integrated_precision_pipeline:🏁 パイプライン完了: 最終品質 0.288, 改善率 28779.2%, 処理時間 0.2秒
🔍 Image shape: (1024, 725, 3)
📊 Generated 263 masks
👤 137 character masks
🎯 137 scored masks
🔧 YOLO拡張システム: 137 → 7 masks
🔍 Step 1: Non-character element filtering
🔍 Step 2: Face detection validation
🎯 Final masks for selection: 4
🔄 Multi-method fallback system starting with: fullbody_priority
   試行 1/5: fullbody_priority
🎯 複合スコア評価開始 (基準: fullbody_priority)
   重み設定: {'area': 0.2, 'fullbody': 0.4, 'central': 0.15, 'grounded': 0.15, 'confidence': 0.1}
   マスク1: 総合=0.521 (面積=0.15, 全身=0.44, 中央=0.59, 接地=0.92, 信頼度=0.89)
      詳細: 面積比=0.030, アスペクト比=1.38, bbox=[475, 699, 178, 245], YOLO信頼度=0.889
      🎯 現在の最高スコア更新!
   マスク2: 総合=0.674 (面積=0.29, 全身=0.74, 中央=0.66, 接地=0.87, 信頼度=0.88)
      詳細: 面積比=0.117, アスペクト比=1.99, bbox=[423, 42, 247, 491], YOLO信頼度=0.879
      🎯 現在の最高スコア更新!
   マスク3: 総合=0.339 (面積=0.17, 全身=0.00, 中央=0.81, 接地=0.66, 信頼度=0.84)
      詳細: 面積比=0.068, アスペクト比=0.42, bbox=[64, 534, 350, 146], YOLO信頼度=0.839
      📊 スコア不足 (最高: 0.674)
   マスク4: 総合=0.551 (面積=0.24, 全身=0.44, 中央=0.59, 接地=0.99, 信頼度=0.89)
      詳細: 面積比=0.048, アスペクト比=1.38, bbox=[422, 699, 230, 318], YOLO信頼度=0.889
      📊 スコア不足 (最高: 0.674)
✅ 最適マスク選択: 総合スコア 0.674
✅ Primary method fullbody_priority succeeded
✅ Selected mask validation: faces=0, character_confidence=0.000
⚠️ 統合精度向上未達: 最終品質 0.288（元マスク使用）
W0000 00:00:1753522501.057650   32335 inference_feedback_manager.cc:114] Feedback manager requires a model with a single signature inference. Disabling support for feedback tensors.
W0000 00:00:1753522501.101935   32334 inference_feedback_manager.cc:114] Feedback manager requires a model with a single signature inference. Disabling support for feedback tensors.
🔍 Validating mask quality...
🎯 Mask quality: good, Face complete: True, Needs improvement: False
💾 Character extracted: results_phase1_test/kana05_0004_extracted.jpg (size: 268x510)
Successfully processed test_sample/kana05_0004.jpg
❌ 失敗: kana05_0004.jpg
📝 処理中: kana05_0005.jpg
INFO:features.processing.preprocessing.boundary_enhancer:BoundaryEnhancer初期化: skin_factor=1.5, edge_factor=2.0, contrast=1.3
✅ 画像読み込み成功: 1494x2110, test_sample/kana05_0005.jpg
🔄 画像リサイズ: 1494x2110 → 725x1024 (scale=0.485)
カラー判定: 最大チャンネル差分=38.490, 閾値=0.01, 結果=カラー
📊 画像統計: 725x1024, 平均輝度: 178.3, カラー
境界強調統計: コントラスト改善=0.95x, エッジ改善=0.71x
INFO:features.extraction.yolo_detection_expansion:🚀 YOLO検出範囲拡張開始: 142個のマスク処理
INFO:features.extraction.yolo_detection_expansion:📊 アダプティブ閾値: 0.0554
INFO:features.extraction.yolo_detection_expansion:📏 境界ボックス拡張: 142個処理完了
INFO:features.extraction.yolo_detection_expansion:👤 全身検出最適化: 142個最適化完了
INFO:features.extraction.yolo_detection_expansion:🎌 アニメ特化フィルタ: 80個通過
INFO:features.extraction.yolo_detection_expansion:🎯 スコア再計算完了: 11個
INFO:features.extraction.yolo_detection_expansion:📈 改善統計: 検出率向上 -92.3%
INFO:features.evaluation.utils.non_character_filter:🔍 Non-character filter: 11 masks
INFO:features.evaluation.utils.non_character_filter:   マスク1: 吹き出し=False, マスク物=False, テキスト=False
INFO:features.evaluation.utils.non_character_filter:   ✅ キープ
INFO:features.evaluation.utils.non_character_filter:   マスク2: 吹き出し=True, マスク物=False, テキスト=False
INFO:features.evaluation.utils.non_character_filter:   ❌ 除外: 吹き出し(0.60)
INFO:features.evaluation.utils.non_character_filter:   マスク3: 吹き出し=False, マスク物=False, テキスト=False
INFO:features.evaluation.utils.non_character_filter:   ✅ キープ
INFO:features.evaluation.utils.non_character_filter:   マスク4: 吹き出し=False, マスク物=False, テキスト=False
INFO:features.evaluation.utils.non_character_filter:   ✅ キープ
INFO:features.evaluation.utils.non_character_filter:   マスク5: 吹き出し=False, マスク物=False, テキスト=False
INFO:features.evaluation.utils.non_character_filter:   ✅ キープ
INFO:features.evaluation.utils.non_character_filter:   マスク6: 吹き出し=True, マスク物=False, テキスト=False
INFO:features.evaluation.utils.non_character_filter:   ❌ 除外: 吹き出し(0.60)
INFO:features.evaluation.utils.non_character_filter:   マスク7: 吹き出し=False, マスク物=False, テキスト=False
INFO:features.evaluation.utils.non_character_filter:   ✅ キープ
INFO:features.evaluation.utils.non_character_filter:   マスク8: 吹き出し=False, マスク物=False, テキスト=False
INFO:features.evaluation.utils.non_character_filter:   ✅ キープ
INFO:features.evaluation.utils.non_character_filter:   マスク9: 吹き出し=False, マスク物=False, テキスト=False
INFO:features.evaluation.utils.non_character_filter:   ✅ キープ
INFO:features.evaluation.utils.non_character_filter:   マスク10: 吹き出し=False, マスク物=False, テキスト=False
INFO:features.evaluation.utils.non_character_filter:   ✅ キープ
INFO:features.evaluation.utils.non_character_filter:   マスク11: 吹き出し=True, マスク物=True, テキスト=False
INFO:features.evaluation.utils.non_character_filter:   ❌ 除外: 吹き出し(0.60), マスク物(0.85)
INFO:features.evaluation.utils.non_character_filter:🎯 Non-character filter result: 11 → 8 masks
INFO:features.evaluation.utils.face_detection:Face detector loaded: /home/shakufuku/.local/lib/python3.10/site-packages/cv2/data/haarcascade_frontalface_default.xml
INFO:features.evaluation.utils.face_detection:🔍 Validating 8 masks with face detection
INFO:features.evaluation.utils.face_detection:   マスク1: 顔検出=False, 信頼度=0.000, キャラクター=False
INFO:features.evaluation.utils.face_detection:   ✅ キャラクターとして認定（信頼度=0.000）
INFO:features.evaluation.utils.face_detection:   マスク2: 顔検出=False, 信頼度=0.000, キャラクター=False
INFO:features.evaluation.utils.face_detection:   ✅ キャラクターとして認定（信頼度=0.000）
INFO:features.evaluation.utils.face_detection:   マスク3: 顔検出=False, 信頼度=0.000, キャラクター=False
INFO:features.evaluation.utils.face_detection:   ✅ キャラクターとして認定（信頼度=0.000）
INFO:features.evaluation.utils.face_detection:   マスク4: 顔検出=False, 信頼度=0.000, キャラクター=False
INFO:features.evaluation.utils.face_detection:   ✅ キャラクターとして認定（信頼度=0.000）
INFO:features.evaluation.utils.face_detection:   マスク5: 顔検出=False, 信頼度=0.000, キャラクター=False
INFO:features.evaluation.utils.face_detection:   ✅ キャラクターとして認定（信頼度=0.000）
INFO:features.evaluation.utils.face_detection:   マスク6: 顔検出=False, 信頼度=0.000, キャラクター=False
INFO:features.evaluation.utils.face_detection:   ✅ キャラクターとして認定（信頼度=0.000）
INFO:features.evaluation.utils.face_detection:   マスク7: 顔検出=False, 信頼度=0.000, キャラクター=False
INFO:features.evaluation.utils.face_detection:   ✅ キャラクターとして認定（信頼度=0.000）
INFO:features.evaluation.utils.face_detection:   マスク8: 顔検出=False, 信頼度=0.000, キャラクター=False
INFO:features.evaluation.utils.face_detection:   ✅ キャラクターとして認定（信頼度=0.000）
INFO:features.evaluation.utils.face_detection:🎯 フィルタ結果: 8 → 8 マスク
INFO:features.extraction.integrated_precision_pipeline:🚀 統合精度向上パイプライン開始
WARNING:features.extraction.integrated_precision_pipeline:⚠️ 基本品質評価エラー: OpenCV(4.11.0) :-1: error: (-5:Bad argument) in function 'findContours'
> Overload resolution failed:
>  - image data type = bool is not supported
>  - Expected Ptr<cv::UMat> for argument 'image'

INFO:features.extraction.integrated_precision_pipeline:📊 初期品質スコア: 0.000
INFO:features.extraction.integrated_precision_pipeline:🔄 処理試行 1/4
WARNING:features.extraction.integrated_precision_pipeline:⚠️ 基本品質評価エラー: OpenCV(4.11.0) :-1: error: (-5:Bad argument) in function 'findContours'
> Overload resolution failed:
>  - image data type = bool is not supported
>  - Expected Ptr<cv::UMat> for argument 'image'

INFO:features.processing.adaptive_parameter_optimizer:🎛️ 適応的パラメータ最適化開始
INFO:features.processing.adaptive_parameter_optimizer:📊 画像特性: 明度=211.7, コントラスト=86.2, 複雑度=0.105
WARNING:features.processing.adaptive_parameter_optimizer:⚠️ 最適化履歴更新エラー: name 'time' is not defined
INFO:features.processing.adaptive_parameter_optimizer:✅ 適応的パラメータ最適化完了
INFO:features.extraction.yolo_detection_expansion:🚀 YOLO検出範囲拡張開始: 1個のマスク処理
INFO:features.extraction.yolo_detection_expansion:📊 アダプティブ閾値: 0.0554
INFO:features.extraction.yolo_detection_expansion:📏 境界ボックス拡張: 1個処理完了
INFO:features.extraction.yolo_detection_expansion:👤 全身検出最適化: 1個最適化完了
INFO:features.extraction.yolo_detection_expansion:🎌 アニメ特化フィルタ: 1個通過
INFO:features.extraction.yolo_detection_expansion:🎯 スコア再計算完了: 0個
INFO:features.extraction.yolo_detection_expansion:📈 改善統計: 検出率向上 -100.0%
INFO:features.processing.sam_postprocessing_pipeline:🔧 SAM後処理パイプライン開始
INFO:features.processing.sam_postprocessing_pipeline:📊 初期品質スコア: 0.386
INFO:features.processing.contour_enhancement_system:🎨 輪郭後処理システム強化開始
INFO:features.processing.contour_enhancement_system:📊 初期輪郭品質: コンパクトネス 0.444
INFO:features.processing.contour_enhancement_system:📈 最終輪郭品質: コンパクトネス 0.467
INFO:features.processing.sam_postprocessing_pipeline:📈 最終品質スコア: 0.440
INFO:features.processing.contour_enhancement_system:🎨 輪郭後処理システム強化開始
INFO:features.processing.contour_enhancement_system:📊 初期輪郭品質: コンパクトネス 0.460
INFO:features.processing.contour_enhancement_system:📈 最終輪郭品質: コンパクトネス 0.488
INFO:features.evaluation.integrated_quality_monitor:🔍 品質監視開始: temp_image
I0000 00:00:1753522510.385796   32123 gl_context_egl.cc:85] Successfully initialized EGL. Major : 1 Minor: 5
I0000 00:00:1753522510.404135   32406 gl_context.cc:369] GL version: 3.1 (OpenGL ES 3.1 Mesa 23.2.1-1ubuntu3.1~22.04.3), renderer: D3D12 (AMD Radeon(TM) Graphics)
WARNING:features.evaluation.integrated_quality_monitor:⚠️ 客観指標計算エラー: 'ObjectiveMetricResult' object has no attribute 'score'
WARNING:features.evaluation.integrated_quality_monitor:🚨 品質危険レベル: temp_image - スコア 0.265
INFO:features.evaluation.integrated_quality_monitor:📊 品質監視完了: スコア 0.265 (critical)
INFO:features.extraction.integrated_precision_pipeline:📈 有意な改善確認: +0.265
INFO:features.extraction.integrated_precision_pipeline:🏁 パイプライン完了: 最終品質 0.265, 改善率 26524.4%, 処理時間 0.4秒
🔍 Image shape: (1024, 725, 3)
📊 Generated 236 masks
👤 142 character masks
🎯 142 scored masks
🔧 YOLO拡張システム: 142 → 11 masks
🔍 Step 1: Non-character element filtering
🔍 Step 2: Face detection validation
🎯 Final masks for selection: 8
🔄 Multi-method fallback system starting with: fullbody_priority
   試行 1/5: fullbody_priority
🎯 複合スコア評価開始 (基準: fullbody_priority)
   重み設定: {'area': 0.2, 'fullbody': 0.4, 'central': 0.15, 'grounded': 0.15, 'confidence': 0.1}
   マスク1: 総合=0.307 (面積=0.02, 全身=0.26, 中央=0.53, 接地=0.24, 信頼度=0.82)
      詳細: 面積比=0.004, アスペクト比=1.06, bbox=[497, 60, 83, 88], YOLO信頼度=0.824
      🎯 現在の最高スコア更新!
   マスク2: 総合=0.457 (面積=0.23, 全身=0.28, 中央=0.73, 接地=0.77, 信頼度=0.77)
      詳細: 面積比=0.091, アスペクト比=1.08, bbox=[408, 517, 252, 271], YOLO信頼度=0.774
      🎯 現在の最高スコア更新!
   マスク3: 総合=0.286 (面積=0.04, 全身=0.00, 中央=0.66, 接地=0.63, 信頼度=0.87)
      詳細: 面積比=0.007, アスペクト比=0.58, bbox=[66, 292, 159, 93], YOLO信頼度=0.865
      📊 スコア不足 (最高: 0.457)
   マスク4: 総合=0.340 (面積=0.09, 全身=0.00, 中央=0.66, 接地=0.87, 信頼度=0.91)
      詳細: 面積比=0.019, アスペクト比=0.34, bbox=[135, 791, 310, 104], YOLO信頼度=0.909
      📊 スコア不足 (最高: 0.457)
   マスク5: 総合=0.433 (面積=0.02, 全身=0.35, 中央=0.65, 接地=0.75, 信頼度=0.77)
      詳細: 面積比=0.004, アスペクト比=1.20, bbox=[526, 677, 79, 95], YOLO信頼度=0.774
      📊 スコア不足 (最高: 0.457)
   マスク6: 総合=0.444 (面積=0.17, 全身=0.25, 中央=0.48, 接地=1.00, 信頼度=0.91)
      詳細: 面積比=0.033, アスペクト比=1.05, bbox=[0, 792, 221, 231], YOLO信頼度=0.909
      📊 スコア不足 (最高: 0.457)
   マスク7: 総合=0.610 (面積=0.15, 全身=0.63, 中央=0.58, 接地=1.00, 信頼度=0.91)
      詳細: 面積比=0.029, アスペクト比=1.77, bbox=[424, 790, 132, 233], YOLO信頼度=0.909
      🎯 現在の最高スコア更新!
   マスク8: 総合=0.391 (面積=0.04, 全身=0.15, 中央=0.55, 接地=1.00, 信頼度=0.91)
      詳細: 面積比=0.009, アスペクト比=0.95, bbox=[339, 917, 112, 106], YOLO信頼度=0.909
      📊 スコア不足 (最高: 0.610)
✅ 最適マスク選択: 総合スコア 0.610
✅ Primary method fullbody_priority succeeded
✅ Selected mask validation: faces=0, character_confidence=0.000
⚠️ 統合精度向上未達: 最終品質 0.265（元マスク使用）
W0000 00:00:1753522510.454719   32393 inference_feedback_manager.cc:114] Feedback manager requires a model with a single signature inference. Disabling support for feedback tensors.
🔍 Validating mask quality...
🎯 Mask quality: good, Face complete: True, Needs improvement: False
💾 Character extracted: results_phase1_test/kana05_0005_extracted.jpg (size: 153x243)
Successfully processed test_sample/kana05_0005.jpg
❌ 失敗: kana05_0005.jpg
📝 処理中: kana05_0006.jpg
W0000 00:00:1753522510.545560   32394 inference_feedback_manager.cc:114] Feedback manager requires a model with a single signature inference. Disabling support for feedback tensors.
INFO:features.processing.preprocessing.boundary_enhancer:BoundaryEnhancer初期化: skin_factor=1.5, edge_factor=2.0, contrast=1.3
✅ 画像読み込み成功: 1494x2110, test_sample/kana05_0006.jpg
🔄 画像リサイズ: 1494x2110 → 725x1024 (scale=0.485)
カラー判定: 最大チャンネル差分=36.405, 閾値=0.01, 結果=カラー
📊 画像統計: 725x1024, 平均輝度: 172.1, カラー
境界強調統計: コントラスト改善=1.00x, エッジ改善=0.79x
INFO:features.extraction.yolo_detection_expansion:🚀 YOLO検出範囲拡張開始: 110個のマスク処理
INFO:features.extraction.yolo_detection_expansion:📊 アダプティブ閾値: 0.0554
INFO:features.extraction.yolo_detection_expansion:📏 境界ボックス拡張: 110個処理完了
INFO:features.extraction.yolo_detection_expansion:👤 全身検出最適化: 110個最適化完了
INFO:features.extraction.yolo_detection_expansion:🎌 アニメ特化フィルタ: 58個通過
INFO:features.extraction.yolo_detection_expansion:🎯 スコア再計算完了: 8個
INFO:features.extraction.yolo_detection_expansion:📈 改善統計: 検出率向上 -92.7%
INFO:features.evaluation.utils.non_character_filter:🔍 Non-character filter: 8 masks
INFO:features.evaluation.utils.non_character_filter:   マスク1: 吹き出し=False, マスク物=False, テキスト=False
INFO:features.evaluation.utils.non_character_filter:   ✅ キープ
INFO:features.evaluation.utils.non_character_filter:   マスク2: 吹き出し=False, マスク物=False, テキスト=False
INFO:features.evaluation.utils.non_character_filter:   ✅ キープ
INFO:features.evaluation.utils.non_character_filter:   マスク3: 吹き出し=False, マスク物=False, テキスト=False
INFO:features.evaluation.utils.non_character_filter:   ✅ キープ
INFO:features.evaluation.utils.non_character_filter:   マスク4: 吹き出し=False, マスク物=False, テキスト=False
INFO:features.evaluation.utils.non_character_filter:   ✅ キープ
INFO:features.evaluation.utils.non_character_filter:   マスク5: 吹き出し=False, マスク物=False, テキスト=False
INFO:features.evaluation.utils.non_character_filter:   ✅ キープ
INFO:features.evaluation.utils.non_character_filter:   マスク6: 吹き出し=False, マスク物=False, テキスト=False
INFO:features.evaluation.utils.non_character_filter:   ✅ キープ
INFO:features.evaluation.utils.non_character_filter:   マスク7: 吹き出し=True, マスク物=False, テキスト=False
INFO:features.evaluation.utils.non_character_filter:   ❌ 除外: 吹き出し(0.60)
INFO:features.evaluation.utils.non_character_filter:   マスク8: 吹き出し=False, マスク物=False, テキスト=False
INFO:features.evaluation.utils.non_character_filter:   ✅ キープ
INFO:features.evaluation.utils.non_character_filter:🎯 Non-character filter result: 8 → 7 masks
INFO:features.evaluation.utils.face_detection:Face detector loaded: /home/shakufuku/.local/lib/python3.10/site-packages/cv2/data/haarcascade_frontalface_default.xml
INFO:features.evaluation.utils.face_detection:🔍 Validating 7 masks with face detection
INFO:features.evaluation.utils.face_detection:   マスク1: 顔検出=False, 信頼度=0.000, キャラクター=False
INFO:features.evaluation.utils.face_detection:   ✅ キャラクターとして認定（信頼度=0.000）
INFO:features.evaluation.utils.face_detection:   マスク2: 顔検出=False, 信頼度=0.000, キャラクター=False
INFO:features.evaluation.utils.face_detection:   ✅ キャラクターとして認定（信頼度=0.000）
INFO:features.evaluation.utils.face_detection:   マスク3: 顔検出=False, 信頼度=0.000, キャラクター=False
INFO:features.evaluation.utils.face_detection:   ✅ キャラクターとして認定（信頼度=0.000）
INFO:features.evaluation.utils.face_detection:   マスク4: 顔検出=False, 信頼度=0.000, キャラクター=False
INFO:features.evaluation.utils.face_detection:   ✅ キャラクターとして認定（信頼度=0.000）
INFO:features.evaluation.utils.face_detection:   マスク5: 顔検出=False, 信頼度=0.000, キャラクター=False
INFO:features.evaluation.utils.face_detection:   ✅ キャラクターとして認定（信頼度=0.000）
INFO:features.evaluation.utils.face_detection:   マスク6: 顔検出=False, 信頼度=0.000, キャラクター=False
INFO:features.evaluation.utils.face_detection:   ✅ キャラクターとして認定（信頼度=0.000）
INFO:features.evaluation.utils.face_detection:   マスク7: 顔検出=False, 信頼度=0.000, キャラクター=False
INFO:features.evaluation.utils.face_detection:   ✅ キャラクターとして認定（信頼度=0.000）
INFO:features.evaluation.utils.face_detection:🎯 フィルタ結果: 7 → 7 マスク
INFO:features.extraction.integrated_precision_pipeline:🚀 統合精度向上パイプライン開始
WARNING:features.extraction.integrated_precision_pipeline:⚠️ 基本品質評価エラー: OpenCV(4.11.0) :-1: error: (-5:Bad argument) in function 'findContours'
> Overload resolution failed:
>  - image data type = bool is not supported
>  - Expected Ptr<cv::UMat> for argument 'image'

INFO:features.extraction.integrated_precision_pipeline:📊 初期品質スコア: 0.000
INFO:features.extraction.integrated_precision_pipeline:🔄 処理試行 1/4
WARNING:features.extraction.integrated_precision_pipeline:⚠️ 基本品質評価エラー: OpenCV(4.11.0) :-1: error: (-5:Bad argument) in function 'findContours'
> Overload resolution failed:
>  - image data type = bool is not supported
>  - Expected Ptr<cv::UMat> for argument 'image'

INFO:features.processing.adaptive_parameter_optimizer:🎛️ 適応的パラメータ最適化開始
INFO:features.processing.adaptive_parameter_optimizer:📊 画像特性: 明度=199.5, コントラスト=98.6, 複雑度=0.086
WARNING:features.processing.adaptive_parameter_optimizer:⚠️ 最適化履歴更新エラー: name 'time' is not defined
INFO:features.processing.adaptive_parameter_optimizer:✅ 適応的パラメータ最適化完了
INFO:features.extraction.yolo_detection_expansion:🚀 YOLO検出範囲拡張開始: 1個のマスク処理
INFO:features.extraction.yolo_detection_expansion:📊 アダプティブ閾値: 0.0554
INFO:features.extraction.yolo_detection_expansion:📏 境界ボックス拡張: 1個処理完了
INFO:features.extraction.yolo_detection_expansion:👤 全身検出最適化: 1個最適化完了
INFO:features.extraction.yolo_detection_expansion:🎌 アニメ特化フィルタ: 1個通過
INFO:features.extraction.yolo_detection_expansion:🎯 スコア再計算完了: 0個
INFO:features.extraction.yolo_detection_expansion:📈 改善統計: 検出率向上 -100.0%
INFO:features.processing.sam_postprocessing_pipeline:🔧 SAM後処理パイプライン開始
INFO:features.processing.sam_postprocessing_pipeline:📊 初期品質スコア: 0.312
INFO:features.processing.contour_enhancement_system:🎨 輪郭後処理システム強化開始
INFO:features.processing.contour_enhancement_system:📊 初期輪郭品質: コンパクトネス 0.452
INFO:features.processing.contour_enhancement_system:📈 最終輪郭品質: コンパクトネス 0.552
INFO:features.processing.sam_postprocessing_pipeline:🎨 輪郭強化完了: コンパクトネス 0.552
INFO:features.processing.sam_postprocessing_pipeline:📈 最終品質スコア: 0.427
INFO:features.processing.contour_enhancement_system:🎨 輪郭後処理システム強化開始
INFO:features.processing.contour_enhancement_system:📊 初期輪郭品質: コンパクトネス 0.553
INFO:features.processing.contour_enhancement_system:📈 最終輪郭品質: コンパクトネス 0.557
INFO:features.evaluation.integrated_quality_monitor:🔍 品質監視開始: temp_image
I0000 00:00:1753522518.914567   32123 gl_context_egl.cc:85] Successfully initialized EGL. Major : 1 Minor: 5
I0000 00:00:1753522518.943545   32457 gl_context.cc:369] GL version: 3.1 (OpenGL ES 3.1 Mesa 23.2.1-1ubuntu3.1~22.04.3), renderer: D3D12 (AMD Radeon(TM) Graphics)
WARNING:features.evaluation.integrated_quality_monitor:⚠️ 客観指標計算エラー: 'ObjectiveMetricResult' object has no attribute 'score'
WARNING:features.evaluation.integrated_quality_monitor:🚨 品質危険レベル: temp_image - スコア 0.267
INFO:features.evaluation.integrated_quality_monitor:📊 品質監視完了: スコア 0.267 (critical)
INFO:features.extraction.integrated_precision_pipeline:📈 有意な改善確認: +0.267
INFO:features.extraction.integrated_precision_pipeline:🏁 パイプライン完了: 最終品質 0.267, 改善率 26721.4%, 処理時間 0.5秒
🔍 Image shape: (1024, 725, 3)
📊 Generated 175 masks
👤 110 character masks
🎯 110 scored masks
🔧 YOLO拡張システム: 110 → 8 masks
🔍 Step 1: Non-character element filtering
🔍 Step 2: Face detection validation
🎯 Final masks for selection: 7
🔄 Multi-method fallback system starting with: fullbody_priority
   試行 1/5: fullbody_priority
🎯 複合スコア評価開始 (基準: fullbody_priority)
   重み設定: {'area': 0.2, 'fullbody': 0.4, 'central': 0.15, 'grounded': 0.15, 'confidence': 0.1}
   マスク1: 総合=0.458 (面積=0.13, 全身=0.50, 中央=0.57, 接地=0.51, 信頼度=0.72)
      詳細: 面積比=0.051, アスペクト比=1.50, bbox=[73, 0, 208, 311], YOLO信頼度=0.724
      🎯 現在の最高スコア更新!
   マスク2: 総合=0.370 (面積=0.53, 全身=0.01, 中央=0.66, 接地=0.59, 信頼度=0.72)
      詳細: 面積比=0.212, アスペクト比=0.81, bbox=[64, 0, 451, 365], YOLO信頼度=0.724
      📊 スコア不足 (最高: 0.458)
   マスク3: 総合=0.414 (面積=0.02, 全身=0.25, 中央=0.80, 接地=0.73, 信頼度=0.81)
      詳細: 面積比=0.003, アスペクト比=1.05, bbox=[208, 384, 60, 63], YOLO信頼度=0.809
      📊 スコア不足 (最高: 0.458)
   マスク4: 総合=0.657 (面積=0.04, 全身=0.94, 中央=0.49, 接地=0.79, 信頼度=0.82)
      詳細: 面積比=0.007, アスペクト比=2.37, bbox=[661, 665, 62, 147], YOLO信頼度=0.821
      🎯 現在の最高スコア更新!
   マスク5: 総合=0.428 (面積=0.19, 全身=0.08, 中央=0.90, 接地=0.96, 信頼度=0.81)
      詳細: 面積比=0.038, アスペクト比=0.88, bbox=[319, 385, 235, 206], YOLO信頼度=0.809
      📊 スコア不足 (最高: 0.657)
   マスク6: 総合=0.356 (面積=0.19, 全身=0.00, 中央=0.97, 接地=0.61, 信頼度=0.81)
      詳細: 面積比=0.076, アスペクト比=0.56, bbox=[132, 384, 426, 237], YOLO信頼度=0.809
      📊 スコア不足 (最高: 0.657)
   マスク7: 総合=0.650 (面積=0.14, 全身=0.95, 中央=0.64, 接地=0.49, 信頼度=0.72)
      詳細: 面積比=0.029, アスペクト比=2.40, bbox=[240, 0, 126, 302], YOLO信頼度=0.724
      📊 スコア不足 (最高: 0.657)
✅ 最適マスク選択: 総合スコア 0.657
   ⚠️ fullbody_priority: Quality check failed (area ratio: 0.007)
   試行 2/5: balanced
🎯 複合スコア評価開始 (基準: balanced)
   重み設定: {'area': 0.3, 'fullbody': 0.25, 'central': 0.2, 'grounded': 0.15, 'confidence': 0.1}
   マスク1: 総合=0.424 (面積=0.13, 全身=0.50, 中央=0.57, 接地=0.51, 信頼度=0.72)
      詳細: 面積比=0.051, アスペクト比=1.50, bbox=[73, 0, 208, 311], YOLO信頼度=0.724
      🎯 現在の最高スコア更新!
   マスク2: 総合=0.455 (面積=0.53, 全身=0.01, 中央=0.66, 接地=0.59, 信頼度=0.72)
      詳細: 面積比=0.212, アスペクト比=0.81, bbox=[64, 0, 451, 365], YOLO信頼度=0.724
      🎯 現在の最高スコア更新!
   マスク3: 総合=0.418 (面積=0.02, 全身=0.25, 中央=0.80, 接地=0.73, 信頼度=0.81)
      詳細: 面積比=0.003, アスペクト比=1.05, bbox=[208, 384, 60, 63], YOLO信頼度=0.809
      📊 スコア不足 (最高: 0.455)
   マスク4: 総合=0.545 (面積=0.04, 全身=0.94, 中央=0.49, 接地=0.79, 信頼度=0.82)
      詳細: 面積比=0.007, アスペクト比=2.37, bbox=[661, 665, 62, 147], YOLO信頼度=0.821
      🎯 現在の最高スコア更新!
   マスク5: 総合=0.481 (面積=0.19, 全身=0.08, 中央=0.90, 接地=0.96, 信頼度=0.81)
      詳細: 面積比=0.038, アスペクト比=0.88, bbox=[319, 385, 235, 206], YOLO信頼度=0.809
      📊 スコア不足 (最高: 0.545)
   マスク6: 総合=0.423 (面積=0.19, 全身=0.00, 中央=0.97, 接地=0.61, 信頼度=0.81)
      詳細: 面積比=0.076, アスペクト比=0.56, bbox=[132, 384, 426, 237], YOLO信頼度=0.809
      📊 スコア不足 (最高: 0.545)
   マスク7: 総合=0.554 (面積=0.14, 全身=0.95, 中央=0.64, 接地=0.49, 信頼度=0.72)
      詳細: 面積比=0.029, アスペクト比=2.40, bbox=[240, 0, 126, 302], YOLO信頼度=0.724
      🎯 現在の最高スコア更新!
✅ 最適マスク選択: 総合スコア 0.554
✅ Fallback to balanced succeeded (attempt 2)
✅ Selected mask validation: faces=0, character_confidence=0.000
⚠️ 統合精度向上未達: 最終品質 0.267（元マスク使用）
W0000 00:00:1753522519.001137   32450 inference_feedback_manager.cc:114] Feedback manager requires a model with a single signature inference. Disabling support for feedback tensors.
🔍 Validating mask quality...
🎯 Mask quality: good, Face complete: True, Needs improvement: False
💾 Character extracted: results_phase1_test/kana05_0006_extracted.jpg (size: 147x313)
Successfully processed test_sample/kana05_0006.jpg
❌ 失敗: kana05_0006.jpg
📝 処理中: kana05_0007.jpg
W0000 00:00:1753522519.094201   32447 inference_feedback_manager.cc:114] Feedback manager requires a model with a single signature inference. Disabling support for feedback tensors.
INFO:features.processing.preprocessing.boundary_enhancer:BoundaryEnhancer初期化: skin_factor=1.5, edge_factor=2.0, contrast=1.3
✅ 画像読み込み成功: 1494x2110, test_sample/kana05_0007.jpg
🔄 画像リサイズ: 1494x2110 → 725x1024 (scale=0.485)
カラー判定: 最大チャンネル差分=35.252, 閾値=0.01, 結果=カラー
📊 画像統計: 725x1024, 平均輝度: 166.9, カラー
境界強調統計: コントラスト改善=1.03x, エッジ改善=0.61x
INFO:features.extraction.yolo_detection_expansion:🚀 YOLO検出範囲拡張開始: 98個のマスク処理
INFO:features.extraction.yolo_detection_expansion:📊 アダプティブ閾値: 0.0554
INFO:features.extraction.yolo_detection_expansion:📏 境界ボックス拡張: 98個処理完了
INFO:features.extraction.yolo_detection_expansion:👤 全身検出最適化: 98個最適化完了
INFO:features.extraction.yolo_detection_expansion:🎌 アニメ特化フィルタ: 48個通過
INFO:features.extraction.yolo_detection_expansion:🎯 スコア再計算完了: 4個
INFO:features.extraction.yolo_detection_expansion:📈 改善統計: 検出率向上 -95.9%
INFO:features.evaluation.utils.non_character_filter:🔍 Non-character filter: 4 masks
INFO:features.evaluation.utils.non_character_filter:   マスク1: 吹き出し=True, マスク物=False, テキスト=False
INFO:features.evaluation.utils.non_character_filter:   ❌ 除外: 吹き出し(0.60)
INFO:features.evaluation.utils.non_character_filter:   マスク2: 吹き出し=False, マスク物=False, テキスト=False
INFO:features.evaluation.utils.non_character_filter:   ✅ キープ
INFO:features.evaluation.utils.non_character_filter:   マスク3: 吹き出し=False, マスク物=False, テキスト=False
INFO:features.evaluation.utils.non_character_filter:   ✅ キープ
INFO:features.evaluation.utils.non_character_filter:   マスク4: 吹き出し=True, マスク物=False, テキスト=False
INFO:features.evaluation.utils.non_character_filter:   ❌ 除外: 吹き出し(0.60)
INFO:features.evaluation.utils.non_character_filter:🎯 Non-character filter result: 4 → 2 masks
INFO:features.evaluation.utils.face_detection:Face detector loaded: /home/shakufuku/.local/lib/python3.10/site-packages/cv2/data/haarcascade_frontalface_default.xml
INFO:features.evaluation.utils.face_detection:🔍 Validating 2 masks with face detection
INFO:features.evaluation.utils.face_detection:   マスク1: 顔検出=False, 信頼度=0.000, キャラクター=False
INFO:features.evaluation.utils.face_detection:   ✅ キャラクターとして認定（信頼度=0.000）
INFO:features.evaluation.utils.face_detection:   マスク2: 顔検出=False, 信頼度=0.000, キャラクター=False
INFO:features.evaluation.utils.face_detection:   ✅ キャラクターとして認定（信頼度=0.000）
INFO:features.evaluation.utils.face_detection:🎯 フィルタ結果: 2 → 2 マスク
INFO:features.extraction.integrated_precision_pipeline:🚀 統合精度向上パイプライン開始
WARNING:features.extraction.integrated_precision_pipeline:⚠️ 基本品質評価エラー: OpenCV(4.11.0) :-1: error: (-5:Bad argument) in function 'findContours'
> Overload resolution failed:
>  - image data type = bool is not supported
>  - Expected Ptr<cv::UMat> for argument 'image'

INFO:features.extraction.integrated_precision_pipeline:📊 初期品質スコア: 0.000
INFO:features.extraction.integrated_precision_pipeline:🔄 処理試行 1/4
WARNING:features.extraction.integrated_precision_pipeline:⚠️ 基本品質評価エラー: OpenCV(4.11.0) :-1: error: (-5:Bad argument) in function 'findContours'
> Overload resolution failed:
>  - image data type = bool is not supported
>  - Expected Ptr<cv::UMat> for argument 'image'

INFO:features.processing.adaptive_parameter_optimizer:🎛️ 適応的パラメータ最適化開始
INFO:features.processing.adaptive_parameter_optimizer:📊 画像特性: 明度=197.7, コントラスト=100.7, 複雑度=0.084
WARNING:features.processing.adaptive_parameter_optimizer:⚠️ 最適化履歴更新エラー: name 'time' is not defined
INFO:features.processing.adaptive_parameter_optimizer:✅ 適応的パラメータ最適化完了
INFO:features.extraction.yolo_detection_expansion:🚀 YOLO検出範囲拡張開始: 1個のマスク処理
INFO:features.extraction.yolo_detection_expansion:📊 アダプティブ閾値: 0.0554
INFO:features.extraction.yolo_detection_expansion:📏 境界ボックス拡張: 1個処理完了
INFO:features.extraction.yolo_detection_expansion:👤 全身検出最適化: 1個最適化完了
INFO:features.extraction.yolo_detection_expansion:🎌 アニメ特化フィルタ: 1個通過
INFO:features.extraction.yolo_detection_expansion:🎯 スコア再計算完了: 0個
INFO:features.extraction.yolo_detection_expansion:📈 改善統計: 検出率向上 -100.0%
INFO:features.processing.sam_postprocessing_pipeline:🔧 SAM後処理パイプライン開始
INFO:features.processing.sam_postprocessing_pipeline:📊 初期品質スコア: 0.377
INFO:features.processing.contour_enhancement_system:🎨 輪郭後処理システム強化開始
INFO:features.processing.contour_enhancement_system:📊 初期輪郭品質: コンパクトネス 0.497
INFO:features.processing.contour_enhancement_system:📈 最終輪郭品質: コンパクトネス 0.366
INFO:features.processing.sam_postprocessing_pipeline:📈 最終品質スコア: 0.425
INFO:features.processing.contour_enhancement_system:🎨 輪郭後処理システム強化開始
INFO:features.processing.contour_enhancement_system:📊 初期輪郭品質: コンパクトネス 0.499
INFO:features.processing.contour_enhancement_system:📈 最終輪郭品質: コンパクトネス 0.356
INFO:features.evaluation.integrated_quality_monitor:🔍 品質監視開始: temp_image
I0000 00:00:1753522527.394060   32123 gl_context_egl.cc:85] Successfully initialized EGL. Major : 1 Minor: 5
I0000 00:00:1753522527.411520   32501 gl_context.cc:369] GL version: 3.1 (OpenGL ES 3.1 Mesa 23.2.1-1ubuntu3.1~22.04.3), renderer: D3D12 (AMD Radeon(TM) Graphics)
WARNING:features.evaluation.integrated_quality_monitor:⚠️ 客観指標計算エラー: 'ObjectiveMetricResult' object has no attribute 'score'
WARNING:features.evaluation.integrated_quality_monitor:🚨 品質危険レベル: temp_image - スコア 0.263
INFO:features.evaluation.integrated_quality_monitor:📊 品質監視完了: スコア 0.263 (critical)
INFO:features.extraction.integrated_precision_pipeline:📈 有意な改善確認: +0.263
INFO:features.extraction.integrated_precision_pipeline:🏁 パイプライン完了: 最終品質 0.263, 改善率 26315.1%, 処理時間 0.3秒
🔍 Image shape: (1024, 725, 3)
📊 Generated 188 masks
👤 98 character masks
🎯 98 scored masks
🔧 YOLO拡張システム: 98 → 4 masks
🔍 Step 1: Non-character element filtering
🔍 Step 2: Face detection validation
🎯 Final masks for selection: 2
🔄 Multi-method fallback system starting with: fullbody_priority
   試行 1/5: fullbody_priority
🎯 複合スコア評価開始 (基準: fullbody_priority)
   重み設定: {'area': 0.2, 'fullbody': 0.4, 'central': 0.15, 'grounded': 0.15, 'confidence': 0.1}
   マスク1: 総合=0.611 (面積=0.14, 全身=0.73, 中央=0.55, 接地=0.79, 信頼度=0.90)
      詳細: 面積比=0.029, アスペクト比=1.95, bbox=[0, 564, 128, 250], YOLO信頼度=0.897
      🎯 現在の最高スコア更新!
   マスク2: 総合=0.355 (面積=0.04, 全身=0.08, 中央=0.67, 接地=0.84, 信頼度=0.90)
      詳細: 面積比=0.007, アスペクト比=0.88, bbox=[212, 771, 106, 93], YOLO信頼度=0.897
      📊 スコア不足 (最高: 0.611)
✅ 最適マスク選択: 総合スコア 0.611
✅ Primary method fullbody_priority succeeded
✅ Selected mask validation: faces=0, character_confidence=0.000
⚠️ 統合精度向上未達: 最終品質 0.263（元マスク使用）
W0000 00:00:1753522527.465274   32491 inference_feedback_manager.cc:114] Feedback manager requires a model with a single signature inference. Disabling support for feedback tensors.
🔍 Validating mask quality...
🎯 Mask quality: good, Face complete: True, Needs improvement: False
💾 Character extracted: results_phase1_test/kana05_0007_extracted.jpg (size: 139x270)
Successfully processed test_sample/kana05_0007.jpg
❌ 失敗: kana05_0007.jpg
📝 処理中: kana05_0008.jpg
W0000 00:00:1753522527.545000   32499 inference_feedback_manager.cc:114] Feedback manager requires a model with a single signature inference. Disabling support for feedback tensors.
INFO:features.processing.preprocessing.boundary_enhancer:BoundaryEnhancer初期化: skin_factor=1.5, edge_factor=2.0, contrast=1.3
✅ 画像読み込み成功: 1494x2110, test_sample/kana05_0008.jpg
🔄 画像リサイズ: 1494x2110 → 725x1024 (scale=0.485)
カラー判定: 最大チャンネル差分=49.869, 閾値=0.01, 結果=カラー
📊 画像統計: 725x1024, 平均輝度: 182.6, カラー
境界強調統計: コントラスト改善=0.95x, エッジ改善=0.77x
INFO:features.extraction.yolo_detection_expansion:🚀 YOLO検出範囲拡張開始: 122個のマスク処理
INFO:features.extraction.yolo_detection_expansion:📊 アダプティブ閾値: 0.0554
INFO:features.extraction.yolo_detection_expansion:📏 境界ボックス拡張: 122個処理完了
INFO:features.extraction.yolo_detection_expansion:👤 全身検出最適化: 122個最適化完了
INFO:features.extraction.yolo_detection_expansion:🎌 アニメ特化フィルタ: 72個通過
INFO:features.extraction.yolo_detection_expansion:🎯 スコア再計算完了: 8個
INFO:features.extraction.yolo_detection_expansion:📈 改善統計: 検出率向上 -93.4%
INFO:features.evaluation.utils.non_character_filter:🔍 Non-character filter: 8 masks
INFO:features.evaluation.utils.non_character_filter:   マスク1: 吹き出し=False, マスク物=False, テキスト=False
INFO:features.evaluation.utils.non_character_filter:   ✅ キープ
INFO:features.evaluation.utils.non_character_filter:   マスク2: 吹き出し=False, マスク物=False, テキスト=False
INFO:features.evaluation.utils.non_character_filter:   ✅ キープ
INFO:features.evaluation.utils.non_character_filter:   マスク3: 吹き出し=False, マスク物=True, テキスト=False
INFO:features.evaluation.utils.non_character_filter:   ❌ 除外: マスク物(0.85)
INFO:features.evaluation.utils.non_character_filter:   マスク4: 吹き出し=False, マスク物=True, テキスト=False
INFO:features.evaluation.utils.non_character_filter:   ❌ 除外: マスク物(1.05)
INFO:features.evaluation.utils.non_character_filter:   マスク5: 吹き出し=False, マスク物=False, テキスト=False
INFO:features.evaluation.utils.non_character_filter:   ✅ キープ
INFO:features.evaluation.utils.non_character_filter:   マスク6: 吹き出し=True, マスク物=True, テキスト=False
INFO:features.evaluation.utils.non_character_filter:   ❌ 除外: 吹き出し(0.60), マスク物(0.90)
INFO:features.evaluation.utils.non_character_filter:   マスク7: 吹き出し=False, マスク物=False, テキスト=False
INFO:features.evaluation.utils.non_character_filter:   ✅ キープ
INFO:features.evaluation.utils.non_character_filter:   マスク8: 吹き出し=True, マスク物=False, テキスト=False
INFO:features.evaluation.utils.non_character_filter:   ❌ 除外: 吹き出し(0.60)
INFO:features.evaluation.utils.non_character_filter:🎯 Non-character filter result: 8 → 4 masks
INFO:features.evaluation.utils.face_detection:Face detector loaded: /home/shakufuku/.local/lib/python3.10/site-packages/cv2/data/haarcascade_frontalface_default.xml
INFO:features.evaluation.utils.face_detection:🔍 Validating 4 masks with face detection
INFO:features.evaluation.utils.face_detection:   マスク1: 顔検出=False, 信頼度=0.000, キャラクター=False
INFO:features.evaluation.utils.face_detection:   ✅ キャラクターとして認定（信頼度=0.000）
INFO:features.evaluation.utils.face_detection:   マスク2: 顔検出=False, 信頼度=0.000, キャラクター=False
INFO:features.evaluation.utils.face_detection:   ✅ キャラクターとして認定（信頼度=0.000）
INFO:features.evaluation.utils.face_detection:   マスク3: 顔検出=False, 信頼度=0.000, キャラクター=False
INFO:features.evaluation.utils.face_detection:   ✅ キャラクターとして認定（信頼度=0.000）
INFO:features.evaluation.utils.face_detection:   マスク4: 顔検出=False, 信頼度=0.000, キャラクター=False
INFO:features.evaluation.utils.face_detection:   ✅ キャラクターとして認定（信頼度=0.000）
INFO:features.evaluation.utils.face_detection:🎯 フィルタ結果: 4 → 4 マスク
INFO:features.extraction.integrated_precision_pipeline:🚀 統合精度向上パイプライン開始
WARNING:features.extraction.integrated_precision_pipeline:⚠️ 基本品質評価エラー: OpenCV(4.11.0) :-1: error: (-5:Bad argument) in function 'findContours'
> Overload resolution failed:
>  - image data type = bool is not supported
>  - Expected Ptr<cv::UMat> for argument 'image'

INFO:features.extraction.integrated_precision_pipeline:📊 初期品質スコア: 0.000
INFO:features.extraction.integrated_precision_pipeline:🔄 処理試行 1/4
WARNING:features.extraction.integrated_precision_pipeline:⚠️ 基本品質評価エラー: OpenCV(4.11.0) :-1: error: (-5:Bad argument) in function 'findContours'
> Overload resolution failed:
>  - image data type = bool is not supported
>  - Expected Ptr<cv::UMat> for argument 'image'

INFO:features.processing.adaptive_parameter_optimizer:🎛️ 適応的パラメータ最適化開始
INFO:features.processing.adaptive_parameter_optimizer:📊 画像特性: 明度=214.8, コントラスト=85.2, 複雑度=0.076
WARNING:features.processing.adaptive_parameter_optimizer:⚠️ 最適化履歴更新エラー: name 'time' is not defined
INFO:features.processing.adaptive_parameter_optimizer:✅ 適応的パラメータ最適化完了
INFO:features.extraction.yolo_detection_expansion:🚀 YOLO検出範囲拡張開始: 1個のマスク処理
INFO:features.extraction.yolo_detection_expansion:📊 アダプティブ閾値: 0.0554
INFO:features.extraction.yolo_detection_expansion:📏 境界ボックス拡張: 1個処理完了
INFO:features.extraction.yolo_detection_expansion:👤 全身検出最適化: 1個最適化完了
INFO:features.extraction.yolo_detection_expansion:🎌 アニメ特化フィルタ: 1個通過
INFO:features.extraction.yolo_detection_expansion:🎯 スコア再計算完了: 0個
INFO:features.extraction.yolo_detection_expansion:📈 改善統計: 検出率向上 -100.0%
INFO:features.processing.sam_postprocessing_pipeline:🔧 SAM後処理パイプライン開始
INFO:features.processing.sam_postprocessing_pipeline:📊 初期品質スコア: 0.376
INFO:features.processing.contour_enhancement_system:🎨 輪郭後処理システム強化開始
INFO:features.processing.contour_enhancement_system:📊 初期輪郭品質: コンパクトネス 0.457
INFO:features.processing.contour_enhancement_system:📈 最終輪郭品質: コンパクトネス 0.484
INFO:features.processing.sam_postprocessing_pipeline:📈 最終品質スコア: 0.386
INFO:features.processing.contour_enhancement_system:🎨 輪郭後処理システム強化開始
INFO:features.processing.contour_enhancement_system:📊 初期輪郭品質: コンパクトネス 0.459
INFO:features.processing.contour_enhancement_system:📈 最終輪郭品質: コンパクトネス 0.486
INFO:features.evaluation.integrated_quality_monitor:🔍 品質監視開始: temp_image
I0000 00:00:1753522536.418669   32123 gl_context_egl.cc:85] Successfully initialized EGL. Major : 1 Minor: 5
I0000 00:00:1753522536.436691   32515 gl_context.cc:369] GL version: 3.1 (OpenGL ES 3.1 Mesa 23.2.1-1ubuntu3.1~22.04.3), renderer: D3D12 (AMD Radeon(TM) Graphics)
WARNING:features.evaluation.integrated_quality_monitor:⚠️ 客観指標計算エラー: 'ObjectiveMetricResult' object has no attribute 'score'
WARNING:features.evaluation.integrated_quality_monitor:🚨 品質危険レベル: temp_image - スコア 0.251
INFO:features.evaluation.integrated_quality_monitor:📊 品質監視完了: スコア 0.251 (critical)
INFO:features.extraction.integrated_precision_pipeline:📈 有意な改善確認: +0.251
INFO:features.extraction.integrated_precision_pipeline:🏁 パイプライン完了: 最終品質 0.251, 改善率 25142.3%, 処理時間 0.3秒
🔍 Image shape: (1024, 725, 3)
📊 Generated 216 masks
👤 122 character masks
🎯 122 scored masks
🔧 YOLO拡張システム: 122 → 8 masks
🔍 Step 1: Non-character element filtering
🔍 Step 2: Face detection validation
🎯 Final masks for selection: 4
🔄 Multi-method fallback system starting with: fullbody_priority
   試行 1/5: fullbody_priority
🎯 複合スコア評価開始 (基準: fullbody_priority)
   重み設定: {'area': 0.2, 'fullbody': 0.4, 'central': 0.15, 'grounded': 0.15, 'confidence': 0.1}
   マスク1: 総合=0.309 (面積=0.33, 全身=0.00, 中央=0.60, 接地=0.42, 信頼度=0.89)
      詳細: 面積比=0.133, アスペクト比=0.65, bbox=[65, 0, 400, 258], YOLO信頼度=0.893
      🎯 現在の最高スコア更新!
   マスク2: 総合=0.506 (面積=0.18, 全身=0.38, 中央=0.57, 接地=0.94, 信頼度=0.90)
      詳細: 面積比=0.037, アスペクト比=1.18, bbox=[460, 744, 189, 223], YOLO信頼度=0.901
      🎯 現在の最高スコア更新!
   マスク3: 総合=0.352 (面積=0.01, 全身=0.09, 中央=0.63, 接地=0.88, 信頼度=0.90)
      詳細: 面積比=0.002, アスペクト比=2.71, bbox=[459, 822, 28, 76], YOLO信頼度=0.901
      📊 スコア不足 (最高: 0.506)
   マスク4: 総合=0.707 (面積=0.30, 全身=0.89, 中央=0.68, 接地=0.67, 信頼度=0.89)
      詳細: 面積比=0.122, アスペクト比=2.27, bbox=[445, 87, 264, 600], YOLO信頼度=0.886
      🎯 現在の最高スコア更新!
✅ 最適マスク選択: 総合スコア 0.707
✅ Primary method fullbody_priority succeeded
✅ Selected mask validation: faces=0, character_confidence=0.000
⚠️ 統合精度向上未達: 最終品質 0.251（元マスク使用）
W0000 00:00:1753522536.470090   32504 inference_feedback_manager.cc:114] Feedback manager requires a model with a single signature inference. Disabling support for feedback tensors.
🔍 Validating mask quality...
🎯 Mask quality: good, Face complete: True, Needs improvement: False
💾 Character extracted: results_phase1_test/kana05_0008_extracted.jpg (size: 285x621)
Successfully processed test_sample/kana05_0008.jpg
❌ 失敗: kana05_0008.jpg
📝 処理中: kana05_0009.jpg
W0000 00:00:1753522536.537326   32511 inference_feedback_manager.cc:114] Feedback manager requires a model with a single signature inference. Disabling support for feedback tensors.
INFO:features.processing.preprocessing.boundary_enhancer:BoundaryEnhancer初期化: skin_factor=1.5, edge_factor=2.0, contrast=1.3
✅ 画像読み込み成功: 1494x2110, test_sample/kana05_0009.jpg
🔄 画像リサイズ: 1494x2110 → 725x1024 (scale=0.485)
カラー判定: 最大チャンネル差分=38.834, 閾値=0.01, 結果=カラー
📊 画像統計: 725x1024, 平均輝度: 197.4, カラー
境界強調統計: コントラスト改善=0.94x, エッジ改善=0.71x
INFO:features.extraction.yolo_detection_expansion:🚀 YOLO検出範囲拡張開始: 122個のマスク処理
INFO:features.extraction.yolo_detection_expansion:📊 アダプティブ閾値: 0.0504
INFO:features.extraction.yolo_detection_expansion:📏 境界ボックス拡張: 122個処理完了
INFO:features.extraction.yolo_detection_expansion:👤 全身検出最適化: 122個最適化完了
INFO:features.extraction.yolo_detection_expansion:🎌 アニメ特化フィルタ: 59個通過
INFO:features.extraction.yolo_detection_expansion:🎯 スコア再計算完了: 3個
INFO:features.extraction.yolo_detection_expansion:📈 改善統計: 検出率向上 -97.5%
INFO:features.evaluation.utils.non_character_filter:🔍 Non-character filter: 3 masks
INFO:features.evaluation.utils.non_character_filter:   マスク1: 吹き出し=False, マスク物=False, テキスト=False
INFO:features.evaluation.utils.non_character_filter:   ✅ キープ
INFO:features.evaluation.utils.non_character_filter:   マスク2: 吹き出し=False, マスク物=False, テキスト=False
INFO:features.evaluation.utils.non_character_filter:   ✅ キープ
INFO:features.evaluation.utils.non_character_filter:   マスク3: 吹き出し=False, マスク物=False, テキスト=False
INFO:features.evaluation.utils.non_character_filter:   ✅ キープ
INFO:features.evaluation.utils.non_character_filter:🎯 Non-character filter result: 3 → 3 masks
INFO:features.evaluation.utils.face_detection:Face detector loaded: /home/shakufuku/.local/lib/python3.10/site-packages/cv2/data/haarcascade_frontalface_default.xml
INFO:features.evaluation.utils.face_detection:🔍 Validating 3 masks with face detection
INFO:features.evaluation.utils.face_detection:   マスク1: 顔検出=False, 信頼度=0.000, キャラクター=False
INFO:features.evaluation.utils.face_detection:   ✅ キャラクターとして認定（信頼度=0.000）
INFO:features.evaluation.utils.face_detection:   マスク2: 顔検出=False, 信頼度=0.000, キャラクター=False
INFO:features.evaluation.utils.face_detection:   ✅ キャラクターとして認定（信頼度=0.000）
INFO:features.evaluation.utils.face_detection:   マスク3: 顔検出=False, 信頼度=0.000, キャラクター=False
INFO:features.evaluation.utils.face_detection:   ✅ キャラクターとして認定（信頼度=0.000）
INFO:features.evaluation.utils.face_detection:🎯 フィルタ結果: 3 → 3 マスク
INFO:features.extraction.integrated_precision_pipeline:🚀 統合精度向上パイプライン開始
WARNING:features.extraction.integrated_precision_pipeline:⚠️ 基本品質評価エラー: OpenCV(4.11.0) :-1: error: (-5:Bad argument) in function 'findContours'
> Overload resolution failed:
>  - image data type = bool is not supported
>  - Expected Ptr<cv::UMat> for argument 'image'

INFO:features.extraction.integrated_precision_pipeline:📊 初期品質スコア: 0.000
INFO:features.extraction.integrated_precision_pipeline:🔄 処理試行 1/4
WARNING:features.extraction.integrated_precision_pipeline:⚠️ 基本品質評価エラー: OpenCV(4.11.0) :-1: error: (-5:Bad argument) in function 'findContours'
> Overload resolution failed:
>  - image data type = bool is not supported
>  - Expected Ptr<cv::UMat> for argument 'image'

INFO:features.processing.adaptive_parameter_optimizer:🎛️ 適応的パラメータ最適化開始
INFO:features.processing.adaptive_parameter_optimizer:📊 画像特性: 明度=223.7, コントラスト=77.3, 複雑度=0.071
WARNING:features.processing.adaptive_parameter_optimizer:⚠️ 最適化履歴更新エラー: name 'time' is not defined
INFO:features.processing.adaptive_parameter_optimizer:✅ 適応的パラメータ最適化完了
INFO:features.extraction.yolo_detection_expansion:🚀 YOLO検出範囲拡張開始: 1個のマスク処理
INFO:features.extraction.yolo_detection_expansion:📊 アダプティブ閾値: 0.0504
INFO:features.extraction.yolo_detection_expansion:📏 境界ボックス拡張: 1個処理完了
INFO:features.extraction.yolo_detection_expansion:👤 全身検出最適化: 1個最適化完了
INFO:features.extraction.yolo_detection_expansion:🎌 アニメ特化フィルタ: 1個通過
INFO:features.extraction.yolo_detection_expansion:🎯 スコア再計算完了: 0個
INFO:features.extraction.yolo_detection_expansion:📈 改善統計: 検出率向上 -100.0%
INFO:features.processing.sam_postprocessing_pipeline:🔧 SAM後処理パイプライン開始
INFO:features.processing.sam_postprocessing_pipeline:📊 初期品質スコア: 0.377
INFO:features.processing.contour_enhancement_system:🎨 輪郭後処理システム強化開始
INFO:features.processing.contour_enhancement_system:📊 初期輪郭品質: コンパクトネス 0.384
INFO:features.processing.contour_enhancement_system:📈 最終輪郭品質: コンパクトネス 0.432
INFO:features.processing.sam_postprocessing_pipeline:📈 最終品質スコア: 0.405
INFO:features.processing.contour_enhancement_system:🎨 輪郭後処理システム強化開始
INFO:features.processing.contour_enhancement_system:📊 初期輪郭品質: コンパクトネス 0.390
INFO:features.processing.contour_enhancement_system:📈 最終輪郭品質: コンパクトネス 0.432
INFO:features.evaluation.integrated_quality_monitor:🔍 品質監視開始: temp_image
I0000 00:00:1753522545.072728   32123 gl_context_egl.cc:85] Successfully initialized EGL. Major : 1 Minor: 5
I0000 00:00:1753522545.090892   32530 gl_context.cc:369] GL version: 3.1 (OpenGL ES 3.1 Mesa 23.2.1-1ubuntu3.1~22.04.3), renderer: D3D12 (AMD Radeon(TM) Graphics)
WARNING:features.evaluation.integrated_quality_monitor:⚠️ 客観指標計算エラー: 'ObjectiveMetricResult' object has no attribute 'score'
WARNING:features.evaluation.integrated_quality_monitor:🚨 品質危険レベル: temp_image - スコア 0.250
INFO:features.evaluation.integrated_quality_monitor:📊 品質監視完了: スコア 0.250 (critical)
INFO:features.extraction.integrated_precision_pipeline:📈 有意な改善確認: +0.250
INFO:features.extraction.integrated_precision_pipeline:🏁 パイプライン完了: 最終品質 0.250, 改善率 25024.3%, 処理時間 0.2秒
🔍 Image shape: (1024, 725, 3)
📊 Generated 215 masks
👤 122 character masks
🎯 122 scored masks
🔧 YOLO拡張システム: 122 → 3 masks
🔍 Step 1: Non-character element filtering
🔍 Step 2: Face detection validation
🎯 Final masks for selection: 3
🔄 Multi-method fallback system starting with: fullbody_priority
   試行 1/5: fullbody_priority
🎯 複合スコア評価開始 (基準: fullbody_priority)
   重み設定: {'area': 0.2, 'fullbody': 0.4, 'central': 0.15, 'grounded': 0.15, 'confidence': 0.1}
   マスク1: 総合=0.385 (面積=0.12, 全身=0.37, 中央=0.59, 接地=0.31, 信頼度=0.80)
      詳細: 面積比=0.023, アスペクト比=1.17, bbox=[290, 0, 162, 189], YOLO信頼度=0.804
      🎯 現在の最高スコア更新!
   マスク2: 総合=0.183 (面積=0.02, 全身=0.00, 中央=0.54, 接地=0.12, 信頼度=0.80)
      詳細: 面積比=0.004, アスペクト比=0.44, bbox=[287, 0, 165, 73], YOLO信頼度=0.804
      📊 スコア不足 (最高: 0.385)
   マスク3: 総合=0.671 (面積=0.23, 全身=0.73, 中央=0.74, 接地=0.90, 信頼度=0.88)
      詳細: 面積比=0.045, アスペクト比=1.96, bbox=[194, 587, 173, 339], YOLO信頼度=0.878
      🎯 現在の最高スコア更新!
✅ 最適マスク選択: 総合スコア 0.671
✅ Primary method fullbody_priority succeeded
✅ Selected mask validation: faces=0, character_confidence=0.000
⚠️ 統合精度向上未達: 最終品質 0.250（元マスク使用）
🔍 Validating mask quality...
🎯 Mask quality: good, Face complete: True, Needs improvement: False
💾 Character extracted: results_phase1_test/kana05_0009_extracted.jpg (size: 194x298)
Successfully processed test_sample/kana05_0009.jpg
❌ 失敗: kana05_0009.jpg
📝 処理中: kana05_0010.jpg
W0000 00:00:1753522545.156848   32520 inference_feedback_manager.cc:114] Feedback manager requires a model with a single signature inference. Disabling support for feedback tensors.
W0000 00:00:1753522545.224525   32518 inference_feedback_manager.cc:114] Feedback manager requires a model with a single signature inference. Disabling support for feedback tensors.
INFO:features.processing.preprocessing.boundary_enhancer:BoundaryEnhancer初期化: skin_factor=1.5, edge_factor=2.0, contrast=1.3
✅ 画像読み込み成功: 1494x2110, test_sample/kana05_0010.jpg
🔄 画像リサイズ: 1494x2110 → 725x1024 (scale=0.485)
カラー判定: 最大チャンネル差分=41.645, 閾値=0.01, 結果=カラー
📊 画像統計: 725x1024, 平均輝度: 188.1, カラー
境界強調統計: コントラスト改善=0.95x, エッジ改善=0.67x
INFO:features.extraction.yolo_detection_expansion:🚀 YOLO検出範囲拡張開始: 126個のマスク処理
INFO:features.extraction.yolo_detection_expansion:📊 アダプティブ閾値: 0.0554
INFO:features.extraction.yolo_detection_expansion:📏 境界ボックス拡張: 126個処理完了
INFO:features.extraction.yolo_detection_expansion:👤 全身検出最適化: 126個最適化完了
INFO:features.extraction.yolo_detection_expansion:🎌 アニメ特化フィルタ: 62個通過
INFO:features.extraction.yolo_detection_expansion:🎯 スコア再計算完了: 11個
INFO:features.extraction.yolo_detection_expansion:📈 改善統計: 検出率向上 -91.3%
INFO:features.evaluation.utils.non_character_filter:🔍 Non-character filter: 11 masks
INFO:features.evaluation.utils.non_character_filter:   マスク1: 吹き出し=False, マスク物=False, テキスト=False
INFO:features.evaluation.utils.non_character_filter:   ✅ キープ
INFO:features.evaluation.utils.non_character_filter:   マスク2: 吹き出し=False, マスク物=False, テキスト=False
INFO:features.evaluation.utils.non_character_filter:   ✅ キープ
INFO:features.evaluation.utils.non_character_filter:   マスク3: 吹き出し=False, マスク物=False, テキスト=False
INFO:features.evaluation.utils.non_character_filter:   ✅ キープ
INFO:features.evaluation.utils.non_character_filter:   マスク4: 吹き出し=True, マスク物=False, テキスト=False
INFO:features.evaluation.utils.non_character_filter:   ❌ 除外: 吹き出し(0.60)
INFO:features.evaluation.utils.non_character_filter:   マスク5: 吹き出し=False, マスク物=False, テキスト=False
INFO:features.evaluation.utils.non_character_filter:   ✅ キープ
INFO:features.evaluation.utils.non_character_filter:   マスク6: 吹き出し=True, マスク物=False, テキスト=False
INFO:features.evaluation.utils.non_character_filter:   ❌ 除外: 吹き出し(0.60)
INFO:features.evaluation.utils.non_character_filter:   マスク7: 吹き出し=False, マスク物=False, テキスト=False
INFO:features.evaluation.utils.non_character_filter:   ✅ キープ
INFO:features.evaluation.utils.non_character_filter:   マスク8: 吹き出し=False, マスク物=False, テキスト=False
INFO:features.evaluation.utils.non_character_filter:   ✅ キープ
INFO:features.evaluation.utils.non_character_filter:   マスク9: 吹き出し=False, マスク物=False, テキスト=False
INFO:features.evaluation.utils.non_character_filter:   ✅ キープ
INFO:features.evaluation.utils.non_character_filter:   マスク10: 吹き出し=True, マスク物=False, テキスト=False
INFO:features.evaluation.utils.non_character_filter:   ❌ 除外: 吹き出し(0.60)
INFO:features.evaluation.utils.non_character_filter:   マスク11: 吹き出し=False, マスク物=False, テキスト=False
INFO:features.evaluation.utils.non_character_filter:   ✅ キープ
INFO:features.evaluation.utils.non_character_filter:🎯 Non-character filter result: 11 → 8 masks
INFO:features.evaluation.utils.face_detection:Face detector loaded: /home/shakufuku/.local/lib/python3.10/site-packages/cv2/data/haarcascade_frontalface_default.xml
INFO:features.evaluation.utils.face_detection:🔍 Validating 8 masks with face detection
INFO:features.evaluation.utils.face_detection:   マスク1: 顔検出=False, 信頼度=0.000, キャラクター=False
INFO:features.evaluation.utils.face_detection:   ✅ キャラクターとして認定（信頼度=0.000）
INFO:features.evaluation.utils.face_detection:   マスク2: 顔検出=False, 信頼度=0.000, キャラクター=False
INFO:features.evaluation.utils.face_detection:   ✅ キャラクターとして認定（信頼度=0.000）
INFO:features.evaluation.utils.face_detection:   マスク3: 顔検出=False, 信頼度=0.000, キャラクター=False
INFO:features.evaluation.utils.face_detection:   ✅ キャラクターとして認定（信頼度=0.000）
INFO:features.evaluation.utils.face_detection:   マスク4: 顔検出=False, 信頼度=0.000, キャラクター=False
INFO:features.evaluation.utils.face_detection:   ✅ キャラクターとして認定（信頼度=0.000）
INFO:features.evaluation.utils.face_detection:   マスク5: 顔検出=False, 信頼度=0.000, キャラクター=False
INFO:features.evaluation.utils.face_detection:   ✅ キャラクターとして認定（信頼度=0.000）
INFO:features.evaluation.utils.face_detection:   マスク6: 顔検出=False, 信頼度=0.000, キャラクター=False
INFO:features.evaluation.utils.face_detection:   ✅ キャラクターとして認定（信頼度=0.000）
INFO:features.evaluation.utils.face_detection:   マスク7: 顔検出=False, 信頼度=0.000, キャラクター=False
INFO:features.evaluation.utils.face_detection:   ✅ キャラクターとして認定（信頼度=0.000）
INFO:features.evaluation.utils.face_detection:   マスク8: 顔検出=False, 信頼度=0.000, キャラクター=False
INFO:features.evaluation.utils.face_detection:   ✅ キャラクターとして認定（信頼度=0.000）
INFO:features.evaluation.utils.face_detection:🎯 フィルタ結果: 8 → 8 マスク
INFO:features.extraction.integrated_precision_pipeline:🚀 統合精度向上パイプライン開始
WARNING:features.extraction.integrated_precision_pipeline:⚠️ 基本品質評価エラー: OpenCV(4.11.0) :-1: error: (-5:Bad argument) in function 'findContours'
> Overload resolution failed:
>  - image data type = bool is not supported
>  - Expected Ptr<cv::UMat> for argument 'image'

INFO:features.extraction.integrated_precision_pipeline:📊 初期品質スコア: 0.000
INFO:features.extraction.integrated_precision_pipeline:🔄 処理試行 1/4
WARNING:features.extraction.integrated_precision_pipeline:⚠️ 基本品質評価エラー: OpenCV(4.11.0) :-1: error: (-5:Bad argument) in function 'findContours'
> Overload resolution failed:
>  - image data type = bool is not supported
>  - Expected Ptr<cv::UMat> for argument 'image'

INFO:features.processing.adaptive_parameter_optimizer:🎛️ 適応的パラメータ最適化開始
INFO:features.processing.adaptive_parameter_optimizer:📊 画像特性: 明度=221.4, コントラスト=80.1, 複雑度=0.075
WARNING:features.processing.adaptive_parameter_optimizer:⚠️ 最適化履歴更新エラー: name 'time' is not defined
INFO:features.processing.adaptive_parameter_optimizer:✅ 適応的パラメータ最適化完了
INFO:features.extraction.yolo_detection_expansion:🚀 YOLO検出範囲拡張開始: 1個のマスク処理
INFO:features.extraction.yolo_detection_expansion:📊 アダプティブ閾値: 0.0554
INFO:features.extraction.yolo_detection_expansion:📏 境界ボックス拡張: 1個処理完了
INFO:features.extraction.yolo_detection_expansion:👤 全身検出最適化: 1個最適化完了
INFO:features.extraction.yolo_detection_expansion:🎌 アニメ特化フィルタ: 1個通過
INFO:features.extraction.yolo_detection_expansion:🎯 スコア再計算完了: 0個
INFO:features.extraction.yolo_detection_expansion:📈 改善統計: 検出率向上 -100.0%
INFO:features.processing.sam_postprocessing_pipeline:🔧 SAM後処理パイプライン開始
INFO:features.processing.sam_postprocessing_pipeline:📊 初期品質スコア: 0.652
INFO:features.processing.contour_enhancement_system:🎨 輪郭後処理システム強化開始
INFO:features.processing.contour_enhancement_system:📊 初期輪郭品質: コンパクトネス 0.680
INFO:features.processing.contour_enhancement_system:📈 最終輪郭品質: コンパクトネス 0.666
INFO:features.processing.sam_postprocessing_pipeline:🎨 輪郭強化完了: コンパクトネス 0.666
INFO:features.processing.sam_postprocessing_pipeline:📈 最終品質スコア: 0.496
INFO:features.processing.contour_enhancement_system:🎨 輪郭後処理システム強化開始
INFO:features.processing.contour_enhancement_system:📊 初期輪郭品質: コンパクトネス 0.659
INFO:features.processing.contour_enhancement_system:📈 最終輪郭品質: コンパクトネス 0.668
INFO:features.evaluation.integrated_quality_monitor:🔍 品質監視開始: temp_image
I0000 00:00:1753522554.515264   32123 gl_context_egl.cc:85] Successfully initialized EGL. Major : 1 Minor: 5
I0000 00:00:1753522554.533171   32544 gl_context.cc:369] GL version: 3.1 (OpenGL ES 3.1 Mesa 23.2.1-1ubuntu3.1~22.04.3), renderer: D3D12 (AMD Radeon(TM) Graphics)
WARNING:features.evaluation.integrated_quality_monitor:⚠️ 客観指標計算エラー: 'ObjectiveMetricResult' object has no attribute 'score'
WARNING:features.evaluation.integrated_quality_monitor:🚨 品質危険レベル: temp_image - スコア 0.296
INFO:features.evaluation.integrated_quality_monitor:📊 品質監視完了: スコア 0.296 (critical)
INFO:features.extraction.integrated_precision_pipeline:📈 有意な改善確認: +0.296
INFO:features.extraction.integrated_precision_pipeline:🏁 パイプライン完了: 最終品質 0.296, 改善率 29647.9%, 処理時間 0.8秒
🔍 Image shape: (1024, 725, 3)
📊 Generated 211 masks
👤 126 character masks
🎯 126 scored masks
🔧 YOLO拡張システム: 126 → 11 masks
🔍 Step 1: Non-character element filtering
🔍 Step 2: Face detection validation
🎯 Final masks for selection: 8
🔄 Multi-method fallback system starting with: fullbody_priority
   試行 1/5: fullbody_priority
🎯 複合スコア評価開始 (基準: fullbody_priority)
   重み設定: {'area': 0.2, 'fullbody': 0.4, 'central': 0.15, 'grounded': 0.15, 'confidence': 0.1}
   マスク1: 総合=0.502 (面積=0.07, 全身=0.64, 中央=0.62, 接地=0.35, 信頼度=0.88)
      詳細: 面積比=0.014, アスペクト比=1.78, bbox=[264, 46, 94, 167], YOLO信頼度=0.878
      🎯 現在の最高スコア更新!
   マスク2: 総合=0.406 (面積=0.15, 全身=0.21, 中央=0.62, 接地=0.74, 信頼度=0.86)
      詳細: 面積比=0.062, アスペクト比=1.01, bbox=[492, 221, 231, 234], YOLO信頼度=0.860
      📊 スコア不足 (最高: 0.502)
   マスク3: 総合=0.401 (面積=0.16, 全身=0.13, 中央=0.58, 接地=0.93, 信頼度=0.91)
      詳細: 面積比=0.064, アスペクト比=0.93, bbox=[433, 685, 290, 269], YOLO信頼度=0.912
      📊 スコア不足 (最高: 0.502)
   マスク4: 総合=0.607 (面積=0.04, 全身=0.83, 中央=0.70, 接地=0.49, 信頼度=0.88)
      詳細: 面積比=0.008, アスペクト比=2.16, bbox=[259, 130, 79, 171], YOLO信頼度=0.878
      🎯 現在の最高スコア更新!
   マスク5: 総合=0.518 (面積=0.13, 全身=0.59, 中央=0.66, 接地=0.47, 信頼度=0.88)
      詳細: 面積比=0.026, アスペクト比=1.67, bbox=[262, 45, 144, 241], YOLO信頼度=0.878
      📊 スコア不足 (最高: 0.607)
   マスク6: 総合=0.483 (面積=0.71, 全身=0.00, 中央=0.66, 接地=1.00, 信頼度=0.91)
      詳細: 面積比=0.285, アスペクト比=0.51, bbox=[64, 685, 660, 338], YOLO信頼度=0.912
      📊 スコア不足 (最高: 0.607)
   マスク7: 総合=0.378 (面積=0.02, 全身=0.20, 中央=0.48, 接地=0.87, 信頼度=0.91)
      詳細: 面積比=0.005, アスペクト比=1.00, bbox=[616, 815, 78, 78], YOLO信頼度=0.912
      📊 スコア不足 (最高: 0.607)
   マスク8: 総合=0.316 (面積=0.03, 全身=0.00, 中央=0.52, 接地=0.93, 信頼度=0.91)
      詳細: 面積比=0.007, アスペクト比=0.56, bbox=[490, 879, 133, 75], YOLO信頼度=0.912
      📊 スコア不足 (最高: 0.607)
✅ 最適マスク選択: 総合スコア 0.607
   ⚠️ fullbody_priority: Quality check failed (area ratio: 0.008)
   試行 2/5: balanced
🎯 複合スコア評価開始 (基準: balanced)
   重み設定: {'area': 0.3, 'fullbody': 0.25, 'central': 0.2, 'grounded': 0.15, 'confidence': 0.1}
   マスク1: 総合=0.445 (面積=0.07, 全身=0.64, 中央=0.62, 接地=0.35, 信頼度=0.88)
      詳細: 面積比=0.014, アスペクト比=1.78, bbox=[264, 46, 94, 167], YOLO信頼度=0.878
      🎯 現在の最高スコア更新!
   マスク2: 総合=0.421 (面積=0.15, 全身=0.21, 中央=0.62, 接地=0.74, 信頼度=0.86)
      詳細: 面積比=0.062, アスペクト比=1.01, bbox=[492, 221, 231, 234], YOLO信頼度=0.860
      📊 スコア不足 (最高: 0.445)
   マスク3: 総合=0.427 (面積=0.16, 全身=0.13, 中央=0.58, 接地=0.93, 信頼度=0.91)
      詳細: 面積比=0.064, アスペクト比=0.93, bbox=[433, 685, 290, 269], YOLO信頼度=0.912
      📊 スコア不足 (最高: 0.445)
   マスク4: 総合=0.521 (面積=0.04, 全身=0.83, 中央=0.70, 接地=0.49, 信頼度=0.88)
      詳細: 面積比=0.008, アスペクト比=2.16, bbox=[259, 130, 79, 171], YOLO信頼度=0.878
      🎯 現在の最高スコア更新!
   マスク5: 総合=0.476 (面積=0.13, 全身=0.59, 中央=0.66, 接地=0.47, 信頼度=0.88)
      詳細: 面積比=0.026, アスペクト比=1.67, bbox=[262, 45, 144, 241], YOLO信頼度=0.878
      📊 スコア不足 (最高: 0.521)
   マスク6: 総合=0.587 (面積=0.71, 全身=0.00, 中央=0.66, 接地=1.00, 信頼度=0.91)
      詳細: 面積比=0.285, アスペクト比=0.51, bbox=[64, 685, 660, 338], YOLO信頼度=0.912
      🎯 現在の最高スコア更新!
   マスク7: 総合=0.374 (面積=0.02, 全身=0.20, 中央=0.48, 接地=0.87, 信頼度=0.91)
      詳細: 面積比=0.005, アスペクト比=1.00, bbox=[616, 815, 78, 78], YOLO信頼度=0.912
      📊 スコア不足 (最高: 0.587)
   マスク8: 総合=0.345 (面積=0.03, 全身=0.00, 中央=0.52, 接地=0.93, 信頼度=0.91)
      詳細: 面積比=0.007, アスペクト比=0.56, bbox=[490, 879, 133, 75], YOLO信頼度=0.912
      📊 スコア不足 (最高: 0.587)
✅ 最適マスク選択: 総合スコア 0.587
✅ Fallback to balanced succeeded (attempt 2)
✅ Selected mask validation: faces=0, character_confidence=0.000
⚠️ 統合精度向上未達: 最終品質 0.296（元マスク使用）
W0000 00:00:1753522554.588739   32533 inference_feedback_manager.cc:114] Feedback manager requires a model with a single signature inference. Disabling support for feedback tensors.
INFO:features.evaluation.utils.mask_quality_validator:🔧 Mask improvement needed: ['expand_for_body_completeness']
INFO:features.evaluation.utils.mask_quality_validator:   🔄 Expanded mask for body completeness
🔍 Validating mask quality...
🎯 Mask quality: fair, Face complete: True, Needs improvement: True
💾 Character extracted: results_phase1_test/kana05_0010_extracted.jpg (size: 674x352)
Successfully processed test_sample/kana05_0010.jpg
❌ 失敗: kana05_0010.jpg

🎯 バッチ処理完了!
📊 結果: 0/10枚成功 (0.0%)
⏱️ 処理時間: 93.2秒
⚠️ 成功した抽出がないため通知をスキップ
W0000 00:00:1753522554.678164   32541 inference_feedback_manager.cc:114] Feedback manager requires a model with a single signature inference. Disabling support for feedback tensors.
