2025-08-03 11:59:41,744 - INFO - Using device: cuda
2025-08-03 11:59:57,113 - INFO - === QC品質調査バッチ抽出開始 ===
2025-08-03 11:59:57,117 - INFO - === KANA08 処理開始: 26枚 ===
2025-08-03 11:59:57,118 - INFO - [1/26] 処理中: kana08_0000_cover.jpg
2025-08-03 11:59:58,978 - INFO - 抽出成功: extracted_kana08_0000_cover.png
2025-08-03 11:59:58,978 - INFO - [2/26] 処理中: kana08_0001.jpg
2025-08-03 11:59:59,537 - INFO - 抽出成功: extracted_kana08_0001.png
2025-08-03 11:59:59,538 - INFO - [3/26] 処理中: kana08_0002.jpg
2025-08-03 12:00:00,075 - INFO - 抽出成功: extracted_kana08_0002.png
2025-08-03 12:00:00,076 - INFO - [4/26] 処理中: kana08_0003.jpg
2025-08-03 12:00:00,611 - INFO - 抽出成功: extracted_kana08_0003.png
2025-08-03 12:00:00,611 - INFO - [5/26] 処理中: kana08_0004.jpg
2025-08-03 12:00:01,136 - INFO - 抽出成功: extracted_kana08_0004.png
2025-08-03 12:00:01,137 - INFO - [6/26] 処理中: kana08_0005.jpg
2025-08-03 12:00:01,659 - INFO - 抽出成功: extracted_kana08_0005.png
2025-08-03 12:00:01,659 - INFO - [7/26] 処理中: kana08_0006.jpg
2025-08-03 12:00:02,207 - INFO - 抽出成功: extracted_kana08_0006.png
2025-08-03 12:00:02,208 - INFO - [8/26] 処理中: kana08_0007.jpg
2025-08-03 12:00:02,726 - INFO - 抽出成功: extracted_kana08_0007.png
2025-08-03 12:00:02,726 - INFO - [9/26] 処理中: kana08_0008.jpg
2025-08-03 12:00:03,297 - INFO - 抽出成功: extracted_kana08_0008.png
2025-08-03 12:00:03,298 - INFO - [10/26] 処理中: kana08_0009.jpg
2025-08-03 12:00:03,919 - INFO - 抽出成功: extracted_kana08_0009.png
2025-08-03 12:00:03,920 - INFO - KANA08: 10/26枚完了 (成功:10, 失敗:0)
2025-08-03 12:00:03,920 - INFO - [11/26] 処理中: kana08_0010.jpg
2025-08-03 12:00:04,458 - INFO - 抽出成功: extracted_kana08_0010.png
2025-08-03 12:00:04,459 - INFO - [12/26] 処理中: kana08_0011.jpg
2025-08-03 12:00:05,168 - INFO - 抽出成功: extracted_kana08_0011.png
2025-08-03 12:00:05,169 - INFO - [13/26] 処理中: kana08_0012.jpg
2025-08-03 12:00:05,752 - INFO - 抽出成功: extracted_kana08_0012.png
2025-08-03 12:00:05,753 - INFO - [14/26] 処理中: kana08_0013.jpg
2025-08-03 12:00:06,302 - INFO - 抽出成功: extracted_kana08_0013.png
2025-08-03 12:00:06,302 - INFO - [15/26] 処理中: kana08_0014.jpg
2025-08-03 12:00:06,865 - INFO - 抽出成功: extracted_kana08_0014.png
2025-08-03 12:00:06,865 - INFO - [16/26] 処理中: kana08_0015.jpg
2025-08-03 12:00:07,420 - INFO - 抽出成功: extracted_kana08_0015.png
2025-08-03 12:00:07,420 - INFO - [17/26] 処理中: kana08_0016.jpg
2025-08-03 12:00:07,985 - INFO - 抽出成功: extracted_kana08_0016.png
2025-08-03 12:00:07,985 - INFO - [18/26] 処理中: kana08_0017.jpg
2025-08-03 12:00:08,590 - INFO - 抽出成功: extracted_kana08_0017.png
2025-08-03 12:00:08,590 - INFO - [19/26] 処理中: kana08_0018.jpg
2025-08-03 12:00:09,195 - INFO - 抽出成功: extracted_kana08_0018.png
2025-08-03 12:00:09,195 - INFO - [20/26] 処理中: kana08_0019.jpg
2025-08-03 12:00:09,771 - INFO - 抽出成功: extracted_kana08_0019.png
2025-08-03 12:00:09,771 - INFO - KANA08: 20/26枚完了 (成功:20, 失敗:0)
2025-08-03 12:00:09,772 - INFO - [21/26] 処理中: kana08_0020.jpg
2025-08-03 12:00:09,642 - INFO - 抽出成功: extracted_kana08_0020.png
2025-08-03 12:00:09,642 - INFO - [22/26] 処理中: kana08_0021.jpg
2025-08-03 12:00:10,249 - INFO - 抽出成功: extracted_kana08_0021.png
2025-08-03 12:00:10,250 - INFO - [23/26] 処理中: kana08_0022.jpg
2025-08-03 12:00:10,885 - INFO - 抽出成功: extracted_kana08_0022.png
2025-08-03 12:00:10,886 - INFO - [24/26] 処理中: kana08_0023.jpg
2025-08-03 12:00:11,561 - INFO - 抽出成功: extracted_kana08_0023.png
2025-08-03 12:00:11,561 - INFO - [25/26] 処理中: kana08_0024.jpg
2025-08-03 12:00:12,085 - INFO - 抽出成功: extracted_kana08_0024.png
2025-08-03 12:00:12,085 - INFO - [26/26] 処理中: kana08_0025_cover.jpg
2025-08-03 12:00:12,953 - INFO - 抽出成功: extracted_kana08_0025_cover.png
2025-08-03 12:00:12,953 - INFO - KANA08: 26/26枚完了 (成功:26, 失敗:0)
2025-08-03 12:00:12,953 - INFO - Pushover未設定: 🎯 KANA08 抽出完了
📊 26/26枚成功 (100.0%)
❌ 失敗: 0枚
📁 出力: /mnt/c/AItools/lora/train/yado/tracker-workspace/workspace/QC-KANA08/
2025-08-03 12:00:12,954 - INFO - === KANA08 完了: 成功26/26 ===
2025-08-03 12:00:12,958 - INFO - === KANA05 処理開始: 39枚 ===
2025-08-03 12:00:12,958 - INFO - [1/39] 処理中: kana05_0000_cover.jpg
2025-08-03 12:00:13,872 - INFO - 抽出成功: extracted_kana05_0000_cover.png
2025-08-03 12:00:13,873 - INFO - [2/39] 処理中: kana05_0001.jpg
2025-08-03 12:00:14,427 - INFO - 抽出成功: extracted_kana05_0001.png
2025-08-03 12:00:14,427 - INFO - [3/39] 処理中: kana05_0002.jpg
2025-08-03 12:00:14,986 - INFO - 抽出成功: extracted_kana05_0002.png
2025-08-03 12:00:14,987 - INFO - [4/39] 処理中: kana05_0003.jpg
2025-08-03 12:00:15,554 - INFO - 抽出成功: extracted_kana05_0003.png
2025-08-03 12:00:15,555 - INFO - [5/39] 処理中: kana05_0004.jpg
2025-08-03 12:00:16,106 - INFO - 抽出成功: extracted_kana05_0004.png
2025-08-03 12:00:16,107 - INFO - [6/39] 処理中: kana05_0005.jpg
2025-08-03 12:00:16,682 - INFO - 抽出成功: extracted_kana05_0005.png
2025-08-03 12:00:16,682 - INFO - [7/39] 処理中: kana05_0006.jpg
2025-08-03 12:00:17,288 - INFO - 抽出成功: extracted_kana05_0006.png
2025-08-03 12:00:17,288 - INFO - [8/39] 処理中: kana05_0007.jpg
2025-08-03 12:00:17,888 - INFO - 抽出成功: extracted_kana05_0007.png
2025-08-03 12:00:17,888 - INFO - [9/39] 処理中: kana05_0008.jpg
2025-08-03 12:00:18,551 - INFO - 抽出成功: extracted_kana05_0008.png
2025-08-03 12:00:18,551 - INFO - [10/39] 処理中: kana05_0009.jpg
2025-08-03 12:00:19,191 - INFO - 抽出成功: extracted_kana05_0009.png
2025-08-03 12:00:19,191 - INFO - KANA05: 10/39枚完了 (成功:10, 失敗:0)
2025-08-03 12:00:19,192 - INFO - [11/39] 処理中: kana05_0010.jpg
2025-08-03 12:00:19,928 - INFO - 抽出成功: extracted_kana05_0010.png
2025-08-03 12:00:19,929 - INFO - [12/39] 処理中: kana05_0011.jpg
2025-08-03 12:00:20,633 - INFO - 抽出成功: extracted_kana05_0011.png
2025-08-03 12:00:20,633 - INFO - [13/39] 処理中: kana05_0012.jpg
2025-08-03 12:00:21,255 - INFO - 抽出成功: extracted_kana05_0012.png
2025-08-03 12:00:21,256 - INFO - [14/39] 処理中: kana05_0013.jpg
2025-08-03 12:00:21,943 - INFO - 抽出成功: extracted_kana05_0013.png
2025-08-03 12:00:21,943 - INFO - [15/39] 処理中: kana05_0014.jpg
2025-08-03 12:00:22,611 - INFO - 抽出成功: extracted_kana05_0014.png
2025-08-03 12:00:22,611 - INFO - [16/39] 処理中: kana05_0015.jpg
2025-08-03 12:00:23,241 - INFO - 抽出成功: extracted_kana05_0015.png
2025-08-03 12:00:23,241 - INFO - [17/39] 処理中: kana05_0016.jpg
2025-08-03 12:00:23,842 - INFO - 抽出成功: extracted_kana05_0016.png
2025-08-03 12:00:23,842 - INFO - [18/39] 処理中: kana05_0017.jpg
2025-08-03 12:00:24,371 - INFO - 抽出成功: extracted_kana05_0017.png
2025-08-03 12:00:24,371 - INFO - [19/39] 処理中: kana05_0018.jpg
2025-08-03 12:00:24,987 - INFO - 抽出成功: extracted_kana05_0018.png
2025-08-03 12:00:24,987 - INFO - [20/39] 処理中: kana05_0019.jpg
2025-08-03 12:00:25,609 - INFO - 抽出成功: extracted_kana05_0019.png
2025-08-03 12:00:25,610 - INFO - KANA05: 20/39枚完了 (成功:20, 失敗:0)
2025-08-03 12:00:25,610 - INFO - [21/39] 処理中: kana05_0020.jpg
2025-08-03 12:00:26,246 - INFO - 抽出成功: extracted_kana05_0020.png
2025-08-03 12:00:26,246 - INFO - [22/39] 処理中: kana05_0021.jpg
2025-08-03 12:00:26,819 - INFO - 抽出成功: extracted_kana05_0021.png
2025-08-03 12:00:26,820 - INFO - [23/39] 処理中: kana05_0022.jpg
2025-08-03 12:00:27,388 - INFO - 抽出成功: extracted_kana05_0022.png
2025-08-03 12:00:27,389 - INFO - [24/39] 処理中: kana05_0023.jpg
2025-08-03 12:00:27,961 - INFO - 抽出成功: extracted_kana05_0023.png
2025-08-03 12:00:27,962 - INFO - [25/39] 処理中: kana05_0024.jpg
2025-08-03 12:00:28,579 - INFO - 抽出成功: extracted_kana05_0024.png
2025-08-03 12:00:28,579 - INFO - [26/39] 処理中: kana05_0025.jpg
2025-08-03 12:00:29,208 - INFO - 抽出成功: extracted_kana05_0025.png
2025-08-03 12:00:29,208 - INFO - [27/39] 処理中: kana05_0026.jpg
2025-08-03 12:00:29,781 - INFO - 抽出成功: extracted_kana05_0026.png
2025-08-03 12:00:29,781 - INFO - [28/39] 処理中: kana05_0027.jpg
2025-08-03 12:00:30,351 - INFO - 抽出成功: extracted_kana05_0027.png
2025-08-03 12:00:30,351 - INFO - [29/39] 処理中: kana05_0028.jpg
2025-08-03 12:00:31,209 - INFO - 抽出成功: extracted_kana05_0028.png
2025-08-03 12:00:31,209 - INFO - [30/39] 処理中: kana05_0029.jpg
2025-08-03 12:00:31,783 - INFO - 抽出成功: extracted_kana05_0029.png
2025-08-03 12:00:31,783 - INFO - KANA05: 30/39枚完了 (成功:30, 失敗:0)
2025-08-03 12:00:31,784 - INFO - [31/39] 処理中: kana05_0030.jpg
2025-08-03 12:00:32,489 - INFO - 抽出成功: extracted_kana05_0030.png
2025-08-03 12:00:32,490 - INFO - [32/39] 処理中: kana05_0031.jpg
2025-08-03 12:00:33,322 - INFO - 抽出成功: extracted_kana05_0031.png
2025-08-03 12:00:33,322 - INFO - [33/39] 処理中: kana05_0032.jpg
2025-08-03 12:00:33,848 - INFO - 抽出成功: extracted_kana05_0032.png
2025-08-03 12:00:33,848 - INFO - [34/39] 処理中: kana05_0033.jpg
2025-08-03 12:00:34,385 - INFO - 抽出成功: extracted_kana05_0033.png
2025-08-03 12:00:34,386 - INFO - [35/39] 処理中: kana05_0034.jpg
2025-08-03 12:00:35,049 - INFO - 抽出成功: extracted_kana05_0034.png
2025-08-03 12:00:35,050 - INFO - [36/39] 処理中: kana05_0035.jpg
2025-08-03 12:00:35,610 - INFO - 抽出成功: extracted_kana05_0035.png
2025-08-03 12:00:35,611 - INFO - [37/39] 処理中: kana05_0036.jpg
2025-08-03 12:00:36,162 - INFO - 抽出成功: extracted_kana05_0036.png
2025-08-03 12:00:36,163 - INFO - [38/39] 処理中: kana05_0037_cover.jpg
2025-08-03 12:00:37,078 - INFO - 抽出成功: extracted_kana05_0037_cover.png
2025-08-03 12:00:37,078 - INFO - [39/39] 処理中: kana05_cover.jpg
2025-08-03 12:00:38,259 - INFO - 抽出成功: extracted_kana05_cover.png
2025-08-03 12:00:38,260 - INFO - KANA05: 39/39枚完了 (成功:39, 失敗:0)
2025-08-03 12:00:38,261 - INFO - Pushover未設定: 🎯 KANA05 抽出完了
📊 39/39枚成功 (100.0%)
❌ 失敗: 0枚
📁 出力: /mnt/c/AItools/lora/train/yado/tracker-workspace/workspace/QC-KANA05/
2025-08-03 12:00:38,261 - INFO - === KANA05 完了: 成功39/39 ===
2025-08-03 12:00:38,265 - INFO - === KANA07 処理開始: 42枚 ===
2025-08-03 12:00:38,265 - INFO - [1/42] 処理中: kana07_0000_cover.jpg
2025-08-03 12:00:38,994 - INFO - 抽出成功: extracted_kana07_0000_cover.png
2025-08-03 12:00:38,994 - INFO - [2/42] 処理中: kana07_0001.jpg
2025-08-03 12:00:39,548 - INFO - 抽出成功: extracted_kana07_0001.png
2025-08-03 12:00:39,548 - INFO - [3/42] 処理中: kana07_0002.jpg
2025-08-03 12:00:40,251 - INFO - 抽出成功: extracted_kana07_0002.png
2025-08-03 12:00:40,251 - INFO - [4/42] 処理中: kana07_0003.jpg
2025-08-03 12:00:40,837 - INFO - 抽出成功: extracted_kana07_0003.png
2025-08-03 12:00:40,838 - INFO - [5/42] 処理中: kana07_0004.jpg
2025-08-03 12:00:41,381 - INFO - 抽出成功: extracted_kana07_0004.png
2025-08-03 12:00:41,381 - INFO - [6/42] 処理中: kana07_0005.jpg
2025-08-03 12:00:41,107 - INFO - 抽出成功: extracted_kana07_0005.png
2025-08-03 12:00:41,108 - INFO - [7/42] 処理中: kana07_0006.jpg
2025-08-03 12:00:41,688 - INFO - 抽出成功: extracted_kana07_0006.png
2025-08-03 12:00:41,688 - INFO - [8/42] 処理中: kana07_0007.jpg
2025-08-03 12:00:42,295 - INFO - 抽出成功: extracted_kana07_0007.png
2025-08-03 12:00:42,296 - INFO - [9/42] 処理中: kana07_0008.jpg
2025-08-03 12:00:42,926 - INFO - 抽出成功: extracted_kana07_0008.png
2025-08-03 12:00:42,927 - INFO - [10/42] 処理中: kana07_0009.jpg
2025-08-03 12:00:43,534 - INFO - 抽出成功: extracted_kana07_0009.png
2025-08-03 12:00:43,534 - INFO - KANA07: 10/42枚完了 (成功:10, 失敗:0)
2025-08-03 12:00:43,534 - INFO - [11/42] 処理中: kana07_0010.jpg
2025-08-03 12:00:44,220 - INFO - 抽出成功: extracted_kana07_0010.png
2025-08-03 12:00:44,220 - INFO - [12/42] 処理中: kana07_0011.jpg
2025-08-03 12:00:44,858 - INFO - 抽出成功: extracted_kana07_0011.png
2025-08-03 12:00:44,858 - INFO - [13/42] 処理中: kana07_0012.jpg
2025-08-03 12:00:45,476 - INFO - 抽出成功: extracted_kana07_0012.png
2025-08-03 12:00:45,476 - INFO - [14/42] 処理中: kana07_0013.jpg
2025-08-03 12:00:46,164 - INFO - 抽出成功: extracted_kana07_0013.png
2025-08-03 12:00:46,164 - INFO - [15/42] 処理中: kana07_0014.jpg
2025-08-03 12:00:46,712 - INFO - 抽出成功: extracted_kana07_0014.png
2025-08-03 12:00:46,712 - INFO - [16/42] 処理中: kana07_0015.jpg
2025-08-03 12:00:47,557 - INFO - 抽出成功: extracted_kana07_0015.png
2025-08-03 12:00:47,558 - INFO - [17/42] 処理中: kana07_0016.jpg
2025-08-03 12:00:48,122 - INFO - 抽出成功: extracted_kana07_0016.png
2025-08-03 12:00:48,122 - INFO - [18/42] 処理中: kana07_0017.jpg
2025-08-03 12:00:48,748 - INFO - 抽出成功: extracted_kana07_0017.png
2025-08-03 12:00:48,748 - INFO - [19/42] 処理中: kana07_0018.jpg
2025-08-03 12:00:49,324 - INFO - 抽出成功: extracted_kana07_0018.png
2025-08-03 12:00:49,324 - INFO - [20/42] 処理中: kana07_0019.jpg
2025-08-03 12:00:49,874 - INFO - 抽出成功: extracted_kana07_0019.png
2025-08-03 12:00:49,875 - INFO - KANA07: 20/42枚完了 (成功:20, 失敗:0)
2025-08-03 12:00:49,875 - INFO - [21/42] 処理中: kana07_0020.jpg
2025-08-03 12:00:50,463 - INFO - 抽出成功: extracted_kana07_0020.png
2025-08-03 12:00:50,464 - INFO - [22/42] 処理中: kana07_0021.jpg
2025-08-03 12:00:51,031 - INFO - 抽出成功: extracted_kana07_0021.png
2025-08-03 12:00:51,031 - INFO - [23/42] 処理中: kana07_0022.jpg
2025-08-03 12:00:51,630 - INFO - 抽出成功: extracted_kana07_0022.png
2025-08-03 12:00:51,630 - INFO - [24/42] 処理中: kana07_0023.jpg
2025-08-03 12:00:52,363 - INFO - 抽出成功: extracted_kana07_0023.png
2025-08-03 12:00:52,363 - INFO - [25/42] 処理中: kana07_0024.jpg
2025-08-03 12:00:52,917 - INFO - 抽出成功: extracted_kana07_0024.png
2025-08-03 12:00:52,917 - INFO - [26/42] 処理中: kana07_0025.jpg
2025-08-03 12:00:53,459 - INFO - 抽出成功: extracted_kana07_0025.png
2025-08-03 12:00:53,460 - INFO - [27/42] 処理中: kana07_0026.jpg
2025-08-03 12:00:54,070 - INFO - 抽出成功: extracted_kana07_0026.png
2025-08-03 12:00:54,071 - INFO - [28/42] 処理中: kana07_0027.jpg
2025-08-03 12:00:54,675 - INFO - 抽出成功: extracted_kana07_0027.png
2025-08-03 12:00:54,675 - INFO - [29/42] 処理中: kana07_0028.jpg
2025-08-03 12:00:55,276 - INFO - 抽出成功: extracted_kana07_0028.png
2025-08-03 12:00:55,276 - INFO - [30/42] 処理中: kana07_0029.jpg
2025-08-03 12:00:55,825 - INFO - 抽出成功: extracted_kana07_0029.png
2025-08-03 12:00:55,825 - INFO - KANA07: 30/42枚完了 (成功:30, 失敗:0)
2025-08-03 12:00:55,826 - INFO - [31/42] 処理中: kana07_0030.jpg
2025-08-03 12:00:56,584 - INFO - 抽出成功: extracted_kana07_0030.png
2025-08-03 12:00:56,585 - INFO - [32/42] 処理中: kana07_0031.jpg
2025-08-03 12:00:57,274 - INFO - 抽出成功: extracted_kana07_0031.png
2025-08-03 12:00:57,275 - INFO - [33/42] 処理中: kana07_0032.jpg
2025-08-03 12:00:58,056 - INFO - 抽出成功: extracted_kana07_0032.png
2025-08-03 12:00:58,057 - INFO - [34/42] 処理中: kana07_0033.jpg
2025-08-03 12:00:58,705 - INFO - 抽出成功: extracted_kana07_0033.png
2025-08-03 12:00:58,706 - INFO - [35/42] 処理中: kana07_0034.jpg
2025-08-03 12:00:59,487 - INFO - 抽出成功: extracted_kana07_0034.png
2025-08-03 12:00:59,487 - INFO - [36/42] 処理中: kana07_0035.jpg
2025-08-03 12:01:00,101 - INFO - 抽出成功: extracted_kana07_0035.png
2025-08-03 12:01:00,101 - INFO - [37/42] 処理中: kana07_0036.jpg
2025-08-03 12:01:00,700 - INFO - 抽出成功: extracted_kana07_0036.png
2025-08-03 12:01:00,700 - INFO - [38/42] 処理中: kana07_0037.jpg
2025-08-03 12:01:01,232 - INFO - 抽出成功: extracted_kana07_0037.png
2025-08-03 12:01:01,233 - INFO - [39/42] 処理中: kana07_0038.jpg
2025-08-03 12:01:01,774 - INFO - 抽出成功: extracted_kana07_0038.png
2025-08-03 12:01:01,774 - INFO - [40/42] 処理中: kana07_0039.jpg
2025-08-03 12:01:02,315 - INFO - 抽出成功: extracted_kana07_0039.png
2025-08-03 12:01:02,315 - INFO - KANA07: 40/42枚完了 (成功:40, 失敗:0)
2025-08-03 12:01:02,316 - INFO - [41/42] 処理中: kana07_0040.jpg
2025-08-03 12:01:02,866 - INFO - 抽出成功: extracted_kana07_0040.png
2025-08-03 12:01:02,866 - INFO - [42/42] 処理中: kana07_0041cover.jpg
2025-08-03 12:01:03,350 - INFO - 抽出成功: extracted_kana07_0041cover.png
2025-08-03 12:01:03,350 - INFO - KANA07: 42/42枚完了 (成功:42, 失敗:0)
2025-08-03 12:01:03,351 - INFO - Pushover未設定: 🎯 KANA07 抽出完了
📊 42/42枚成功 (100.0%)
❌ 失敗: 0枚
📁 出力: /mnt/c/AItools/lora/train/yado/tracker-workspace/workspace/QC-KANA07/
2025-08-03 12:01:03,351 - INFO - === KANA07 完了: 成功42/42 ===
2025-08-03 12:01:03,351 - INFO - Pushover未設定: 🎉 QC抽出全体完了
📊 総計: 107/107枚
⏱️ 処理時間: 1.1分
📈 全体成功率: 100.0%

📁 結果:
• KANA08: 26/26枚
• KANA05: 39/39枚  
• KANA07: 42/42枚
2025-08-03 12:01:03,352 - INFO - === QC品質調査バッチ抽出完了 ===
