🔧 PH2-004-RESOURCE: リソース最適化実行
⏰ 実行時刻: Sat Aug 16 01:33:06 JST 2025
📊 最適化前の状況:
Filesystem      Size  Used Avail Use% Mounted on
C:\             1.9T  498G  1.4T  27% /mnt/c
               total        used        free      shared  buff/cache   available
Mem:            19Gi       1.2Gi        17Gi       3.0Mi       987Mi        17Gi
Swap:          8.0Gi          0B       8.0Gi
🔧 PH2-004-RESOURCE: 手動最適化実行
📊 最適化前状況:
  CPU: 3.1%, メモリ: 8.0%
✅ 最適化の必要はありません（リソース使用状況は正常範囲内）
✅ 最適化完了
📊 最適化後の状況:
Filesystem      Size  Used Avail Use% Mounted on
C:\             1.9T  498G  1.4T  27% /mnt/c
               total        used        free      shared  buff/cache   available
Mem:            19Gi       1.3Gi        17Gi       3.0Mi       988Mi        17Gi
Swap:          8.0Gi          0B       8.0Gi
⏰ 完了時刻: Sat Aug 16 01:33:07 JST 2025
📄 ログファイル: /mnt/c/AItools/segment-anything/logs/resource_monitoring/resource_monitor_20250816_013306.log
📱 Pushover通知送信試行...
==================================
🔧 PH2-004-RESOURCE 実行完了
   モード: optimize
   終了コード: 0
   ログ: /mnt/c/AItools/segment-anything/logs/resource_monitoring/resource_monitor_20250816_013306.log
==================================
